>>> Running tests with profile: ui
SLF4J(W): No SLF4J providers were found.
SLF4J(W): Defaulting to no-operation (NOP) logger implementation
SLF4J(W): See https://www.slf4j.org/codes.html#noProviders for further details.
======== THREAD <<ForkJoinPool-1-worker-2>> TEST STARTED iteration_1.ui.adminCanLoginWithCorrectDataTest() ========
Request method:	POST
Request URI:	http://backend:4111/api/v1/admin/users
Proxy:			<none>
Request params:	<none>
Query params:	<none>
Form params:	<none>
Path params:	<none>
Headers:		Accept=application/json, application/javascript, text/javascript, text/json
				Authorization=Basic YWRtaW46YWRtaW4=
				Content-Type=application/json
Cookies:		<none>
Multiparts:		<none>
Body:
{
    "username": "LDByOLtrl",
    "password": "VIRimhw214&$",
    "role": "USER"
}
Request method:	POST
Request URI:	http://backend:4111/api/v1/admin/users
Proxy:			<none>
Request params:	<none>
Query params:	<none>
Form params:	<none>
Path params:	<none>
Headers:		Accept=application/json, application/javascript, text/javascript, text/json
				Authorization=Basic YWRtaW46YWRtaW4=
				Content-Type=application/json
Cookies:		<none>
Multiparts:		<none>
Body:
{
    "username": "u24hub",
    "password": "FESwwnh930$&",
    "role": "USER"
}
Request method:	POST
Request URI:	http://backend:4111/api/v1/admin/users
Proxy:			<none>
Request params:	<none>
Query params:	<none>
Form params:	<none>
Path params:	<none>
Headers:		Accept=application/json, application/javascript, text/javascript, text/json
				Authorization=Basic YWRtaW46YWRtaW4=
				Content-Type=application/json
Cookies:		<none>
Multiparts:		<none>
Body:
{
    "username": "xRX",
    "password": "HBFhhif218%%",
    "role": "USER"
}
Request method:	POST
Request URI:	http://backend:4111/api/v1/admin/users
Proxy:			<none>
Request params:	<none>
Query params:	<none>
Form params:	<none>
Path params:	<none>
Headers:		Accept=application/json, application/javascript, text/javascript, text/json
				Authorization=Basic YWRtaW46YWRtaW4=
				Content-Type=application/json
Cookies:		<none>
Multiparts:		<none>
Body:
{
    "username": "p0fs0bwz6r4qjx",
    "password": "WWLiikc159$&",
    "role": "USER"
}
Request method:	POST
Request URI:	http://backend:4111/api/v1/admin/users
Proxy:			<none>
Request params:	<none>
Query params:	<none>
Form params:	<none>
Path params:	<none>
Headers:		Accept=application/json, application/javascript, text/javascript, text/json
				Authorization=Basic YWRtaW46YWRtaW4=
				Content-Type=application/json
Cookies:		<none>
Multiparts:		<none>
Body:
{
    "username": "Rg2CM",
    "password": "OARzbxo971%$",
    "role": "USER"
}
Request method:	POST
Request URI:	http://backend:4111/api/v1/admin/users
Proxy:			<none>
Request params:	<none>
Query params:	<none>
Form params:	<none>
Path params:	<none>
Headers:		Accept=application/json, application/javascript, text/javascript, text/json
				Authorization=Basic YWRtaW46YWRtaW4=
				Content-Type=application/json
Cookies:		<none>
Multiparts:		<none>
Body:
{
    "username": "Xaf",
    "password": "AMUxbhi281%%",
    "role": "USER"
}
HTTP/1.1 201 
Vary: Origin
Vary: Access-Control-Request-Method
Vary: Access-Control-Request-Headers
Authorization: Basic dTI0aHViOkZFU3d3bmg5MzAkJg==
X-Content-Type-Options: nosniff
X-XSS-Protection: 0
Cache-Control: no-cache, no-store, max-age=0, must-revalidate
Pragma: no-cache
Expires: 0
X-Frame-Options: DENY
Content-Type: application/json
Transfer-Encoding: chunked
Date: Thu, 13 Aug 2026 12:05:53 GMT
Keep-Alive: timeout=60
Connection: keep-alive

{
    "id": 3082,
    "username": "u24hub",
    "password": "$2a$10$11b2QGxQ/qE/ALYblYlQ0.Ct5k6QKHuRqzDyiLPdMHjktZCPavjpO",
    "name": null,
    "role": "USER",
    "accounts": [
        
    ]
}
HTTP/1.1 201 
Vary: Origin
Vary: Access-Control-Request-Method
Vary: Access-Control-Request-Headers
Authorization: Basic WGFmOkFNVXhiaGkyODElJQ==
X-Content-Type-Options: nosniff
X-XSS-Protection: 0
Cache-Control: no-cache, no-store, max-age=0, must-revalidate
Pragma: no-cache
Expires: 0
X-Frame-Options: DENY
Content-Type: application/json
Transfer-Encoding: chunked
Date: Thu, 13 Aug 2026 12:05:53 GMT
Keep-Alive: timeout=60
Connection: keep-alive

{
    "id": 3083,
    "username": "Xaf",
    "password": "$2a$10$lHIW4Vz0k0wJ/jDBEpajO.XHYrWjsLgITej/QAs9z9CcdWrCFlayO",
    "name": null,
    "role": "USER",
    "accounts": [
        
    ]
}
HTTP/1.1 201 
Vary: Origin
Vary: Access-Control-Request-Method
Vary: Access-Control-Request-Headers
Authorization: Basic cDBmczBid3o2cjRxang6V1dMaWlrYzE1OSQm
X-Content-Type-Options: nosniff
X-XSS-Protection: 0
Cache-Control: no-cache, no-store, max-age=0, must-revalidate
Pragma: no-cache
Expires: 0
X-Frame-Options: DENY
Content-Type: application/json
Transfer-Encoding: chunked
Date: Thu, 13 Aug 2026 12:05:53 GMT
Keep-Alive: timeout=60
Connection: keep-alive

{
    "id": 3080,
    "username": "p0fs0bwz6r4qjx",
    "password": "$2a$10$qAuNt9pvkHXsP7/O/GuBk.B1RRnosmrod.SpeNZDEXcm9pWhI9aAy",
    "name": null,
    "role": "USER",
    "accounts": [
        
    ]
}
HTTP/1.1 201 
Vary: Origin
Vary: Access-Control-Request-Method
Vary: Access-Control-Request-Headers
Authorization: Basic eFJYOkhCRmhoaWYyMTglJQ==
X-Content-Type-Options: nosniff
X-XSS-Protection: 0
Cache-Control: no-cache, no-store, max-age=0, must-revalidate
Pragma: no-cache
Expires: 0
X-Frame-Options: DENY
Content-Type: application/json
Transfer-Encoding: chunked
Date: Thu, 13 Aug 2026 12:05:53 GMT
Keep-Alive: timeout=60
Connection: keep-alive

{
    "id": 3078,
    "username": "xRX",
    "password": "$2a$10$K56nl80n00ur9BOOW6O7qekoDMebwZZr4UNYgZ6lLnvKdN81OnIZ.",
    "name": null,
    "role": "USER",
    "accounts": [
        
    ]
}
HTTP/1.1 201 
Vary: Origin
Vary: Access-Control-Request-Method
Vary: Access-Control-Request-Headers
Authorization: Basic TERCeU9MdHJsOlZJUmltaHcyMTQmJA==
X-Content-Type-Options: nosniff
X-XSS-Protection: 0
Cache-Control: no-cache, no-store, max-age=0, must-revalidate
Pragma: no-cache
Expires: 0
X-Frame-Options: DENY
Content-Type: application/json
Transfer-Encoding: chunked
Date: Thu, 13 Aug 2026 12:05:53 GMT
Keep-Alive: timeout=60
Connection: keep-alive

{
    "id": 3079,
    "username": "LDByOLtrl",
    "password": "$2a$10$PwY5sAlsfLSPEN8mUnUhIe7tTUoQuh4PEv8ZsgQH4TbkTWb4wiveC",
    "name": null,
    "role": "USER",
    "accounts": [
        
    ]
}
HTTP/1.1 201 
Vary: Origin
Vary: Access-Control-Request-Method
Vary: Access-Control-Request-Headers
Authorization: Basic UmcyQ006T0FSemJ4bzk3MSUk
X-Content-Type-Options: nosniff
X-XSS-Protection: 0
Cache-Control: no-cache, no-store, max-age=0, must-revalidate
Pragma: no-cache
Expires: 0
X-Frame-Options: DENY
Content-Type: application/json
Transfer-Encoding: chunked
Date: Thu, 13 Aug 2026 12:05:53 GMT
Keep-Alive: timeout=60
Connection: keep-alive

{
    "id": 3081,
    "username": "Rg2CM",
    "password": "$2a$10$bNG/ek1ajt2ZRvZLBXcxyOGfKe7DQRGAN3E2pDM7pOITG8vBgVcrq",
    "name": null,
    "role": "USER",
    "accounts": [
        
    ]
}
======== THREAD <<ForkJoinPool-1-worker-11>> TEST STARTED iteration_1.ui.userCanLoginWithCorrectDataTest() ========
Request method:	POST
Request URI:	http://backend:4111/api/v1/admin/users
Proxy:			<none>
Request params:	<none>
Query params:	<none>
Form params:	<none>
Path params:	<none>
Headers:		Accept=application/json, application/javascript, text/javascript, text/json
				Authorization=Basic YWRtaW46YWRtaW4=
				Content-Type=application/json
Cookies:		<none>
Multiparts:		<none>
Body:
{
    "username": "ZrBpxUGCnX",
    "password": "AEMviob919&%",
    "role": "USER"
}
Request method:	POST
Request URI:	http://backend:4111/api/v1/admin/users
Proxy:			<none>
Request params:	<none>
Query params:	<none>
Form params:	<none>
Path params:	<none>
Headers:		Accept=application/json, application/javascript, text/javascript, text/json
				Authorization=Basic YWRtaW46YWRtaW4=
				Content-Type=application/json
Cookies:		<none>
Multiparts:		<none>
Body:
{
    "username": "ZHgC4vGzPzc",
    "password": "RFDxkok642$%",
    "role": "USER"
}
Request method:	POST
Request URI:	http://backend:4111/api/v1/admin/users
Proxy:			<none>
Request params:	<none>
Query params:	<none>
Form params:	<none>
Path params:	<none>
Headers:		Accept=application/json, application/javascript, text/javascript, text/json
				Authorization=Basic YWRtaW46YWRtaW4=
				Content-Type=application/json
Cookies:		<none>
Multiparts:		<none>
Body:
{
    "username": "jf1KUuj3p6fQ4XY",
    "password": "YLYqvjh698$&",
    "role": "USER"
}
HTTP/1.1 201 
Vary: Origin
Vary: Access-Control-Request-Method
Vary: Access-Control-Request-Headers
Authorization: Basic WkhnQzR2R3pQemM6UkZEeGtvazY0MiQl
X-Content-Type-Options: nosniff
X-XSS-Protection: 0
Cache-Control: no-cache, no-store, max-age=0, must-revalidate
Pragma: no-cache
Expires: 0
X-Frame-Options: DENY
Content-Type: application/json
Transfer-Encoding: chunked
Date: Thu, 13 Aug 2026 12:05:53 GMT
Keep-Alive: timeout=60
Connection: keep-alive

{
    "id": 3084,
    "username": "ZHgC4vGzPzc",
    "password": "$2a$10$c6W2ufKcjDIDGRjtKi5KaeMPweJf1ca53nhX8miWsUGx7soGYbFf.",
    "name": null,
    "role": "USER",
    "accounts": [
        
    ]
}
HTTP/1.1 201 
Vary: Origin
Vary: Access-Control-Request-Method
Vary: Access-Control-Request-Headers
Authorization: Basic amYxS1V1ajNwNmZRNFhZOllMWXF2amg2OTgkJg==
X-Content-Type-Options: nosniff
X-XSS-Protection: 0
Cache-Control: no-cache, no-store, max-age=0, must-revalidate
Pragma: no-cache
Expires: 0
X-Frame-Options: DENY
Content-Type: application/json
Transfer-Encoding: chunked
Date: Thu, 13 Aug 2026 12:05:53 GMT
Keep-Alive: timeout=60
Connection: keep-alive

{
    "id": 3085,
    "username": "jf1KUuj3p6fQ4XY",
    "password": "$2a$10$2JuwppXGCsH22uhAafQSF.K.2NU5qeREEkdpTOAdgaS9c0gEOpjHq",
    "name": null,
    "role": "USER",
    "accounts": [
        
    ]
}
HTTP/1.1 201 
Vary: Origin
Vary: Access-Control-Request-Method
Vary: Access-Control-Request-Headers
Authorization: Basic WnJCcHhVR0NuWDpBRU12aW9iOTE5JiU=
X-Content-Type-Options: nosniff
X-XSS-Protection: 0
Cache-Control: no-cache, no-store, max-age=0, must-revalidate
Pragma: no-cache
Expires: 0
X-Frame-Options: DENY
Content-Type: application/json
Transfer-Encoding: chunked
Date: Thu, 13 Aug 2026 12:05:53 GMT
Keep-Alive: timeout=60
Connection: keep-alive

{
    "id": 3086,
    "username": "ZrBpxUGCnX",
    "password": "$2a$10$8WCaJ69yAvEPpBrG2n7UjeiR5Zt0kS2Og6RyB5gaowTJvik0zVSq6",
    "name": null,
    "role": "USER",
    "accounts": [
        
    ]
}
Aug 13, 2026 12:05:54 PM org.openqa.selenium.devtools.DevToolsProvider getImplementation
INFO: WebDriver augmented with DevTools interface; connection will not be verified until first use.
Aug 13, 2026 12:05:54 PM org.openqa.selenium.devtools.DevToolsProvider getImplementation
INFO: WebDriver augmented with DevTools interface; connection will not be verified until first use.
Aug 13, 2026 12:05:54 PM org.openqa.selenium.devtools.DevToolsProvider getImplementation
INFO: WebDriver augmented with DevTools interface; connection will not be verified until first use.
Aug 13, 2026 12:05:55 PM org.openqa.selenium.devtools.DevToolsProvider getImplementation
INFO: WebDriver augmented with DevTools interface; connection will not be verified until first use.
Aug 13, 2026 12:05:55 PM org.openqa.selenium.devtools.DevToolsProvider getImplementation
INFO: WebDriver augmented with DevTools interface; connection will not be verified until first use.
======== THREAD <<ForkJoinPool-1-worker-7>> TEST STARTED iteration_1.ui.adminCanCrateUserTest() ========
======== THREAD <<ForkJoinPool-1-worker-3>> TEST STARTED iteration_1.ui.adminCannotCrateUserWithInvalidDataTest() ========
======== THREAD <<ForkJoinPool-1-worker-2>> TEST FINISHED iteration_1.ui.adminCanLoginWithCorrectDataTest(), TEST DURATION: 4504 MLS
Request method:	POST
Request URI:	http://backend:4111/api/v1/auth/login
Proxy:			<none>
Request params:	<none>
Query params:	<none>
Form params:	<none>
Path params:	<none>
Headers:		Accept=application/json, application/javascript, text/javascript, text/json
				Content-Type=application/json
Cookies:		<none>
Multiparts:		<none>
Body:
{
    "username": "u24hub",
    "password": "FESwwnh930$&"
}
HTTP/1.1 200 
Vary: Origin
Vary: Access-Control-Request-Method
Vary: Access-Control-Request-Headers
Authorization: Basic dTI0aHViOkZFU3d3bmg5MzAkJg==
X-Content-Type-Options: nosniff
X-XSS-Protection: 0
Cache-Control: no-cache, no-store, max-age=0, must-revalidate
Pragma: no-cache
Expires: 0
X-Frame-Options: DENY
Content-Type: application/json
Transfer-Encoding: chunked
Date: Thu, 13 Aug 2026 12:05:56 GMT
Keep-Alive: timeout=60
Connection: keep-alive

{
    "role": "USER",
    "username": "u24hub"
}
Request method:	POST
Request URI:	http://backend:4111/api/v1/auth/login
Proxy:			<none>
Request params:	<none>
Query params:	<none>
Form params:	<none>
Path params:	<none>
Headers:		Accept=application/json, application/javascript, text/javascript, text/json
				Content-Type=application/json
Cookies:		<none>
Multiparts:		<none>
Body:
{
    "username": "Xaf",
    "password": "AMUxbhi281%%"
}
======== THREAD <<ForkJoinPool-1-worker-9>> TEST STARTED iteration_2.ui.userCanSearchTransactionWithValidName() ========
Request method:	POST
Request URI:	http://backend:4111/api/v1/accounts
Proxy:			<none>
Request params:	<none>
Query params:	<none>
Form params:	<none>
Path params:	<none>
Headers:		Accept=application/json, application/javascript, text/javascript, text/json
				Authorization=Basic dTI0aHViOkZFU3d3bmg5MzAkJg==
				Content-Type=application/json
Cookies:		<none>
Multiparts:		<none>
Body:			<none>
HTTP/1.1 200 
Vary: Origin
Vary: Access-Control-Request-Method
Vary: Access-Control-Request-Headers
Authorization: Basic WGFmOkFNVXhiaGkyODElJQ==
X-Content-Type-Options: nosniff
X-XSS-Protection: 0
Cache-Control: no-cache, no-store, max-age=0, must-revalidate
Pragma: no-cache
Expires: 0
X-Frame-Options: DENY
Content-Type: application/json
Transfer-Encoding: chunked
Date: Thu, 13 Aug 2026 12:05:56 GMT
Keep-Alive: timeout=60
Connection: keep-alive

{
    "role": "USER",
    "username": "Xaf"
}
======== THREAD <<ForkJoinPool-1-worker-5>> TEST STARTED iteration_2.ui.userCannotDepositWithInvalidData() ========
HTTP/1.1 201 
Vary: Origin
Vary: Access-Control-Request-Method
Vary: Access-Control-Request-Headers
X-Content-Type-Options: nosniff
X-XSS-Protection: 0
Cache-Control: no-cache, no-store, max-age=0, must-revalidate
Pragma: no-cache
Expires: 0
X-Frame-Options: DENY
Content-Type: application/json
Transfer-Encoding: chunked
Date: Thu, 13 Aug 2026 12:05:56 GMT
Keep-Alive: timeout=60
Connection: keep-alive

{
    "id": 3083,
    "accountNumber": "ACCFC4024DB",
    "balance": 0,
    "transactions": [
        
    ]
}
Request method:	POST
Request URI:	http://backend:4111/api/v1/accounts
Proxy:			<none>
Request params:	<none>
Query params:	<none>
Form params:	<none>
Path params:	<none>
Headers:		Accept=application/json, application/javascript, text/javascript, text/json
				Authorization=Basic WGFmOkFNVXhiaGkyODElJQ==
				Content-Type=application/json
Cookies:		<none>
Multiparts:		<none>
Body:			<none>
Request method:	PUT
Request URI:	http://backend:4111/api/v1/customer/profile
Proxy:			<none>
Request params:	<none>
Query params:	<none>
Form params:	<none>
Path params:	<none>
Headers:		Accept=application/json, application/javascript, text/javascript, text/json
				Authorization=Basic dTI0aHViOkZFU3d3bmg5MzAkJg==
				Content-Type=application/json
Cookies:		<none>
Multiparts:		<none>
Body:
{
    "name": "NxGUdejyGEl qNWByf"
}
HTTP/1.1 200 
Vary: Origin
Vary: Access-Control-Request-Method
Vary: Access-Control-Request-Headers
X-Content-Type-Options: nosniff
X-XSS-Protection: 0
Cache-Control: no-cache, no-store, max-age=0, must-revalidate
Pragma: no-cache
Expires: 0
X-Frame-Options: DENY
Content-Type: application/json
Transfer-Encoding: chunked
Date: Thu, 13 Aug 2026 12:05:56 GMT
Keep-Alive: timeout=60
Connection: keep-alive

{
    "customer": {
        "id": 3082,
        "username": "u24hub",
        "password": "$2a$10$11b2QGxQ/qE/ALYblYlQ0.Ct5k6QKHuRqzDyiLPdMHjktZCPavjpO",
        "name": "NxGUdejyGEl qNWByf",
        "role": "USER",
        "accounts": [
            {
                "id": 3083,
                "accountNumber": "ACCFC4024DB",
                "balance": 0.00,
                "transactions": [
                    
                ]
            }
        ]
    },
    "message": "Profile updated successfully"
}
HTTP/1.1 201 
Vary: Origin
Vary: Access-Control-Request-Method
Vary: Access-Control-Request-Headers
X-Content-Type-Options: nosniff
X-XSS-Protection: 0
Cache-Control: no-cache, no-store, max-age=0, must-revalidate
Pragma: no-cache
Expires: 0
X-Frame-Options: DENY
Content-Type: application/json
Transfer-Encoding: chunked
Date: Thu, 13 Aug 2026 12:05:56 GMT
Keep-Alive: timeout=60
Connection: keep-alive

{
    "id": 3084,
    "accountNumber": "ACCA121599E",
    "balance": 0,
    "transactions": [
        
    ]
}
Request method:	POST
Request URI:	http://backend:4111/api/v1/accounts/deposit
Proxy:			<none>
Request params:	<none>
Query params:	<none>
Form params:	<none>
Path params:	<none>
Headers:		Accept=application/json, application/javascript, text/javascript, text/json
				Authorization=Basic dTI0aHViOkZFU3d3bmg5MzAkJg==
				Content-Type=application/json
Cookies:		<none>
Multiparts:		<none>
Body:
{
    "id": 3083,
    "balance": 5000.0
}
HTTP/1.1 200 
Vary: Origin
Vary: Access-Control-Request-Method
Vary: Access-Control-Request-Headers
X-Content-Type-Options: nosniff
X-XSS-Protection: 0
Cache-Control: no-cache, no-store, max-age=0, must-revalidate
Pragma: no-cache
Expires: 0
X-Frame-Options: DENY
Content-Type: application/json
Transfer-Encoding: chunked
Date: Thu, 13 Aug 2026 12:05:57 GMT
Keep-Alive: timeout=60
Connection: keep-alive

{
    "id": 3083,
    "accountNumber": "ACCFC4024DB",
    "balance": 5000.00,
    "transactions": [
        {
            "id": 2845,
            "amount": 5000.0,
            "type": "DEPOSIT",
            "timestamp": "2026-08-13T12:05:57.23851359",
            "timestampAsString": "2026-08-13T12:05:57.238513590",
            "relatedAccountId": 3083,
            "amountAsDouble": 5000.0
        }
    ]
}
======== THREAD <<ForkJoinPool-1-worker-9>> TEST FINISHED iteration_2.ui.userCanSearchTransactionWithValidName(), TEST DURATION: 789 MLS
Request method:	DELETE
Request URI:	http://backend:4111/api/v1/admin/users/3082
Proxy:			<none>
Request params:	<none>
Query params:	<none>
Form params:	<none>
Path params:	<none>
Headers:		Accept=application/json, application/javascript, text/javascript, text/json
				Authorization=Basic YWRtaW46YWRtaW4=
				Content-Type=application/json
Cookies:		<none>
Multiparts:		<none>
Body:			<none>
======== THREAD <<ForkJoinPool-1-worker-5>> TEST FINISHED iteration_2.ui.userCannotDepositWithInvalidData(), TEST DURATION: 773 MLS
Request method:	DELETE
Request URI:	http://backend:4111/api/v1/admin/users/3083
Proxy:			<none>
Request params:	<none>
Query params:	<none>
Form params:	<none>
Path params:	<none>
Headers:		Accept=application/json, application/javascript, text/javascript, text/json
				Authorization=Basic YWRtaW46YWRtaW4=
				Content-Type=application/json
Cookies:		<none>
Multiparts:		<none>
Body:			<none>
HTTP/1.1 200 
Vary: Origin
Vary: Access-Control-Request-Method
Vary: Access-Control-Request-Headers
X-Content-Type-Options: nosniff
X-XSS-Protection: 0
Cache-Control: no-cache, no-store, max-age=0, must-revalidate
Pragma: no-cache
Expires: 0
X-Frame-Options: DENY
Content-Type: application/json
Content-Length: 39
Date: Thu, 13 Aug 2026 12:05:57 GMT
Keep-Alive: timeout=60
Connection: keep-alive

User with ID 3082 deleted successfully.
HTTP/1.1 200 
Vary: Origin
Vary: Access-Control-Request-Method
Vary: Access-Control-Request-Headers
X-Content-Type-Options: nosniff
X-XSS-Protection: 0
Cache-Control: no-cache, no-store, max-age=0, must-revalidate
Pragma: no-cache
Expires: 0
X-Frame-Options: DENY
Content-Type: application/json
Content-Length: 39
Date: Thu, 13 Aug 2026 12:05:57 GMT
Keep-Alive: timeout=60
Connection: keep-alive

User with ID 3083 deleted successfully.
Aug 13, 2026 12:05:58 PM org.openqa.selenium.devtools.DevToolsProvider getImplementation
INFO: WebDriver augmented with DevTools interface; connection will not be verified until first use.
Request method:	GET
Request URI:	http://backend:4111/api/v1/admin/users
Proxy:			<none>
Request params:	<none>
Query params:	<none>
Form params:	<none>
Path params:	<none>
Headers:		Accept=application/json, application/javascript, text/javascript, text/json
				Authorization=Basic YWRtaW46YWRtaW4=
				Content-Type=application/json
Cookies:		<none>
Multiparts:		<none>
Body:			<none>
HTTP/1.1 200 
Vary: Origin
Vary: Access-Control-Request-Method
Vary: Access-Control-Request-Headers
X-Content-Type-Options: nosniff
X-XSS-Protection: 0
Cache-Control: no-cache, no-store, max-age=0, must-revalidate
Pragma: no-cache
Expires: 0
X-Frame-Options: DENY
Content-Type: application/json
Transfer-Encoding: chunked
Date: Thu, 13 Aug 2026 12:05:59 GMT
Keep-Alive: timeout=60
Connection: keep-alive

[
    {
        "id": 3084,
        "username": "ZHgC4vGzPzc",
        "name": null,
        "role": "USER",
        "accounts": [
            
        ]
    },
    {
        "id": 1423,
        "username": "Pt6JvU101iTnna",
        "name": null,
        "role": "USER",
        "accounts": [
            
        ]
    },
    {
        "id": 1398,
        "username": "nNL",
        "name": null,
        "role": "USER",
        "accounts": [
            
        ]
    },
    {
        "id": 1387,
        "username": "hYK4HgpimKeOce",
        "name": null,
        "role": "USER",
        "accounts": [
            
        ]
    },
    {
        "id": 3079,
        "username": "LDByOLtrl",
        "name": null,
        "role": "USER",
        "accounts": [
            
        ]
    },
    {
        "id": 1409,
        "username": "srUPt",
        "name": null,
        "role": "USER",
        "accounts": [
            
        ]
    },
    {
        "id": 1793,
        "username": "HfCLZWoDTmS",
        "name": null,
        "role": "USER",
        "accounts": [
            
        ]
    },
    {
        "id": 1388,
        "username": "6AG",
        "name": null,
        "role": "USER",
        "accounts": [
            
        ]
    },
    {
        "id": 1734,
        "username": "OsmzYH",
        "name": null,
        "role": "USER",
        "accounts": [
            
        ]
    },
    {
        "id": 1410,
        "username": "twCgQChcwsj",
        "name": null,
        "role": "USER",
        "accounts": [
            
        ]
    },
    {
        "id": 1395,
        "username": "gsO",
        "name": null,
        "role": "USER",
        "accounts": [
            
        ]
    },
    {
        "id": 318,
        "username": "wI4C",
        "name": null,
        "role": "USER",
        "accounts": [
            
        ]
    },
    {
        "id": 1378,
        "username": "vs3dJH",
        "name": null,
        "role": "USER",
        "accounts": [
            
        ]
    },
    {
        "id": 1987,
        "username": "PFZ45D7",
        "name": null,
        "role": "USER",
        "accounts": [
            
        ]
    },
    {
        "id": 3078,
        "username": "xRX",
        "name": null,
        "role": "USER",
        "accounts": [
            
        ]
    },
    {
        "id": 3081,
        "username": "Rg2CM",
        "name": null,
        "role": "USER",
        "accounts": [
            
        ]
    },
    {
        "id": 1372,
        "username": "vl38yXm",
        "name": null,
        "role": "USER",
        "accounts": [
            
        ]
    },
    {
        "id": 1849,
        "username": "KJ96tEpE1Agh",
        "name": null,
        "role": "USER",
        "accounts": [
            
        ]
    },
    {
        "id": 1403,
        "username": "4HjmBOAxT",
        "name": null,
        "role": "USER",
        "accounts": [
            
        ]
    },
    {
        "id": 1397,
        "username": "9p2aRwfn",
        "name": null,
        "role": "USER",
        "accounts": [
            
        ]
    },
    {
        "id": 1399,
        "username": "CYRNH4",
        "name": null,
        "role": "USER",
        "accounts": [
            
        ]
    },
    {
        "id": 3087,
        "username": "igVHkMr",
        "name": null,
        "role": "USER",
        "accounts": [
            
        ]
    },
    {
        "id": 1570,
        "username": "tPPeM0d",
        "name": null,
        "role": "USER",
        "accounts": [
            
        ]
    },
    {
        "id": 1375,
        "username": "E4KN8LKlXN2Sq",
        "name": null,
        "role": "USER",
        "accounts": [
            
        ]
    },
    {
        "id": 1514,
        "username": "FEMXGwVNjSjOmXm",
        "name": null,
        "role": "USER",
        "accounts": [
            
        ]
    },
    {
        "id": 1384,
        "username": "RDfJiGRD3R",
        "name": null,
        "role": "USER",
        "accounts": [
            
        ]
    },
    {
        "id": 1377,
        "username": "tBCbi",
        "name": null,
        "role": "USER",
        "accounts": [
            
        ]
    },
    {
        "id": 3085,
        "username": "jf1KUuj3p6fQ4XY",
        "name": null,
        "role": "USER",
        "accounts": [
            
        ]
    },
    {
        "id": 1393,
        "username": "tF7wYnVij460",
        "name": null,
        "role": "USER",
        "accounts": [
            
        ]
    },
    {
        "id": 2,
        "username": "john_doe",
        "name": "John Doe",
        "role": "USER",
        "accounts": [
            {
                "id": 1,
                "accountNumber": "ACC12345678",
                "balance": 1000.00,
                "transactions": [
                    {
                        "id": 1,
                        "amount": 1000.00,
                        "type": "DEPOSIT",
                        "timestamp": "2024-01-01T10:00:00",
                        "relatedAccountId": null
                    }
                ]
            }
        ]
    },
    {
        "id": 1396,
        "username": "XJ3E4w272dv",
        "name": null,
        "role": "USER",
        "accounts": [
            
        ]
    },
    {
        "id": 1386,
        "username": "dzbMsr",
        "name": null,
        "role": "USER",
        "accounts": [
            
        ]
    },
    {
        "id": 1376,
        "username": "aEppdA8",
        "name": null,
        "role": "USER",
        "accounts": [
            
        ]
    },
    {
        "id": 1370,
        "username": "xv6wt9uY7B3T",
        "name": null,
        "role": "USER",
        "accounts": [
            
        ]
    },
    {
        "id": 1413,
        "username": "7E6Q",
        "name": null,
        "role": "USER",
        "accounts": [
            
        ]
    },
    {
        "id": 1390,
        "username": "N3PLUX",
        "name": null,
        "role": "USER",
        "accounts": [
            
        ]
    },
    {
        "id": 4,
        "username": "bob_wilson",
        "name": "Bob Wilson",
        "role": "USER",
        "accounts": [
            {
                "id": 3,
                "accountNumber": "ACC11223344",
                "balance": 500.25,
                "transactions": [
                    {
                        "id": 4,
                        "amount": 500.25,
                        "type": "DEPOSIT",
                        "timestamp": "2024-01-04T16:45:00",
                        "relatedAccountId": null
                    }
                ]
            }
        ]
    },
    {
        "id": 1405,
        "username": "iQbPL4KxKYaJU",
        "name": null,
        "role": "USER",
        "accounts": [
            
        ]
    },
    {
        "id": 1385,
        "username": "oLYEu3iaFkhiju",
        "name": null,
        "role": "USER",
        "accounts": [
            
        ]
    },
    {
        "id": 1379,
        "username": "UiL7V7nREc9HZh",
        "name": null,
        "role": "USER",
        "accounts": [
            
        ]
    },
    {
        "id": 1404,
        "username": "y78RSY4iUvi99e",
        "name": null,
        "role": "USER",
        "accounts": [
            
        ]
    },
    {
        "id": 1406,
        "username": "IhOYMmcVv",
        "name": null,
        "role": "USER",
        "accounts": [
            
        ]
    },
    {
        "id": 1389,
        "username": "Wwo6xUGbzQ",
        "name": null,
        "role": "USER",
        "accounts": [
            
        ]
    },
    {
        "id": 1401,
        "username": "61Ykb9X5KE",
        "name": null,
        "role": "USER",
        "accounts": [
            
        ]
    },
    {
        "id": 1919,
        "username": "hBSBa1Irk",
        "name": null,
        "role": "USER",
        "accounts": [
            
        ]
    },
    {
        "id": 1407,
        "username": "3Gs57ZDgm",
        "name": null,
        "role": "USER",
        "accounts": [
            
        ]
    },
    {
        "id": 1381,
        "username": "jhIyOQoz6q0Hd",
        "name": null,
        "role": "USER",
        "accounts": [
            
        ]
    },
    {
        "id": 1391,
        "username": "p39y",
        "name": null,
        "role": "USER",
        "accounts": [
            
        ]
    },
    {
        "id": 1374,
        "username": "3NIqVirjUMGc",
        "name": null,
        "role": "USER",
        "accounts": [
            
        ]
    },
    {
        "id": 3,
        "username": "jane_smith",
        "name": "Jane Smith",
        "role": "USER",
        "accounts": [
            {
                "id": 2,
                "accountNumber": "ACC87654321",
                "balance": 2500.50,
                "transactions": [
                    {
                        "id": 2,
                        "amount": 500.50,
                        "type": "DEPOSIT",
                        "timestamp": "2024-01-02T14:30:00",
                        "relatedAccountId": null
                    },
                    {
                        "id": 3,
                        "amount": 2500.00,
                        "type": "DEPOSIT",
                        "timestamp": "2024-01-03T09:15:00",
                        "relatedAccountId": null
                    }
                ]
            }
        ]
    },
    {
        "id": 1392,
        "username": "mG4XU9QNlHoGe6",
        "name": null,
        "role": "USER",
        "accounts": [
            
        ]
    },
    {
        "id": 1380,
        "username": "3GrqkzvAj7K",
        "name": null,
        "role": "USER",
        "accounts": [
            
        ]
    },
    {
        "id": 1679,
        "username": "7Uu6nwvwifpRpo",
        "name": null,
        "role": "USER",
        "accounts": [
            
        ]
    },
    {
        "id": 846,
        "username": "5Q07wAxVZiDB",
        "name": null,
        "role": "USER",
        "accounts": [
            
        ]
    },
    {
        "id": 3086,
        "username": "ZrBpxUGCnX",
        "name": null,
        "role": "USER",
        "accounts": [
            
        ]
    },
    {
        "id": 1,
        "username": "admin",
        "name": "System Administrator",
        "role": "ADMIN",
        "accounts": [
            
        ]
    },
    {
        "id": 319,
        "username": "JQFNRz2n2k8",
        "name": null,
        "role": "USER",
        "accounts": [
            
        ]
    },
    {
        "id": 1618,
        "username": "HCa",
        "name": null,
        "role": "USER",
        "accounts": [
            
        ]
    },
    {
        "id": 1400,
        "username": "nv3tCbsLsk",
        "name": null,
        "role": "USER",
        "accounts": [
            
        ]
    },
    {
        "id": 1383,
        "username": "NL2SyWb0l",
        "name": null,
        "role": "USER",
        "accounts": [
            
        ]
    },
    {
        "id": 1369,
        "username": "kG8PoAYaaBun",
        "name": null,
        "role": "USER",
        "accounts": [
            
        ]
    },
    {
        "id": 1373,
        "username": "mY2HVIhOON23",
        "name": null,
        "role": "USER",
        "accounts": [
            
        ]
    },
    {
        "id": 1408,
        "username": "ZvtuHBlqP",
        "name": null,
        "role": "USER",
        "accounts": [
            
        ]
    },
    {
        "id": 3080,
        "username": "p0fs0bwz6r4qjx",
        "name": null,
        "role": "USER",
        "accounts": [
            
        ]
    },
    {
        "id": 1411,
        "username": "MELeueqbzy",
        "name": null,
        "role": "USER",
        "accounts": [
            
        ]
    }
]
======== THREAD <<ForkJoinPool-1-worker-3>> TEST FINISHED iteration_1.ui.adminCannotCrateUserWithInvalidDataTest(), TEST DURATION: 3323 MLS
Request method:	GET
Request URI:	http://backend:4111/api/v1/admin/users
Proxy:			<none>
Request params:	<none>
Query params:	<none>
Form params:	<none>
Path params:	<none>
Headers:		Accept=application/json, application/javascript, text/javascript, text/json
				Authorization=Basic YWRtaW46YWRtaW4=
				Content-Type=application/json
Cookies:		<none>
Multiparts:		<none>
Body:			<none>
HTTP/1.1 200 
Vary: Origin
Vary: Access-Control-Request-Method
Vary: Access-Control-Request-Headers
X-Content-Type-Options: nosniff
X-XSS-Protection: 0
Cache-Control: no-cache, no-store, max-age=0, must-revalidate
Pragma: no-cache
Expires: 0
X-Frame-Options: DENY
Content-Type: application/json
Transfer-Encoding: chunked
Date: Thu, 13 Aug 2026 12:05:59 GMT
Keep-Alive: timeout=60
Connection: keep-alive

[
    {
        "id": 3084,
        "username": "ZHgC4vGzPzc",
        "name": null,
        "role": "USER",
        "accounts": [
            
        ]
    },
    {
        "id": 1423,
        "username": "Pt6JvU101iTnna",
        "name": null,
        "role": "USER",
        "accounts": [
            
        ]
    },
    {
        "id": 1398,
        "username": "nNL",
        "name": null,
        "role": "USER",
        "accounts": [
            
        ]
    },
    {
        "id": 1387,
        "username": "hYK4HgpimKeOce",
        "name": null,
        "role": "USER",
        "accounts": [
            
        ]
    },
    {
        "id": 3079,
        "username": "LDByOLtrl",
        "name": null,
        "role": "USER",
        "accounts": [
            
        ]
    },
    {
        "id": 1409,
        "username": "srUPt",
        "name": null,
        "role": "USER",
        "accounts": [
            
        ]
    },
    {
        "id": 1793,
        "username": "HfCLZWoDTmS",
        "name": null,
        "role": "USER",
        "accounts": [
            
        ]
    },
    {
        "id": 1388,
        "username": "6AG",
        "name": null,
        "role": "USER",
        "accounts": [
            
        ]
    },
    {
        "id": 1734,
        "username": "OsmzYH",
        "name": null,
        "role": "USER",
        "accounts": [
            
        ]
    },
    {
        "id": 1410,
        "username": "twCgQChcwsj",
        "name": null,
        "role": "USER",
        "accounts": [
            
        ]
    },
    {
        "id": 1395,
        "username": "gsO",
        "name": null,
        "role": "USER",
        "accounts": [
            
        ]
    },
    {
        "id": 318,
        "username": "wI4C",
        "name": null,
        "role": "USER",
        "accounts": [
            
        ]
    },
    {
        "id": 1378,
        "username": "vs3dJH",
        "name": null,
        "role": "USER",
        "accounts": [
            
        ]
    },
    {
        "id": 1987,
        "username": "PFZ45D7",
        "name": null,
        "role": "USER",
        "accounts": [
            
        ]
    },
    {
        "id": 3078,
        "username": "xRX",
        "name": null,
        "role": "USER",
        "accounts": [
            
        ]
    },
    {
        "id": 3081,
        "username": "Rg2CM",
        "name": null,
        "role": "USER",
        "accounts": [
            
        ]
    },
    {
        "id": 1372,
        "username": "vl38yXm",
        "name": null,
        "role": "USER",
        "accounts": [
            
        ]
    },
    {
        "id": 1849,
        "username": "KJ96tEpE1Agh",
        "name": null,
        "role": "USER",
        "accounts": [
            
        ]
    },
    {
        "id": 1403,
        "username": "4HjmBOAxT",
        "name": null,
        "role": "USER",
        "accounts": [
            
        ]
    },
    {
        "id": 1397,
        "username": "9p2aRwfn",
        "name": null,
        "role": "USER",
        "accounts": [
            
        ]
    },
    {
        "id": 1399,
        "username": "CYRNH4",
        "name": null,
        "role": "USER",
        "accounts": [
            
        ]
    },
    {
        "id": 3087,
        "username": "igVHkMr",
        "name": null,
        "role": "USER",
        "accounts": [
            
        ]
    },
    {
        "id": 1570,
        "username": "tPPeM0d",
        "name": null,
        "role": "USER",
        "accounts": [
            
        ]
    },
    {
        "id": 1375,
        "username": "E4KN8LKlXN2Sq",
        "name": null,
        "role": "USER",
        "accounts": [
            
        ]
    },
    {
        "id": 1514,
        "username": "FEMXGwVNjSjOmXm",
        "name": null,
        "role": "USER",
        "accounts": [
            
        ]
    },
    {
        "id": 1384,
        "username": "RDfJiGRD3R",
        "name": null,
        "role": "USER",
        "accounts": [
            
        ]
    },
    {
        "id": 1377,
        "username": "tBCbi",
        "name": null,
        "role": "USER",
        "accounts": [
            
        ]
    },
    {
        "id": 3085,
        "username": "jf1KUuj3p6fQ4XY",
        "name": null,
        "role": "USER",
        "accounts": [
            
        ]
    },
    {
        "id": 1393,
        "username": "tF7wYnVij460",
        "name": null,
        "role": "USER",
        "accounts": [
            
        ]
    },
    {
        "id": 2,
        "username": "john_doe",
        "name": "John Doe",
        "role": "USER",
        "accounts": [
            {
                "id": 1,
                "accountNumber": "ACC12345678",
                "balance": 1000.00,
                "transactions": [
                    {
                        "id": 1,
                        "amount": 1000.00,
                        "type": "DEPOSIT",
                        "timestamp": "2024-01-01T10:00:00",
                        "relatedAccountId": null
                    }
                ]
            }
        ]
    },
    {
        "id": 1396,
        "username": "XJ3E4w272dv",
        "name": null,
        "role": "USER",
        "accounts": [
            
        ]
    },
    {
        "id": 1386,
        "username": "dzbMsr",
        "name": null,
        "role": "USER",
        "accounts": [
            
        ]
    },
    {
        "id": 1376,
        "username": "aEppdA8",
        "name": null,
        "role": "USER",
        "accounts": [
            
        ]
    },
    {
        "id": 1370,
        "username": "xv6wt9uY7B3T",
        "name": null,
        "role": "USER",
        "accounts": [
            
        ]
    },
    {
        "id": 1413,
        "username": "7E6Q",
        "name": null,
        "role": "USER",
        "accounts": [
            
        ]
    },
    {
        "id": 1390,
        "username": "N3PLUX",
        "name": null,
        "role": "USER",
        "accounts": [
            
        ]
    },
    {
        "id": 4,
        "username": "bob_wilson",
        "name": "Bob Wilson",
        "role": "USER",
        "accounts": [
            {
                "id": 3,
                "accountNumber": "ACC11223344",
                "balance": 500.25,
                "transactions": [
                    {
                        "id": 4,
                        "amount": 500.25,
                        "type": "DEPOSIT",
                        "timestamp": "2024-01-04T16:45:00",
                        "relatedAccountId": null
                    }
                ]
            }
        ]
    },
    {
        "id": 1405,
        "username": "iQbPL4KxKYaJU",
        "name": null,
        "role": "USER",
        "accounts": [
            
        ]
    },
    {
        "id": 1385,
        "username": "oLYEu3iaFkhiju",
        "name": null,
        "role": "USER",
        "accounts": [
            
        ]
    },
    {
        "id": 1379,
        "username": "UiL7V7nREc9HZh",
        "name": null,
        "role": "USER",
        "accounts": [
            
        ]
    },
    {
        "id": 1404,
        "username": "y78RSY4iUvi99e",
        "name": null,
        "role": "USER",
        "accounts": [
            
        ]
    },
    {
        "id": 1406,
        "username": "IhOYMmcVv",
        "name": null,
        "role": "USER",
        "accounts": [
            
        ]
    },
    {
        "id": 1389,
        "username": "Wwo6xUGbzQ",
        "name": null,
        "role": "USER",
        "accounts": [
            
        ]
    },
    {
        "id": 1401,
        "username": "61Ykb9X5KE",
        "name": null,
        "role": "USER",
        "accounts": [
            
        ]
    },
    {
        "id": 1919,
        "username": "hBSBa1Irk",
        "name": null,
        "role": "USER",
        "accounts": [
            
        ]
    },
    {
        "id": 1407,
        "username": "3Gs57ZDgm",
        "name": null,
        "role": "USER",
        "accounts": [
            
        ]
    },
    {
        "id": 1381,
        "username": "jhIyOQoz6q0Hd",
        "name": null,
        "role": "USER",
        "accounts": [
            
        ]
    },
    {
        "id": 1391,
        "username": "p39y",
        "name": null,
        "role": "USER",
        "accounts": [
            
        ]
    },
    {
        "id": 1374,
        "username": "3NIqVirjUMGc",
        "name": null,
        "role": "USER",
        "accounts": [
            
        ]
    },
    {
        "id": 3,
        "username": "jane_smith",
        "name": "Jane Smith",
        "role": "USER",
        "accounts": [
            {
                "id": 2,
                "accountNumber": "ACC87654321",
                "balance": 2500.50,
                "transactions": [
                    {
                        "id": 2,
                        "amount": 500.50,
                        "type": "DEPOSIT",
                        "timestamp": "2024-01-02T14:30:00",
                        "relatedAccountId": null
                    },
                    {
                        "id": 3,
                        "amount": 2500.00,
                        "type": "DEPOSIT",
                        "timestamp": "2024-01-03T09:15:00",
                        "relatedAccountId": null
                    }
                ]
            }
        ]
    },
    {
        "id": 1392,
        "username": "mG4XU9QNlHoGe6",
        "name": null,
        "role": "USER",
        "accounts": [
            
        ]
    },
    {
        "id": 1380,
        "username": "3GrqkzvAj7K",
        "name": null,
        "role": "USER",
        "accounts": [
            
        ]
    },
    {
        "id": 1679,
        "username": "7Uu6nwvwifpRpo",
        "name": null,
        "role": "USER",
        "accounts": [
            
        ]
    },
    {
        "id": 846,
        "username": "5Q07wAxVZiDB",
        "name": null,
        "role": "USER",
        "accounts": [
            
        ]
    },
    {
        "id": 3086,
        "username": "ZrBpxUGCnX",
        "name": null,
        "role": "USER",
        "accounts": [
            
        ]
    },
    {
        "id": 1,
        "username": "admin",
        "name": "System Administrator",
        "role": "ADMIN",
        "accounts": [
            
        ]
    },
    {
        "id": 319,
        "username": "JQFNRz2n2k8",
        "name": null,
        "role": "USER",
        "accounts": [
            
        ]
    },
    {
        "id": 1618,
        "username": "HCa",
        "name": null,
        "role": "USER",
        "accounts": [
            
        ]
    },
    {
        "id": 1400,
        "username": "nv3tCbsLsk",
        "name": null,
        "role": "USER",
        "accounts": [
            
        ]
    },
    {
        "id": 1383,
        "username": "NL2SyWb0l",
        "name": null,
        "role": "USER",
        "accounts": [
            
        ]
    },
    {
        "id": 1369,
        "username": "kG8PoAYaaBun",
        "name": null,
        "role": "USER",
        "accounts": [
            
        ]
    },
    {
        "id": 1373,
        "username": "mY2HVIhOON23",
        "name": null,
        "role": "USER",
        "accounts": [
            
        ]
    },
    {
        "id": 1408,
        "username": "ZvtuHBlqP",
        "name": null,
        "role": "USER",
        "accounts": [
            
        ]
    },
    {
        "id": 3080,
        "username": "p0fs0bwz6r4qjx",
        "name": null,
        "role": "USER",
        "accounts": [
            
        ]
    },
    {
        "id": 1411,
        "username": "MELeueqbzy",
        "name": null,
        "role": "USER",
        "accounts": [
            
        ]
    }
]
======== THREAD <<ForkJoinPool-1-worker-7>> TEST FINISHED iteration_1.ui.adminCanCrateUserTest(), TEST DURATION: 3766 MLS
Request method:	DELETE
Request URI:	http://backend:4111/api/v1/admin/users/3087
Proxy:			<none>
Request params:	<none>
Query params:	<none>
Form params:	<none>
Path params:	<none>
Headers:		Accept=application/json, application/javascript, text/javascript, text/json
				Authorization=Basic YWRtaW46YWRtaW4=
				Content-Type=application/json
Cookies:		<none>
Multiparts:		<none>
Body:			<none>
HTTP/1.1 200 
Vary: Origin
Vary: Access-Control-Request-Method
Vary: Access-Control-Request-Headers
X-Content-Type-Options: nosniff
X-XSS-Protection: 0
Cache-Control: no-cache, no-store, max-age=0, must-revalidate
Pragma: no-cache
Expires: 0
X-Frame-Options: DENY
Content-Type: application/json
Content-Length: 39
Date: Thu, 13 Aug 2026 12:05:59 GMT
Keep-Alive: timeout=60
Connection: keep-alive

User with ID 3087 deleted successfully.
Request method:	POST
Request URI:	http://backend:4111/api/v1/auth/login
Proxy:			<none>
Request params:	<none>
Query params:	<none>
Form params:	<none>
Path params:	<none>
Headers:		Accept=application/json, application/javascript, text/javascript, text/json
				Content-Type=application/json
Cookies:		<none>
Multiparts:		<none>
Body:
{
    "username": "Rg2CM",
    "password": "OARzbxo971%$"
}
HTTP/1.1 200 
Vary: Origin
Vary: Access-Control-Request-Method
Vary: Access-Control-Request-Headers
Authorization: Basic UmcyQ006T0FSemJ4bzk3MSUk
X-Content-Type-Options: nosniff
X-XSS-Protection: 0
Cache-Control: no-cache, no-store, max-age=0, must-revalidate
Pragma: no-cache
Expires: 0
X-Frame-Options: DENY
Content-Type: application/json
Transfer-Encoding: chunked
Date: Thu, 13 Aug 2026 12:05:59 GMT
Keep-Alive: timeout=60
Connection: keep-alive

{
    "role": "USER",
    "username": "Rg2CM"
}
======== THREAD <<ForkJoinPool-1-worker-4>> TEST STARTED iteration_1.ui.userCanCreateAccountTest() ========
Aug 13, 2026 12:06:00 PM org.openqa.selenium.devtools.DevToolsProvider getImplementation
INFO: WebDriver augmented with DevTools interface; connection will not be verified until first use.
Aug 13, 2026 12:06:00 PM org.openqa.selenium.devtools.DevToolsProvider getImplementation
INFO: WebDriver augmented with DevTools interface; connection will not be verified until first use.
Request method:	GET
Request URI:	http://backend:4111/api/v1/customer/accounts
Proxy:			<none>
Request params:	<none>
Query params:	<none>
Form params:	<none>
Path params:	<none>
Headers:		Accept=application/json, application/javascript, text/javascript, text/json
				Authorization=Basic UmcyQ006T0FSemJ4bzk3MSUk
				Content-Type=application/json
Cookies:		<none>
Multiparts:		<none>
Body:			<none>
HTTP/1.1 200 
Vary: Origin
Vary: Access-Control-Request-Method
Vary: Access-Control-Request-Headers
X-Content-Type-Options: nosniff
X-XSS-Protection: 0
Cache-Control: no-cache, no-store, max-age=0, must-revalidate
Pragma: no-cache
Expires: 0
X-Frame-Options: DENY
Content-Type: application/json
Transfer-Encoding: chunked
Date: Thu, 13 Aug 2026 12:06:00 GMT
Keep-Alive: timeout=60
Connection: keep-alive

[
    {
        "id": 3085,
        "accountNumber": "ACC3CAB2BF8",
        "balance": 0.00,
        "transactions": [
            
        ]
    }
]
======== THREAD <<ForkJoinPool-1-worker-4>> TEST FINISHED iteration_1.ui.userCanCreateAccountTest(), TEST DURATION: 639 MLS
Request method:	DELETE
Request URI:	http://backend:4111/api/v1/admin/users/3081
Proxy:			<none>
Request params:	<none>
Query params:	<none>
Form params:	<none>
Path params:	<none>
Headers:		Accept=application/json, application/javascript, text/javascript, text/json
				Authorization=Basic YWRtaW46YWRtaW4=
				Content-Type=application/json
Cookies:		<none>
Multiparts:		<none>
Body:			<none>
HTTP/1.1 200 
Vary: Origin
Vary: Access-Control-Request-Method
Vary: Access-Control-Request-Headers
X-Content-Type-Options: nosniff
X-XSS-Protection: 0
Cache-Control: no-cache, no-store, max-age=0, must-revalidate
Pragma: no-cache
Expires: 0
X-Frame-Options: DENY
Content-Type: application/json
Content-Length: 39
Date: Thu, 13 Aug 2026 12:06:00 GMT
Keep-Alive: timeout=60
Connection: keep-alive

User with ID 3081 deleted successfully.
Request method:	POST
Request URI:	http://backend:4111/api/v1/auth/login
Proxy:			<none>
Request params:	<none>
Query params:	<none>
Form params:	<none>
Path params:	<none>
Headers:		Accept=application/json, application/javascript, text/javascript, text/json
				Content-Type=application/json
Cookies:		<none>
Multiparts:		<none>
Body:
{
    "username": "p0fs0bwz6r4qjx",
    "password": "WWLiikc159$&"
}
Request method:	POST
Request URI:	http://backend:4111/api/v1/auth/login
Proxy:			<none>
Request params:	<none>
Query params:	<none>
Form params:	<none>
Path params:	<none>
Headers:		Accept=application/json, application/javascript, text/javascript, text/json
				Content-Type=application/json
Cookies:		<none>
Multiparts:		<none>
Body:
{
    "username": "xRX",
    "password": "HBFhhif218%%"
}
HTTP/1.1 200 
Vary: Origin
Vary: Access-Control-Request-Method
Vary: Access-Control-Request-Headers
Authorization: Basic cDBmczBid3o2cjRxang6V1dMaWlrYzE1OSQm
X-Content-Type-Options: nosniff
X-XSS-Protection: 0
Cache-Control: no-cache, no-store, max-age=0, must-revalidate
Pragma: no-cache
Expires: 0
X-Frame-Options: DENY
Content-Type: application/json
Transfer-Encoding: chunked
Date: Thu, 13 Aug 2026 12:06:01 GMT
Keep-Alive: timeout=60
Connection: keep-alive

{
    "role": "USER",
    "username": "p0fs0bwz6r4qjx"
}
======== THREAD <<ForkJoinPool-1-worker-1>> TEST STARTED iteration_2.ui.userCannotUpdateNameWithInvalidDataTest() ========
HTTP/1.1 200 
Vary: Origin
Vary: Access-Control-Request-Method
Vary: Access-Control-Request-Headers
Authorization: Basic eFJYOkhCRmhoaWYyMTglJQ==
X-Content-Type-Options: nosniff
X-XSS-Protection: 0
Cache-Control: no-cache, no-store, max-age=0, must-revalidate
Pragma: no-cache
Expires: 0
X-Frame-Options: DENY
Content-Type: application/json
Transfer-Encoding: chunked
Date: Thu, 13 Aug 2026 12:06:01 GMT
Keep-Alive: timeout=60
Connection: keep-alive

{
    "role": "USER",
    "username": "xRX"
}
======== THREAD <<ForkJoinPool-1-worker-6>> TEST STARTED iteration_2.ui.userCanDepositWithValidData() ========
Request method:	POST
Request URI:	http://backend:4111/api/v1/accounts
Proxy:			<none>
Request params:	<none>
Query params:	<none>
Form params:	<none>
Path params:	<none>
Headers:		Accept=application/json, application/javascript, text/javascript, text/json
				Authorization=Basic eFJYOkhCRmhoaWYyMTglJQ==
				Content-Type=application/json
Cookies:		<none>
Multiparts:		<none>
Body:			<none>
HTTP/1.1 201 
Vary: Origin
Vary: Access-Control-Request-Method
Vary: Access-Control-Request-Headers
X-Content-Type-Options: nosniff
X-XSS-Protection: 0
Cache-Control: no-cache, no-store, max-age=0, must-revalidate
Pragma: no-cache
Expires: 0
X-Frame-Options: DENY
Content-Type: application/json
Transfer-Encoding: chunked
Date: Thu, 13 Aug 2026 12:06:01 GMT
Keep-Alive: timeout=60
Connection: keep-alive

{
    "id": 3086,
    "accountNumber": "ACC3E242F74",
    "balance": 0,
    "transactions": [
        
    ]
}
Aug 13, 2026 12:06:01 PM org.openqa.selenium.devtools.DevToolsProvider getImplementation
INFO: WebDriver augmented with DevTools interface; connection will not be verified until first use.
======== THREAD <<ForkJoinPool-1-worker-1>> TEST FINISHED iteration_2.ui.userCannotUpdateNameWithInvalidDataTest(), TEST DURATION: 680 MLS
Request method:	DELETE
Request URI:	http://backend:4111/api/v1/admin/users/3080
Proxy:			<none>
Request params:	<none>
Query params:	<none>
Form params:	<none>
Path params:	<none>
Headers:		Accept=application/json, application/javascript, text/javascript, text/json
				Authorization=Basic YWRtaW46YWRtaW4=
				Content-Type=application/json
Cookies:		<none>
Multiparts:		<none>
Body:			<none>
Aug 13, 2026 12:06:02 PM org.openqa.selenium.devtools.DevToolsProvider getImplementation
INFO: WebDriver augmented with DevTools interface; connection will not be verified until first use.
HTTP/1.1 200 
Vary: Origin
Vary: Access-Control-Request-Method
Vary: Access-Control-Request-Headers
X-Content-Type-Options: nosniff
X-XSS-Protection: 0
Cache-Control: no-cache, no-store, max-age=0, must-revalidate
Pragma: no-cache
Expires: 0
X-Frame-Options: DENY
Content-Type: application/json
Content-Length: 39
Date: Thu, 13 Aug 2026 12:06:01 GMT
Keep-Alive: timeout=60
Connection: keep-alive

User with ID 3080 deleted successfully.
Request method:	GET
Request URI:	http://backend:4111/api/v1/customer/accounts
Proxy:			<none>
Request params:	<none>
Query params:	<none>
Form params:	<none>
Path params:	<none>
Headers:		Accept=application/json, application/javascript, text/javascript, text/json
				Authorization=Basic eFJYOkhCRmhoaWYyMTglJQ==
				Content-Type=application/json
Cookies:		<none>
Multiparts:		<none>
Body:			<none>
HTTP/1.1 200 
Vary: Origin
Vary: Access-Control-Request-Method
Vary: Access-Control-Request-Headers
X-Content-Type-Options: nosniff
X-XSS-Protection: 0
Cache-Control: no-cache, no-store, max-age=0, must-revalidate
Pragma: no-cache
Expires: 0
X-Frame-Options: DENY
Content-Type: application/json
Transfer-Encoding: chunked
Date: Thu, 13 Aug 2026 12:06:02 GMT
Keep-Alive: timeout=60
Connection: keep-alive

[
    {
        "id": 3086,
        "accountNumber": "ACC3E242F74",
        "balance": 1593.86,
        "transactions": [
            {
                "id": 2846,
                "amount": 1593.86,
                "type": "DEPOSIT",
                "timestamp": "2026-08-13T12:06:02.356803",
                "relatedAccountId": 3086
            }
        ]
    }
]
Request method:	POST
Request URI:	http://backend:4111/api/v1/auth/login
Proxy:			<none>
Request params:	<none>
Query params:	<none>
Form params:	<none>
Path params:	<none>
Headers:		Accept=application/json, application/javascript, text/javascript, text/json
				Content-Type=application/json
Cookies:		<none>
Multiparts:		<none>
Body:
{
    "username": "LDByOLtrl",
    "password": "VIRimhw214&$"
}
HTTP/1.1 200 
Vary: Origin
Vary: Access-Control-Request-Method
Vary: Access-Control-Request-Headers
Authorization: Basic TERCeU9MdHJsOlZJUmltaHcyMTQmJA==
X-Content-Type-Options: nosniff
X-XSS-Protection: 0
Cache-Control: no-cache, no-store, max-age=0, must-revalidate
Pragma: no-cache
Expires: 0
X-Frame-Options: DENY
Content-Type: application/json
Transfer-Encoding: chunked
Date: Thu, 13 Aug 2026 12:06:02 GMT
Keep-Alive: timeout=60
Connection: keep-alive

{
    "role": "USER",
    "username": "LDByOLtrl"
}
======== THREAD <<ForkJoinPool-1-worker-8>> TEST STARTED iteration_2.ui.userCannotSearchTransactionWithInvalidName() ========
Request method:	POST
Request URI:	http://backend:4111/api/v1/accounts
Proxy:			<none>
Request params:	<none>
Query params:	<none>
Form params:	<none>
Path params:	<none>
Headers:		Accept=application/json, application/javascript, text/javascript, text/json
				Authorization=Basic TERCeU9MdHJsOlZJUmltaHcyMTQmJA==
				Content-Type=application/json
Cookies:		<none>
Multiparts:		<none>
Body:			<none>
HTTP/1.1 201 
Vary: Origin
Vary: Access-Control-Request-Method
Vary: Access-Control-Request-Headers
X-Content-Type-Options: nosniff
X-XSS-Protection: 0
Cache-Control: no-cache, no-store, max-age=0, must-revalidate
Pragma: no-cache
Expires: 0
X-Frame-Options: DENY
Content-Type: application/json
Transfer-Encoding: chunked
Date: Thu, 13 Aug 2026 12:06:02 GMT
Keep-Alive: timeout=60
Connection: keep-alive

{
    "id": 3087,
    "accountNumber": "ACC4E7D1ED4",
    "balance": 0,
    "transactions": [
        
    ]
}
Request method:	PUT
Request URI:	http://backend:4111/api/v1/customer/profile
Proxy:			<none>
Request params:	<none>
Query params:	<none>
Form params:	<none>
Path params:	<none>
Headers:		Accept=application/json, application/javascript, text/javascript, text/json
				Authorization=Basic TERCeU9MdHJsOlZJUmltaHcyMTQmJA==
				Content-Type=application/json
Cookies:		<none>
Multiparts:		<none>
Body:
{
    "name": "KSnkOCNemlH zCwGQEghtnflD"
}
Request method:	POST
Request URI:	http://backend:4111/api/v1/auth/login
Proxy:			<none>
Request params:	<none>
Query params:	<none>
Form params:	<none>
Path params:	<none>
Headers:		Accept=application/json, application/javascript, text/javascript, text/json
				Content-Type=application/json
Cookies:		<none>
Multiparts:		<none>
Body:
{
    "username": "ZHgC4vGzPzc",
    "password": "RFDxkok642$%"
}
======== THREAD <<ForkJoinPool-1-worker-6>> TEST FINISHED iteration_2.ui.userCanDepositWithValidData(), TEST DURATION: 1799 MLS
HTTP/1.1 200 
Vary: Origin
Vary: Access-Control-Request-Method
Vary: Access-Control-Request-Headers
X-Content-Type-Options: nosniff
X-XSS-Protection: 0
Cache-Control: no-cache, no-store, max-age=0, must-revalidate
Pragma: no-cache
Expires: 0
X-Frame-Options: DENY
Content-Type: application/json
Transfer-Encoding: chunked
Date: Thu, 13 Aug 2026 12:06:02 GMT
Keep-Alive: timeout=60
Connection: keep-alive

{
    "customer": {
        "id": 3079,
        "username": "LDByOLtrl",
        "password": "$2a$10$PwY5sAlsfLSPEN8mUnUhIe7tTUoQuh4PEv8ZsgQH4TbkTWb4wiveC",
        "name": "KSnkOCNemlH zCwGQEghtnflD",
        "role": "USER",
        "accounts": [
            {
                "id": 3087,
                "accountNumber": "ACC4E7D1ED4",
                "balance": 0.00,
                "transactions": [
                    
                ]
            }
        ]
    },
    "message": "Profile updated successfully"
}
Request method:	DELETE
Request URI:	http://backend:4111/api/v1/admin/users/3078
Proxy:			<none>
Request params:	<none>
Query params:	<none>
Form params:	<none>
Path params:	<none>
Headers:		Accept=application/json, application/javascript, text/javascript, text/json
				Authorization=Basic YWRtaW46YWRtaW4=
				Content-Type=application/json
Cookies:		<none>
Multiparts:		<none>
Body:			<none>
Request method:	POST
Request URI:	http://backend:4111/api/v1/accounts/deposit
Proxy:			<none>
Request params:	<none>
Query params:	<none>
Form params:	<none>
Path params:	<none>
Headers:		Accept=application/json, application/javascript, text/javascript, text/json
				Authorization=Basic TERCeU9MdHJsOlZJUmltaHcyMTQmJA==
				Content-Type=application/json
Cookies:		<none>
Multiparts:		<none>
Body:
{
    "id": 3087,
    "balance": 5000.0
}
HTTP/1.1 200 
Vary: Origin
Vary: Access-Control-Request-Method
Vary: Access-Control-Request-Headers
Authorization: Basic WkhnQzR2R3pQemM6UkZEeGtvazY0MiQl
X-Content-Type-Options: nosniff
X-XSS-Protection: 0
Cache-Control: no-cache, no-store, max-age=0, must-revalidate
Pragma: no-cache
Expires: 0
X-Frame-Options: DENY
Content-Type: application/json
Transfer-Encoding: chunked
Date: Thu, 13 Aug 2026 12:06:02 GMT
Keep-Alive: timeout=60
Connection: keep-alive

{
    "role": "USER",
    "username": "ZHgC4vGzPzc"
}
======== THREAD <<ForkJoinPool-1-worker-10>> TEST STARTED iteration_2.ui.userCannotDepositWithoutSelectedAccountTest() ========
Request method:	POST
Request URI:	http://backend:4111/api/v1/accounts
Proxy:			<none>
Request params:	<none>
Query params:	<none>
Form params:	<none>
Path params:	<none>
Headers:		Accept=application/json, application/javascript, text/javascript, text/json
				Authorization=Basic WkhnQzR2R3pQemM6UkZEeGtvazY0MiQl
				Content-Type=application/json
Cookies:		<none>
Multiparts:		<none>
Body:			<none>
Aug 13, 2026 12:06:03 PM org.openqa.selenium.devtools.DevToolsProvider getImplementation
INFO: WebDriver augmented with DevTools interface; connection will not be verified until first use.
HTTP/1.1 200 
Vary: Origin
Vary: Access-Control-Request-Method
Vary: Access-Control-Request-Headers
X-Content-Type-Options: nosniff
X-XSS-Protection: 0
Cache-Control: no-cache, no-store, max-age=0, must-revalidate
Pragma: no-cache
Expires: 0
X-Frame-Options: DENY
Content-Type: application/json
Content-Length: 39
Date: Thu, 13 Aug 2026 12:06:03 GMT
Keep-Alive: timeout=60
Connection: keep-alive

User with ID 3078 deleted successfully.
HTTP/1.1 200 
Vary: Origin
Vary: Access-Control-Request-Method
Vary: Access-Control-Request-Headers
X-Content-Type-Options: nosniff
X-XSS-Protection: 0
Cache-Control: no-cache, no-store, max-age=0, must-revalidate
Pragma: no-cache
Expires: 0
X-Frame-Options: DENY
Content-Type: application/json
Transfer-Encoding: chunked
Date: Thu, 13 Aug 2026 12:06:03 GMT
Keep-Alive: timeout=60
Connection: keep-alive

{
    "id": 3087,
    "accountNumber": "ACC4E7D1ED4",
    "balance": 5000.00,
    "transactions": [
        {
            "id": 2847,
            "amount": 5000.0,
            "type": "DEPOSIT",
            "timestamp": "2026-08-13T12:06:03.431079926",
            "timestampAsString": "2026-08-13T12:06:03.431079926",
            "relatedAccountId": 3087,
            "amountAsDouble": 5000.0
        }
    ]
}
HTTP/1.1 201 
Vary: Origin
Vary: Access-Control-Request-Method
Vary: Access-Control-Request-Headers
X-Content-Type-Options: nosniff
X-XSS-Protection: 0
Cache-Control: no-cache, no-store, max-age=0, must-revalidate
Pragma: no-cache
Expires: 0
X-Frame-Options: DENY
Content-Type: application/json
Transfer-Encoding: chunked
Date: Thu, 13 Aug 2026 12:06:03 GMT
Keep-Alive: timeout=60
Connection: keep-alive

{
    "id": 3088,
    "accountNumber": "ACC23FA24A8",
    "balance": 0,
    "transactions": [
        
    ]
}
======== THREAD <<ForkJoinPool-1-worker-10>> TEST FINISHED iteration_2.ui.userCannotDepositWithoutSelectedAccountTest(), TEST DURATION: 411 MLS
Request method:	DELETE
Request URI:	http://backend:4111/api/v1/admin/users/3084
Proxy:			<none>
Request params:	<none>
Query params:	<none>
Form params:	<none>
Path params:	<none>
Headers:		Accept=application/json, application/javascript, text/javascript, text/json
				Authorization=Basic YWRtaW46YWRtaW4=
				Content-Type=application/json
Cookies:		<none>
Multiparts:		<none>
Body:			<none>
HTTP/1.1 200 
Vary: Origin
Vary: Access-Control-Request-Method
Vary: Access-Control-Request-Headers
X-Content-Type-Options: nosniff
X-XSS-Protection: 0
Cache-Control: no-cache, no-store, max-age=0, must-revalidate
Pragma: no-cache
Expires: 0
X-Frame-Options: DENY
Content-Type: application/json
Content-Length: 39
Date: Thu, 13 Aug 2026 12:06:03 GMT
Keep-Alive: timeout=60
Connection: keep-alive

User with ID 3084 deleted successfully.
======== THREAD <<ForkJoinPool-1-worker-8>> TEST FINISHED iteration_2.ui.userCannotSearchTransactionWithInvalidName(), TEST DURATION: 818 MLS
Request method:	DELETE
Request URI:	http://backend:4111/api/v1/admin/users/3079
Proxy:			<none>
Request params:	<none>
Query params:	<none>
Form params:	<none>
Path params:	<none>
Headers:		Accept=application/json, application/javascript, text/javascript, text/json
				Authorization=Basic YWRtaW46YWRtaW4=
				Content-Type=application/json
Cookies:		<none>
Multiparts:		<none>
Body:			<none>
HTTP/1.1 200 
Vary: Origin
Vary: Access-Control-Request-Method
Vary: Access-Control-Request-Headers
X-Content-Type-Options: nosniff
X-XSS-Protection: 0
Cache-Control: no-cache, no-store, max-age=0, must-revalidate
Pragma: no-cache
Expires: 0
X-Frame-Options: DENY
Content-Type: application/json
Content-Length: 39
Date: Thu, 13 Aug 2026 12:06:03 GMT
Keep-Alive: timeout=60
Connection: keep-alive

User with ID 3079 deleted successfully.
Request method:	POST
Request URI:	http://backend:4111/api/v1/auth/login
Proxy:			<none>
Request params:	<none>
Query params:	<none>
Form params:	<none>
Path params:	<none>
Headers:		Accept=application/json, application/javascript, text/javascript, text/json
				Content-Type=application/json
Cookies:		<none>
Multiparts:		<none>
Body:
{
    "username": "jf1KUuj3p6fQ4XY",
    "password": "YLYqvjh698$&"
}
HTTP/1.1 200 
Vary: Origin
Vary: Access-Control-Request-Method
Vary: Access-Control-Request-Headers
Authorization: Basic amYxS1V1ajNwNmZRNFhZOllMWXF2amg2OTgkJg==
X-Content-Type-Options: nosniff
X-XSS-Protection: 0
Cache-Control: no-cache, no-store, max-age=0, must-revalidate
Pragma: no-cache
Expires: 0
X-Frame-Options: DENY
Content-Type: application/json
Transfer-Encoding: chunked
Date: Thu, 13 Aug 2026 12:06:03 GMT
Keep-Alive: timeout=60
Connection: keep-alive

{
    "role": "USER",
    "username": "jf1KUuj3p6fQ4XY"
}
======== THREAD <<ForkJoinPool-1-worker-12>> TEST STARTED iteration_2.ui.userCannotTransferWithoutConfirmTest() ========
Request method:	POST
Request URI:	http://backend:4111/api/v1/accounts
Proxy:			<none>
Request params:	<none>
Query params:	<none>
Form params:	<none>
Path params:	<none>
Headers:		Accept=application/json, application/javascript, text/javascript, text/json
				Authorization=Basic amYxS1V1ajNwNmZRNFhZOllMWXF2amg2OTgkJg==
				Content-Type=application/json
Cookies:		<none>
Multiparts:		<none>
Body:			<none>
Aug 13, 2026 12:06:04 PM org.openqa.selenium.devtools.DevToolsProvider getImplementation
INFO: WebDriver augmented with DevTools interface; connection will not be verified until first use.
HTTP/1.1 201 
Vary: Origin
Vary: Access-Control-Request-Method
Vary: Access-Control-Request-Headers
X-Content-Type-Options: nosniff
X-XSS-Protection: 0
Cache-Control: no-cache, no-store, max-age=0, must-revalidate
Pragma: no-cache
Expires: 0
X-Frame-Options: DENY
Content-Type: application/json
Transfer-Encoding: chunked
Date: Thu, 13 Aug 2026 12:06:04 GMT
Keep-Alive: timeout=60
Connection: keep-alive

{
    "id": 3089,
    "accountNumber": "ACC44C8F9AC",
    "balance": 0,
    "transactions": [
        
    ]
}
Request method:	POST
Request URI:	http://backend:4111/api/v1/accounts
Proxy:			<none>
Request params:	<none>
Query params:	<none>
Form params:	<none>
Path params:	<none>
Headers:		Accept=application/json, application/javascript, text/javascript, text/json
				Authorization=Basic amYxS1V1ajNwNmZRNFhZOllMWXF2amg2OTgkJg==
				Content-Type=application/json
Cookies:		<none>
Multiparts:		<none>
Body:			<none>
HTTP/1.1 201 
Vary: Origin
Vary: Access-Control-Request-Method
Vary: Access-Control-Request-Headers
X-Content-Type-Options: nosniff
X-XSS-Protection: 0
Cache-Control: no-cache, no-store, max-age=0, must-revalidate
Pragma: no-cache
Expires: 0
X-Frame-Options: DENY
Content-Type: application/json
Transfer-Encoding: chunked
Date: Thu, 13 Aug 2026 12:06:04 GMT
Keep-Alive: timeout=60
Connection: keep-alive

{
    "id": 3090,
    "accountNumber": "ACC48FC2CC1",
    "balance": 0,
    "transactions": [
        
    ]
}
Request method:	POST
Request URI:	http://backend:4111/api/v1/accounts/deposit
Proxy:			<none>
Request params:	<none>
Query params:	<none>
Form params:	<none>
Path params:	<none>
Headers:		Accept=application/json, application/javascript, text/javascript, text/json
				Authorization=Basic amYxS1V1ajNwNmZRNFhZOllMWXF2amg2OTgkJg==
				Content-Type=application/json
Cookies:		<none>
Multiparts:		<none>
Body:
{
    "id": 3089,
    "balance": 5000.0
}
HTTP/1.1 200 
Vary: Origin
Vary: Access-Control-Request-Method
Vary: Access-Control-Request-Headers
X-Content-Type-Options: nosniff
X-XSS-Protection: 0
Cache-Control: no-cache, no-store, max-age=0, must-revalidate
Pragma: no-cache
Expires: 0
X-Frame-Options: DENY
Content-Type: application/json
Transfer-Encoding: chunked
Date: Thu, 13 Aug 2026 12:06:04 GMT
Keep-Alive: timeout=60
Connection: keep-alive

{
    "id": 3089,
    "accountNumber": "ACC44C8F9AC",
    "balance": 5000.00,
    "transactions": [
        {
            "id": 2848,
            "amount": 5000.0,
            "type": "DEPOSIT",
            "timestamp": "2026-08-13T12:06:04.623927676",
            "timestampAsString": "2026-08-13T12:06:04.623927676",
            "relatedAccountId": 3089,
            "amountAsDouble": 5000.0
        }
    ]
}
======== THREAD <<ForkJoinPool-1-worker-12>> TEST FINISHED iteration_2.ui.userCannotTransferWithoutConfirmTest(), TEST DURATION: 1166 MLS
Request method:	DELETE
Request URI:	http://backend:4111/api/v1/admin/users/3085
Proxy:			<none>
Request params:	<none>
Query params:	<none>
Form params:	<none>
Path params:	<none>
Headers:		Accept=application/json, application/javascript, text/javascript, text/json
				Authorization=Basic YWRtaW46YWRtaW4=
				Content-Type=application/json
Cookies:		<none>
Multiparts:		<none>
Body:			<none>
HTTP/1.1 200 
Vary: Origin
Vary: Access-Control-Request-Method
Vary: Access-Control-Request-Headers
X-Content-Type-Options: nosniff
X-XSS-Protection: 0
Cache-Control: no-cache, no-store, max-age=0, must-revalidate
Pragma: no-cache
Expires: 0
X-Frame-Options: DENY
Content-Type: application/json
Content-Length: 39
Date: Thu, 13 Aug 2026 12:06:05 GMT
Keep-Alive: timeout=60
Connection: keep-alive

User with ID 3085 deleted successfully.
======== THREAD <<ForkJoinPool-1-worker-11>> TEST FINISHED iteration_1.ui.userCanLoginWithCorrectDataTest(), TEST DURATION: 12456 MLS
Request method:	DELETE
Request URI:	http://backend:4111/api/v1/admin/users/3086
Proxy:			<none>
Request params:	<none>
Query params:	<none>
Form params:	<none>
Path params:	<none>
Headers:		Accept=application/json, application/javascript, text/javascript, text/json
				Authorization=Basic YWRtaW46YWRtaW4=
				Content-Type=application/json
Cookies:		<none>
Multiparts:		<none>
Body:			<none>
HTTP/1.1 200 
Vary: Origin
Vary: Access-Control-Request-Method
Vary: Access-Control-Request-Headers
X-Content-Type-Options: nosniff
X-XSS-Protection: 0
Cache-Control: no-cache, no-store, max-age=0, must-revalidate
Pragma: no-cache
Expires: 0
X-Frame-Options: DENY
Content-Type: application/json
Content-Length: 39
Date: Thu, 13 Aug 2026 12:06:05 GMT
Keep-Alive: timeout=60
Connection: keep-alive

User with ID 3086 deleted successfully.
>>> Running surefire-report:report
[INFO] Maven Build Time Profiler started. (Version 0.5.0)
[INFO] Scanning for projects...
[INFO] 
[INFO] ----------------------< org.example:nbank-tests >-----------------------
[INFO] Building nbank-tests 1.0-SNAPSHOT
[INFO]   from pom.xml
[INFO] --------------------------------[ jar ]---------------------------------
[INFO] 
[INFO] >>> surefire-report:3.2.5:report (default-cli) > [surefire]test @ nbank-tests >>>
[INFO] 
[INFO] --- resources:3.3.1:resources (default-resources) @ nbank-tests ---
[INFO] Copying 3 resources from src/main/resources to target/classes
[INFO] 
[INFO] --- compiler:3.11.0:compile (default-compile) @ nbank-tests ---
[INFO] Nothing to compile - all classes are up to date
[INFO] 
[INFO] --- resources:3.3.1:testResources (default-testResources) @ nbank-tests ---
[INFO] Copying 2 resources from src/test/resources to target/test-classes
[INFO] 
[INFO] --- compiler:3.11.0:testCompile (default-testCompile) @ nbank-tests ---
[INFO] Nothing to compile - all classes are up to date
[INFO] 
[INFO] --- surefire:3.2.5:test (default-test) @ nbank-tests ---
[INFO] Tests are skipped.
[INFO] 
[INFO] <<< surefire-report:3.2.5:report (default-cli) < [surefire]test @ nbank-tests <<<
[INFO] 
[INFO] 
[INFO] --- surefire-report:3.2.5:report (default-cli) @ nbank-tests ---
Downloading from central: https://repo.maven.apache.org/maven2/org/apache/maven/skins/maven-default-skin/1.3/maven-default-skin-1.3.jar
Progress (1): 0.9/14 kBProgress (1): 2.3/14 kBProgress (1): 3.6/14 kBProgress (1): 5.0/14 kBProgress (1): 6.4/14 kBProgress (1): 7.7/14 kBProgress (1): 9.1/14 kBProgress (1): 10/14 kB Progress (1): 12/14 kBProgress (1): 13/14 kBProgress (1): 14 kB                      Downloaded from central: https://repo.maven.apache.org/maven2/org/apache/maven/skins/maven-default-skin/1.3/maven-default-skin-1.3.jar (14 kB at 56 kB/s)
[INFO] Rendering content with org.apache.maven.skins:maven-default-skin:jar:1.3 skin.
[WARNING] Unable to locate Test Source XRef to link to - DISABLED
[INFO] MBTP: Session Ended
[INFO] ------------------------------------------------------------------------
[INFO] BUILD SUCCESS
[INFO] ------------------------------------------------------------------------
[INFO] Total time:  0.938 s
[INFO] Finished at: 2026-08-13T12:06:07Z
[INFO] ------------------------------------------------------------------------
[INFO] --             Maven Build Time Profiler Summary                      --
[INFO] ------------------------------------------------------------------------
[INFO] Project discovery time:       11 ms
[INFO] ------------------------------------------------------------------------
[INFO] Project Build Time (reactor order):
[INFO] 
[INFO] nbank-tests:
[INFO]           80 ms : process-resources
[INFO]           39 ms : compile
[INFO]            2 ms : process-test-resources
[INFO]            5 ms : test-compile
[INFO]           62 ms : test
[INFO] ------------------------------------------------------------------------
[INFO] Lifecycle Phase summary:
[INFO] 
[INFO]       80 ms : process-resources
[INFO]       39 ms : compile
[INFO]        2 ms : process-test-resources
[INFO]        5 ms : test-compile
[INFO]       62 ms : test
[INFO] ------------------------------------------------------------------------
[INFO] Plugins in lifecycle Phases:
[INFO] 
[INFO] process-resources:
[INFO]       80 ms: org.apache.maven.plugins:maven-resources-plugin:3.3.1:resources (default-resources)
[INFO] compile:
[INFO]       39 ms: org.apache.maven.plugins:maven-compiler-plugin:3.11.0:compile (default-compile)
[INFO] process-test-resources:
[INFO]        2 ms: org.apache.maven.plugins:maven-resources-plugin:3.3.1:testResources (default-testResources)
[INFO] test-compile:
[INFO]        5 ms: org.apache.maven.plugins:maven-compiler-plugin:3.11.0:testCompile (default-testCompile)
[INFO] test:
[INFO]       62 ms: org.apache.maven.plugins:maven-surefire-plugin:3.2.5:test (default-test)
[INFO] 
[INFO]      188 ms plugins execution summary.
[INFO] ------------------------------------------------------------------------
[INFO] Plugins directly called via goals:
[INFO] 
[INFO]      562 ms : org.apache.maven.plugins:maven-surefire-report-plugin:3.2.5:report (default-cli)
[INFO] ------------------------------------------------------------------------
[INFO] Artifact Download summary:
[INFO]      312 ms : org.apache.maven.skins:maven-default-skin:1.3:jar (13,779 bytes)
[INFO] 
[INFO] 312 ms  13,779 bytes. 0.042 MiB / s
[INFO] ForkTime: 321
[INFO] ProjectTimer: org.example:nbank-tests:jar:1.0-SNAPSHOT : 321
