>>> Running tests with profile: ui
SLF4J(W): No SLF4J providers were found.
SLF4J(W): Defaulting to no-operation (NOP) logger implementation
SLF4J(W): See https://www.slf4j.org/codes.html#noProviders for further details.
======== THREAD <<ForkJoinPool-1-worker-2>> TEST STARTED iteration_1.ui.adminCanLoginWithCorrectDataTest() ========
======== THREAD <<ForkJoinPool-1-worker-9>> TEST STARTED iteration_1.ui.userCanLoginWithCorrectDataTest() ========
Request method:	POST
Request URI:	http://backend:4111/api/v1/admin/users
Proxy:			<none>
Request params:	<none>
Query params:	<none>
Form params:	<none>
Path params:	<none>
Headers:		Accept=application/json, application/javascript, text/javascript, text/json
				Authorization=Basic YWRtaW46YWRtaW4=
				Content-Type=application/json
Cookies:		<none>
Multiparts:		<none>
Body:
{
    "username": "xUfNaReyyY7kv",
    "password": "SZZcuyw924%$",
    "role": "USER"
}
Request method:	POST
Request URI:	http://backend:4111/api/v1/admin/users
Proxy:			<none>
Request params:	<none>
Query params:	<none>
Form params:	<none>
Path params:	<none>
Headers:		Accept=application/json, application/javascript, text/javascript, text/json
				Authorization=Basic YWRtaW46YWRtaW4=
				Content-Type=application/json
Cookies:		<none>
Multiparts:		<none>
Body:
{
    "username": "WUzUh6PSb1li",
    "password": "TZDhwzg515$&",
    "role": "USER"
}
Request method:	POST
Request URI:	http://backend:4111/api/v1/admin/users
Proxy:			<none>
Request params:	<none>
Query params:	<none>
Form params:	<none>
Path params:	<none>
Headers:		Accept=application/json, application/javascript, text/javascript, text/json
				Authorization=Basic YWRtaW46YWRtaW4=
				Content-Type=application/json
Cookies:		<none>
Multiparts:		<none>
Body:
{
    "username": "NeGlW",
    "password": "FASvayw269&&",
    "role": "USER"
}
Request method:	POST
Request URI:	http://backend:4111/api/v1/admin/users
Proxy:			<none>
Request params:	<none>
Query params:	<none>
Form params:	<none>
Path params:	<none>
Headers:		Accept=application/json, application/javascript, text/javascript, text/json
				Authorization=Basic YWRtaW46YWRtaW4=
				Content-Type=application/json
Cookies:		<none>
Multiparts:		<none>
Body:
{
    "username": "9Xg6Dr",
    "password": "QWMrrnx420%&",
    "role": "USER"
}
Request method:	POST
Request URI:	http://backend:4111/api/v1/admin/users
Proxy:			<none>
Request params:	<none>
Query params:	<none>
Form params:	<none>
Path params:	<none>
Headers:		Accept=application/json, application/javascript, text/javascript, text/json
				Authorization=Basic YWRtaW46YWRtaW4=
				Content-Type=application/json
Cookies:		<none>
Multiparts:		<none>
Body:
{
    "username": "L9G1c3f9BP",
    "password": "VZVlycb100%%",
    "role": "USER"
}
Request method:	POST
Request URI:	http://backend:4111/api/v1/admin/users
Proxy:			<none>
Request params:	<none>
Query params:	<none>
Form params:	<none>
Path params:	<none>
Headers:		Accept=application/json, application/javascript, text/javascript, text/json
				Authorization=Basic YWRtaW46YWRtaW4=
				Content-Type=application/json
Cookies:		<none>
Multiparts:		<none>
Body:
{
    "username": "GuY",
    "password": "SSZpgym292%&",
    "role": "USER"
}
HTTP/1.1 201 
Vary: Origin
Vary: Access-Control-Request-Method
Vary: Access-Control-Request-Headers
Authorization: Basic OVhnNkRyOlFXTXJybng0MjAlJg==
X-Content-Type-Options: nosniff
X-XSS-Protection: 0
Cache-Control: no-cache, no-store, max-age=0, must-revalidate
Pragma: no-cache
Expires: 0
X-Frame-Options: DENY
Content-Type: application/json
Transfer-Encoding: chunked
Date: Thu, 13 Aug 2026 12:06:15 GMT
Keep-Alive: timeout=60
Connection: keep-alive

{
    "id": 3091,
    "username": "9Xg6Dr",
    "password": "$2a$10$bwgefWPvscxE8SM0lwAVtObLZc6C5ku/6ntMmDMP60prgfDt0rNre",
    "name": null,
    "role": "USER",
    "accounts": [
        
    ]
}
HTTP/1.1 201 
Vary: Origin
Vary: Access-Control-Request-Method
Vary: Access-Control-Request-Headers
Authorization: Basic R3VZOlNTWnBneW0yOTIlJg==
X-Content-Type-Options: nosniff
X-XSS-Protection: 0
Cache-Control: no-cache, no-store, max-age=0, must-revalidate
Pragma: no-cache
Expires: 0
X-Frame-Options: DENY
Content-Type: application/json
Transfer-Encoding: chunked
Date: Thu, 13 Aug 2026 12:06:15 GMT
Keep-Alive: timeout=60
Connection: keep-alive

{
    "id": 3093,
    "username": "GuY",
    "password": "$2a$10$s/ZepFMlZE55D1ok0NGwcu2SbJinRwjItl4A5YnC0HuUl.g0IYuSu",
    "name": null,
    "role": "USER",
    "accounts": [
        
    ]
}
HTTP/1.1 201 
Vary: Origin
Vary: Access-Control-Request-Method
Vary: Access-Control-Request-Headers
Authorization: Basic V1V6VWg2UFNiMWxpOlRaRGh3emc1MTUkJg==
X-Content-Type-Options: nosniff
X-XSS-Protection: 0
Cache-Control: no-cache, no-store, max-age=0, must-revalidate
Pragma: no-cache
Expires: 0
X-Frame-Options: DENY
Content-Type: application/json
Transfer-Encoding: chunked
Date: Thu, 13 Aug 2026 12:06:15 GMT
Keep-Alive: timeout=60
Connection: keep-alive

{
    "id": 3088,
    "username": "WUzUh6PSb1li",
    "password": "$2a$10$xjjSDuUiUUFXPh8lBCDQF.8sf.SWO/Yyqnkzp3L9ZWyNU698ZVKR2",
    "name": null,
    "role": "USER",
    "accounts": [
        
    ]
}
HTTP/1.1 201 
Vary: Origin
Vary: Access-Control-Request-Method
Vary: Access-Control-Request-Headers
Authorization: Basic TmVHbFc6RkFTdmF5dzI2OSYm
X-Content-Type-Options: nosniff
X-XSS-Protection: 0
Cache-Control: no-cache, no-store, max-age=0, must-revalidate
Pragma: no-cache
Expires: 0
X-Frame-Options: DENY
Content-Type: application/json
Transfer-Encoding: chunked
Date: Thu, 13 Aug 2026 12:06:15 GMT
Keep-Alive: timeout=60
Connection: keep-alive

{
    "id": 3089,
    "username": "NeGlW",
    "password": "$2a$10$qYTclZMx96Mq3DlgtU/ybOBRoPqPM1UJ5fZ1SHyYuPaHls1QQlvBu",
    "name": null,
    "role": "USER",
    "accounts": [
        
    ]
}
HTTP/1.1 201 
Vary: Origin
Vary: Access-Control-Request-Method
Vary: Access-Control-Request-Headers
Authorization: Basic TDlHMWMzZjlCUDpWWlZseWNiMTAwJSU=
X-Content-Type-Options: nosniff
X-XSS-Protection: 0
Cache-Control: no-cache, no-store, max-age=0, must-revalidate
Pragma: no-cache
Expires: 0
X-Frame-Options: DENY
Content-Type: application/json
Transfer-Encoding: chunked
Date: Thu, 13 Aug 2026 12:06:15 GMT
Keep-Alive: timeout=60
Connection: keep-alive

{
    "id": 3090,
    "username": "L9G1c3f9BP",
    "password": "$2a$10$fVnSvw/9B3tQmGv2S5yTE.CeVFuxUq5tnhgFC68pOvaslkwRl73Tu",
    "name": null,
    "role": "USER",
    "accounts": [
        
    ]
}
HTTP/1.1 201 
Vary: Origin
Vary: Access-Control-Request-Method
Vary: Access-Control-Request-Headers
Authorization: Basic eFVmTmFSZXl5WTdrdjpTWlpjdXl3OTI0JSQ=
X-Content-Type-Options: nosniff
X-XSS-Protection: 0
Cache-Control: no-cache, no-store, max-age=0, must-revalidate
Pragma: no-cache
Expires: 0
X-Frame-Options: DENY
Content-Type: application/json
Transfer-Encoding: chunked
Date: Thu, 13 Aug 2026 12:06:15 GMT
Keep-Alive: timeout=60
Connection: keep-alive

{
    "id": 3092,
    "username": "xUfNaReyyY7kv",
    "password": "$2a$10$P6c49hIKi6uUAbqXShBWa.RegLQZ4wWxIXs.u7I27dZNlTC/v.Ikm",
    "name": null,
    "role": "USER",
    "accounts": [
        
    ]
}
Request method:	POST
Request URI:	http://backend:4111/api/v1/admin/users
Proxy:			<none>
Request params:	<none>
Query params:	<none>
Form params:	<none>
Path params:	<none>
Headers:		Accept=application/json, application/javascript, text/javascript, text/json
				Authorization=Basic YWRtaW46YWRtaW4=
				Content-Type=application/json
Cookies:		<none>
Multiparts:		<none>
Body:
{
    "username": "0xwhR",
    "password": "VNKhjgl155$$",
    "role": "USER"
}
Request method:	POST
Request URI:	http://backend:4111/api/v1/admin/users
Proxy:			<none>
Request params:	<none>
Query params:	<none>
Form params:	<none>
Path params:	<none>
Headers:		Accept=application/json, application/javascript, text/javascript, text/json
				Authorization=Basic YWRtaW46YWRtaW4=
				Content-Type=application/json
Cookies:		<none>
Multiparts:		<none>
Body:
{
    "username": "Nzwd",
    "password": "KOHpqof203&%",
    "role": "USER"
}
Request method:	POST
Request URI:	http://backend:4111/api/v1/admin/users
Proxy:			<none>
Request params:	<none>
Query params:	<none>
Form params:	<none>
Path params:	<none>
Headers:		Accept=application/json, application/javascript, text/javascript, text/json
				Authorization=Basic YWRtaW46YWRtaW4=
				Content-Type=application/json
Cookies:		<none>
Multiparts:		<none>
Body:
{
    "username": "zBRd0XAZ2u3",
    "password": "JXTfrup136$$",
    "role": "USER"
}
HTTP/1.1 201 
Vary: Origin
Vary: Access-Control-Request-Method
Vary: Access-Control-Request-Headers
Authorization: Basic Tnp3ZDpLT0hwcW9mMjAzJiU=
X-Content-Type-Options: nosniff
X-XSS-Protection: 0
Cache-Control: no-cache, no-store, max-age=0, must-revalidate
Pragma: no-cache
Expires: 0
X-Frame-Options: DENY
Content-Type: application/json
Transfer-Encoding: chunked
Date: Thu, 13 Aug 2026 12:06:15 GMT
Keep-Alive: timeout=60
Connection: keep-alive

{
    "id": 3096,
    "username": "Nzwd",
    "password": "$2a$10$omoprHgw9iVa8KeAVPlmq.JfSH4th7JTKdt83ulKM/f4FI.R.Yqfe",
    "name": null,
    "role": "USER",
    "accounts": [
        
    ]
}
HTTP/1.1 201 
Vary: Origin
Vary: Access-Control-Request-Method
Vary: Access-Control-Request-Headers
Authorization: Basic MHh3aFI6Vk5LaGpnbDE1NSQk
X-Content-Type-Options: nosniff
X-XSS-Protection: 0
Cache-Control: no-cache, no-store, max-age=0, must-revalidate
Pragma: no-cache
Expires: 0
X-Frame-Options: DENY
Content-Type: application/json
Transfer-Encoding: chunked
Date: Thu, 13 Aug 2026 12:06:15 GMT
Keep-Alive: timeout=60
Connection: keep-alive

{
    "id": 3094,
    "username": "0xwhR",
    "password": "$2a$10$8PG1/fezt.wkKCxpKxyHxOD2ZBSEKL6ske/ghqyIh65CMRVFm.hO2",
    "name": null,
    "role": "USER",
    "accounts": [
        
    ]
}
HTTP/1.1 201 
Vary: Origin
Vary: Access-Control-Request-Method
Vary: Access-Control-Request-Headers
Authorization: Basic ekJSZDBYQVoydTM6SlhUZnJ1cDEzNiQk
X-Content-Type-Options: nosniff
X-XSS-Protection: 0
Cache-Control: no-cache, no-store, max-age=0, must-revalidate
Pragma: no-cache
Expires: 0
X-Frame-Options: DENY
Content-Type: application/json
Transfer-Encoding: chunked
Date: Thu, 13 Aug 2026 12:06:15 GMT
Keep-Alive: timeout=60
Connection: keep-alive

{
    "id": 3095,
    "username": "zBRd0XAZ2u3",
    "password": "$2a$10$Z.Nv2X2C.atO.rMpmGDkF.B9ae0qzVVgq66pzLu7tJWGAEIBOq1B2",
    "name": null,
    "role": "USER",
    "accounts": [
        
    ]
}
Aug 13, 2026 12:06:17 PM org.openqa.selenium.devtools.DevToolsProvider getImplementation
INFO: WebDriver augmented with DevTools interface; connection will not be verified until first use.
Aug 13, 2026 12:06:17 PM org.openqa.selenium.devtools.DevToolsProvider getImplementation
INFO: WebDriver augmented with DevTools interface; connection will not be verified until first use.
Aug 13, 2026 12:06:17 PM org.openqa.selenium.devtools.DevToolsProvider getImplementation
INFO: WebDriver augmented with DevTools interface; connection will not be verified until first use.
Aug 13, 2026 12:06:18 PM org.openqa.selenium.devtools.DevToolsProvider getImplementation
INFO: WebDriver augmented with DevTools interface; connection will not be verified until first use.
Aug 13, 2026 12:06:18 PM org.openqa.selenium.devtools.DevToolsProvider getImplementation
INFO: WebDriver augmented with DevTools interface; connection will not be verified until first use.
======== THREAD <<ForkJoinPool-1-worker-6>> TEST STARTED iteration_1.ui.adminCanCrateUserTest() ========
======== THREAD <<ForkJoinPool-1-worker-3>> TEST STARTED iteration_1.ui.adminCannotCrateUserWithInvalidDataTest() ========
======== THREAD <<ForkJoinPool-1-worker-2>> TEST FINISHED iteration_1.ui.adminCanLoginWithCorrectDataTest(), TEST DURATION: 4445 MLS
Request method:	POST
Request URI:	http://backend:4111/api/v1/auth/login
Proxy:			<none>
Request params:	<none>
Query params:	<none>
Form params:	<none>
Path params:	<none>
Headers:		Accept=application/json, application/javascript, text/javascript, text/json
				Content-Type=application/json
Cookies:		<none>
Multiparts:		<none>
Body:
{
    "username": "NeGlW",
    "password": "FASvayw269&&"
}
HTTP/1.1 200 
Vary: Origin
Vary: Access-Control-Request-Method
Vary: Access-Control-Request-Headers
Authorization: Basic TmVHbFc6RkFTdmF5dzI2OSYm
X-Content-Type-Options: nosniff
X-XSS-Protection: 0
Cache-Control: no-cache, no-store, max-age=0, must-revalidate
Pragma: no-cache
Expires: 0
X-Frame-Options: DENY
Content-Type: application/json
Transfer-Encoding: chunked
Date: Thu, 13 Aug 2026 12:06:18 GMT
Keep-Alive: timeout=60
Connection: keep-alive

{
    "role": "USER",
    "username": "NeGlW"
}
Request method:	POST
Request URI:	http://backend:4111/api/v1/auth/login
Proxy:			<none>
Request params:	<none>
Query params:	<none>
Form params:	<none>
Path params:	<none>
Headers:		Accept=application/json, application/javascript, text/javascript, text/json
				Content-Type=application/json
Cookies:		<none>
Multiparts:		<none>
Body:
{
    "username": "xUfNaReyyY7kv",
    "password": "SZZcuyw924%$"
}
======== THREAD <<ForkJoinPool-1-worker-7>> TEST STARTED iteration_2.ui.userCanDepositWithValidData() ========
Request method:	POST
Request URI:	http://backend:4111/api/v1/accounts
Proxy:			<none>
Request params:	<none>
Query params:	<none>
Form params:	<none>
Path params:	<none>
Headers:		Accept=application/json, application/javascript, text/javascript, text/json
				Authorization=Basic TmVHbFc6RkFTdmF5dzI2OSYm
				Content-Type=application/json
Cookies:		<none>
Multiparts:		<none>
Body:			<none>
HTTP/1.1 200 
Vary: Origin
Vary: Access-Control-Request-Method
Vary: Access-Control-Request-Headers
Authorization: Basic eFVmTmFSZXl5WTdrdjpTWlpjdXl3OTI0JSQ=
X-Content-Type-Options: nosniff
X-XSS-Protection: 0
Cache-Control: no-cache, no-store, max-age=0, must-revalidate
Pragma: no-cache
Expires: 0
X-Frame-Options: DENY
Content-Type: application/json
Transfer-Encoding: chunked
Date: Thu, 13 Aug 2026 12:06:18 GMT
Keep-Alive: timeout=60
Connection: keep-alive

{
    "role": "USER",
    "username": "xUfNaReyyY7kv"
}
HTTP/1.1 201 
Vary: Origin
Vary: Access-Control-Request-Method
Vary: Access-Control-Request-Headers
X-Content-Type-Options: nosniff
X-XSS-Protection: 0
Cache-Control: no-cache, no-store, max-age=0, must-revalidate
Pragma: no-cache
Expires: 0
X-Frame-Options: DENY
Content-Type: application/json
Transfer-Encoding: chunked
Date: Thu, 13 Aug 2026 12:06:18 GMT
Keep-Alive: timeout=60
Connection: keep-alive

{
    "id": 3091,
    "accountNumber": "ACCB923C2B8",
    "balance": 0,
    "transactions": [
        
    ]
}
======== THREAD <<ForkJoinPool-1-worker-5>> TEST STARTED iteration_2.ui.userCannotDepositWithInvalidData() ========
Request method:	POST
Request URI:	http://backend:4111/api/v1/accounts
Proxy:			<none>
Request params:	<none>
Query params:	<none>
Form params:	<none>
Path params:	<none>
Headers:		Accept=application/json, application/javascript, text/javascript, text/json
				Authorization=Basic eFVmTmFSZXl5WTdrdjpTWlpjdXl3OTI0JSQ=
				Content-Type=application/json
Cookies:		<none>
Multiparts:		<none>
Body:			<none>
HTTP/1.1 201 
Vary: Origin
Vary: Access-Control-Request-Method
Vary: Access-Control-Request-Headers
X-Content-Type-Options: nosniff
X-XSS-Protection: 0
Cache-Control: no-cache, no-store, max-age=0, must-revalidate
Pragma: no-cache
Expires: 0
X-Frame-Options: DENY
Content-Type: application/json
Transfer-Encoding: chunked
Date: Thu, 13 Aug 2026 12:06:18 GMT
Keep-Alive: timeout=60
Connection: keep-alive

{
    "id": 3092,
    "accountNumber": "ACCA4DD8C88",
    "balance": 0,
    "transactions": [
        
    ]
}
======== THREAD <<ForkJoinPool-1-worker-5>> TEST FINISHED iteration_2.ui.userCannotDepositWithInvalidData(), TEST DURATION: 753 MLS
Request method:	DELETE
Request URI:	http://backend:4111/api/v1/admin/users/3092
Proxy:			<none>
Request params:	<none>
Query params:	<none>
Form params:	<none>
Path params:	<none>
Headers:		Accept=application/json, application/javascript, text/javascript, text/json
				Authorization=Basic YWRtaW46YWRtaW4=
				Content-Type=application/json
Cookies:		<none>
Multiparts:		<none>
Body:			<none>
HTTP/1.1 200 
Vary: Origin
Vary: Access-Control-Request-Method
Vary: Access-Control-Request-Headers
X-Content-Type-Options: nosniff
X-XSS-Protection: 0
Cache-Control: no-cache, no-store, max-age=0, must-revalidate
Pragma: no-cache
Expires: 0
X-Frame-Options: DENY
Content-Type: application/json
Content-Length: 39
Date: Thu, 13 Aug 2026 12:06:19 GMT
Keep-Alive: timeout=60
Connection: keep-alive

User with ID 3092 deleted successfully.
Request method:	GET
Request URI:	http://backend:4111/api/v1/customer/accounts
Proxy:			<none>
Request params:	<none>
Query params:	<none>
Form params:	<none>
Path params:	<none>
Headers:		Accept=application/json, application/javascript, text/javascript, text/json
				Authorization=Basic TmVHbFc6RkFTdmF5dzI2OSYm
				Content-Type=application/json
Cookies:		<none>
Multiparts:		<none>
Body:			<none>
HTTP/1.1 200 
Vary: Origin
Vary: Access-Control-Request-Method
Vary: Access-Control-Request-Headers
X-Content-Type-Options: nosniff
X-XSS-Protection: 0
Cache-Control: no-cache, no-store, max-age=0, must-revalidate
Pragma: no-cache
Expires: 0
X-Frame-Options: DENY
Content-Type: application/json
Transfer-Encoding: chunked
Date: Thu, 13 Aug 2026 12:06:20 GMT
Keep-Alive: timeout=60
Connection: keep-alive

[
    {
        "id": 3091,
        "accountNumber": "ACCB923C2B8",
        "balance": 459.92,
        "transactions": [
            {
                "id": 2849,
                "amount": 459.92,
                "type": "DEPOSIT",
                "timestamp": "2026-08-13T12:06:20.292263",
                "relatedAccountId": 3091
            }
        ]
    }
]
======== THREAD <<ForkJoinPool-1-worker-7>> TEST FINISHED iteration_2.ui.userCanDepositWithValidData(), TEST DURATION: 1687 MLS
Request method:	DELETE
Request URI:	http://backend:4111/api/v1/admin/users/3089
Proxy:			<none>
Request params:	<none>
Query params:	<none>
Form params:	<none>
Path params:	<none>
Headers:		Accept=application/json, application/javascript, text/javascript, text/json
				Authorization=Basic YWRtaW46YWRtaW4=
				Content-Type=application/json
Cookies:		<none>
Multiparts:		<none>
Body:			<none>
HTTP/1.1 200 
Vary: Origin
Vary: Access-Control-Request-Method
Vary: Access-Control-Request-Headers
X-Content-Type-Options: nosniff
X-XSS-Protection: 0
Cache-Control: no-cache, no-store, max-age=0, must-revalidate
Pragma: no-cache
Expires: 0
X-Frame-Options: DENY
Content-Type: application/json
Content-Length: 39
Date: Thu, 13 Aug 2026 12:06:20 GMT
Keep-Alive: timeout=60
Connection: keep-alive

User with ID 3089 deleted successfully.
Aug 13, 2026 12:06:21 PM org.openqa.selenium.devtools.DevToolsProvider getImplementation
INFO: WebDriver augmented with DevTools interface; connection will not be verified until first use.
Request method:	GET
Request URI:	http://backend:4111/api/v1/admin/users
Proxy:			<none>
Request params:	<none>
Query params:	<none>
Form params:	<none>
Path params:	<none>
Headers:		Accept=application/json, application/javascript, text/javascript, text/json
				Authorization=Basic YWRtaW46YWRtaW4=
				Content-Type=application/json
Cookies:		<none>
Multiparts:		<none>
Body:			<none>
HTTP/1.1 200 
Vary: Origin
Vary: Access-Control-Request-Method
Vary: Access-Control-Request-Headers
X-Content-Type-Options: nosniff
X-XSS-Protection: 0
Cache-Control: no-cache, no-store, max-age=0, must-revalidate
Pragma: no-cache
Expires: 0
X-Frame-Options: DENY
Content-Type: application/json
Transfer-Encoding: chunked
Date: Thu, 13 Aug 2026 12:06:20 GMT
Keep-Alive: timeout=60
Connection: keep-alive

[
    {
        "id": 1409,
        "username": "srUPt",
        "name": null,
        "role": "USER",
        "accounts": [
            
        ]
    },
    {
        "id": 1793,
        "username": "HfCLZWoDTmS",
        "name": null,
        "role": "USER",
        "accounts": [
            
        ]
    },
    {
        "id": 3094,
        "username": "0xwhR",
        "name": null,
        "role": "USER",
        "accounts": [
            
        ]
    },
    {
        "id": 1388,
        "username": "6AG",
        "name": null,
        "role": "USER",
        "accounts": [
            
        ]
    },
    {
        "id": 1734,
        "username": "OsmzYH",
        "name": null,
        "role": "USER",
        "accounts": [
            
        ]
    },
    {
        "id": 1410,
        "username": "twCgQChcwsj",
        "name": null,
        "role": "USER",
        "accounts": [
            
        ]
    },
    {
        "id": 3095,
        "username": "zBRd0XAZ2u3",
        "name": null,
        "role": "USER",
        "accounts": [
            
        ]
    },
    {
        "id": 1395,
        "username": "gsO",
        "name": null,
        "role": "USER",
        "accounts": [
            
        ]
    },
    {
        "id": 318,
        "username": "wI4C",
        "name": null,
        "role": "USER",
        "accounts": [
            
        ]
    },
    {
        "id": 1378,
        "username": "vs3dJH",
        "name": null,
        "role": "USER",
        "accounts": [
            
        ]
    },
    {
        "id": 1987,
        "username": "PFZ45D7",
        "name": null,
        "role": "USER",
        "accounts": [
            
        ]
    },
    {
        "id": 1372,
        "username": "vl38yXm",
        "name": null,
        "role": "USER",
        "accounts": [
            
        ]
    },
    {
        "id": 1849,
        "username": "KJ96tEpE1Agh",
        "name": null,
        "role": "USER",
        "accounts": [
            
        ]
    },
    {
        "id": 1403,
        "username": "4HjmBOAxT",
        "name": null,
        "role": "USER",
        "accounts": [
            
        ]
    },
    {
        "id": 1397,
        "username": "9p2aRwfn",
        "name": null,
        "role": "USER",
        "accounts": [
            
        ]
    },
    {
        "id": 1399,
        "username": "CYRNH4",
        "name": null,
        "role": "USER",
        "accounts": [
            
        ]
    },
    {
        "id": 1570,
        "username": "tPPeM0d",
        "name": null,
        "role": "USER",
        "accounts": [
            
        ]
    },
    {
        "id": 1375,
        "username": "E4KN8LKlXN2Sq",
        "name": null,
        "role": "USER",
        "accounts": [
            
        ]
    },
    {
        "id": 1514,
        "username": "FEMXGwVNjSjOmXm",
        "name": null,
        "role": "USER",
        "accounts": [
            
        ]
    },
    {
        "id": 1384,
        "username": "RDfJiGRD3R",
        "name": null,
        "role": "USER",
        "accounts": [
            
        ]
    },
    {
        "id": 1377,
        "username": "tBCbi",
        "name": null,
        "role": "USER",
        "accounts": [
            
        ]
    },
    {
        "id": 1393,
        "username": "tF7wYnVij460",
        "name": null,
        "role": "USER",
        "accounts": [
            
        ]
    },
    {
        "id": 2,
        "username": "john_doe",
        "name": "John Doe",
        "role": "USER",
        "accounts": [
            {
                "id": 1,
                "accountNumber": "ACC12345678",
                "balance": 1000.00,
                "transactions": [
                    {
                        "id": 1,
                        "amount": 1000.00,
                        "type": "DEPOSIT",
                        "timestamp": "2024-01-01T10:00:00",
                        "relatedAccountId": null
                    }
                ]
            }
        ]
    },
    {
        "id": 1396,
        "username": "XJ3E4w272dv",
        "name": null,
        "role": "USER",
        "accounts": [
            
        ]
    },
    {
        "id": 1386,
        "username": "dzbMsr",
        "name": null,
        "role": "USER",
        "accounts": [
            
        ]
    },
    {
        "id": 1376,
        "username": "aEppdA8",
        "name": null,
        "role": "USER",
        "accounts": [
            
        ]
    },
    {
        "id": 1370,
        "username": "xv6wt9uY7B3T",
        "name": null,
        "role": "USER",
        "accounts": [
            
        ]
    },
    {
        "id": 1413,
        "username": "7E6Q",
        "name": null,
        "role": "USER",
        "accounts": [
            
        ]
    },
    {
        "id": 1390,
        "username": "N3PLUX",
        "name": null,
        "role": "USER",
        "accounts": [
            
        ]
    },
    {
        "id": 4,
        "username": "bob_wilson",
        "name": "Bob Wilson",
        "role": "USER",
        "accounts": [
            {
                "id": 3,
                "accountNumber": "ACC11223344",
                "balance": 500.25,
                "transactions": [
                    {
                        "id": 4,
                        "amount": 500.25,
                        "type": "DEPOSIT",
                        "timestamp": "2024-01-04T16:45:00",
                        "relatedAccountId": null
                    }
                ]
            }
        ]
    },
    {
        "id": 1405,
        "username": "iQbPL4KxKYaJU",
        "name": null,
        "role": "USER",
        "accounts": [
            
        ]
    },
    {
        "id": 1385,
        "username": "oLYEu3iaFkhiju",
        "name": null,
        "role": "USER",
        "accounts": [
            
        ]
    },
    {
        "id": 1379,
        "username": "UiL7V7nREc9HZh",
        "name": null,
        "role": "USER",
        "accounts": [
            
        ]
    },
    {
        "id": 1404,
        "username": "y78RSY4iUvi99e",
        "name": null,
        "role": "USER",
        "accounts": [
            
        ]
    },
    {
        "id": 1406,
        "username": "IhOYMmcVv",
        "name": null,
        "role": "USER",
        "accounts": [
            
        ]
    },
    {
        "id": 1389,
        "username": "Wwo6xUGbzQ",
        "name": null,
        "role": "USER",
        "accounts": [
            
        ]
    },
    {
        "id": 1401,
        "username": "61Ykb9X5KE",
        "name": null,
        "role": "USER",
        "accounts": [
            
        ]
    },
    {
        "id": 1919,
        "username": "hBSBa1Irk",
        "name": null,
        "role": "USER",
        "accounts": [
            
        ]
    },
    {
        "id": 3093,
        "username": "GuY",
        "name": null,
        "role": "USER",
        "accounts": [
            
        ]
    },
    {
        "id": 3091,
        "username": "9Xg6Dr",
        "name": null,
        "role": "USER",
        "accounts": [
            
        ]
    },
    {
        "id": 1407,
        "username": "3Gs57ZDgm",
        "name": null,
        "role": "USER",
        "accounts": [
            
        ]
    },
    {
        "id": 1381,
        "username": "jhIyOQoz6q0Hd",
        "name": null,
        "role": "USER",
        "accounts": [
            
        ]
    },
    {
        "id": 1391,
        "username": "p39y",
        "name": null,
        "role": "USER",
        "accounts": [
            
        ]
    },
    {
        "id": 1374,
        "username": "3NIqVirjUMGc",
        "name": null,
        "role": "USER",
        "accounts": [
            
        ]
    },
    {
        "id": 3,
        "username": "jane_smith",
        "name": "Jane Smith",
        "role": "USER",
        "accounts": [
            {
                "id": 2,
                "accountNumber": "ACC87654321",
                "balance": 2500.50,
                "transactions": [
                    {
                        "id": 2,
                        "amount": 500.50,
                        "type": "DEPOSIT",
                        "timestamp": "2024-01-02T14:30:00",
                        "relatedAccountId": null
                    },
                    {
                        "id": 3,
                        "amount": 2500.00,
                        "type": "DEPOSIT",
                        "timestamp": "2024-01-03T09:15:00",
                        "relatedAccountId": null
                    }
                ]
            }
        ]
    },
    {
        "id": 1392,
        "username": "mG4XU9QNlHoGe6",
        "name": null,
        "role": "USER",
        "accounts": [
            
        ]
    },
    {
        "id": 1380,
        "username": "3GrqkzvAj7K",
        "name": null,
        "role": "USER",
        "accounts": [
            
        ]
    },
    {
        "id": 1679,
        "username": "7Uu6nwvwifpRpo",
        "name": null,
        "role": "USER",
        "accounts": [
            
        ]
    },
    {
        "id": 846,
        "username": "5Q07wAxVZiDB",
        "name": null,
        "role": "USER",
        "accounts": [
            
        ]
    },
    {
        "id": 1,
        "username": "admin",
        "name": "System Administrator",
        "role": "ADMIN",
        "accounts": [
            
        ]
    },
    {
        "id": 319,
        "username": "JQFNRz2n2k8",
        "name": null,
        "role": "USER",
        "accounts": [
            
        ]
    },
    {
        "id": 1618,
        "username": "HCa",
        "name": null,
        "role": "USER",
        "accounts": [
            
        ]
    },
    {
        "id": 1400,
        "username": "nv3tCbsLsk",
        "name": null,
        "role": "USER",
        "accounts": [
            
        ]
    },
    {
        "id": 1383,
        "username": "NL2SyWb0l",
        "name": null,
        "role": "USER",
        "accounts": [
            
        ]
    },
    {
        "id": 1369,
        "username": "kG8PoAYaaBun",
        "name": null,
        "role": "USER",
        "accounts": [
            
        ]
    },
    {
        "id": 1373,
        "username": "mY2HVIhOON23",
        "name": null,
        "role": "USER",
        "accounts": [
            
        ]
    },
    {
        "id": 3096,
        "username": "Nzwd",
        "name": null,
        "role": "USER",
        "accounts": [
            
        ]
    },
    {
        "id": 1408,
        "username": "ZvtuHBlqP",
        "name": null,
        "role": "USER",
        "accounts": [
            
        ]
    },
    {
        "id": 3090,
        "username": "L9G1c3f9BP",
        "name": null,
        "role": "USER",
        "accounts": [
            
        ]
    },
    {
        "id": 3088,
        "username": "WUzUh6PSb1li",
        "name": null,
        "role": "USER",
        "accounts": [
            
        ]
    },
    {
        "id": 1411,
        "username": "MELeueqbzy",
        "name": null,
        "role": "USER",
        "accounts": [
            
        ]
    },
    {
        "id": 3097,
        "username": "ORpyTdg5wvSML",
        "name": null,
        "role": "USER",
        "accounts": [
            
        ]
    },
    {
        "id": 1423,
        "username": "Pt6JvU101iTnna",
        "name": null,
        "role": "USER",
        "accounts": [
            
        ]
    },
    {
        "id": 1398,
        "username": "nNL",
        "name": null,
        "role": "USER",
        "accounts": [
            
        ]
    },
    {
        "id": 1387,
        "username": "hYK4HgpimKeOce",
        "name": null,
        "role": "USER",
        "accounts": [
            
        ]
    }
]
======== THREAD <<ForkJoinPool-1-worker-3>> TEST FINISHED iteration_1.ui.adminCannotCrateUserWithInvalidDataTest(), TEST DURATION: 3297 MLS
Request method:	POST
Request URI:	http://backend:4111/api/v1/auth/login
Proxy:			<none>
Request params:	<none>
Query params:	<none>
Form params:	<none>
Path params:	<none>
Headers:		Accept=application/json, application/javascript, text/javascript, text/json
				Content-Type=application/json
Cookies:		<none>
Multiparts:		<none>
Body:
{
    "username": "GuY",
    "password": "SSZpgym292%&"
}
HTTP/1.1 200 
Vary: Origin
Vary: Access-Control-Request-Method
Vary: Access-Control-Request-Headers
Authorization: Basic R3VZOlNTWnBneW0yOTIlJg==
X-Content-Type-Options: nosniff
X-XSS-Protection: 0
Cache-Control: no-cache, no-store, max-age=0, must-revalidate
Pragma: no-cache
Expires: 0
X-Frame-Options: DENY
Content-Type: application/json
Transfer-Encoding: chunked
Date: Thu, 13 Aug 2026 12:06:22 GMT
Keep-Alive: timeout=60
Connection: keep-alive

{
    "role": "USER",
    "username": "GuY"
}
======== THREAD <<ForkJoinPool-1-worker-8>> TEST STARTED iteration_2.ui.userCannotSearchTransactionWithInvalidName() ========
Request method:	POST
Request URI:	http://backend:4111/api/v1/accounts
Proxy:			<none>
Request params:	<none>
Query params:	<none>
Form params:	<none>
Path params:	<none>
Headers:		Accept=application/json, application/javascript, text/javascript, text/json
				Authorization=Basic R3VZOlNTWnBneW0yOTIlJg==
				Content-Type=application/json
Cookies:		<none>
Multiparts:		<none>
Body:			<none>
HTTP/1.1 201 
Vary: Origin
Vary: Access-Control-Request-Method
Vary: Access-Control-Request-Headers
X-Content-Type-Options: nosniff
X-XSS-Protection: 0
Cache-Control: no-cache, no-store, max-age=0, must-revalidate
Pragma: no-cache
Expires: 0
X-Frame-Options: DENY
Content-Type: application/json
Transfer-Encoding: chunked
Date: Thu, 13 Aug 2026 12:06:22 GMT
Keep-Alive: timeout=60
Connection: keep-alive

{
    "id": 3093,
    "accountNumber": "ACC49CFBFED",
    "balance": 0,
    "transactions": [
        
    ]
}
Request method:	PUT
Request URI:	http://backend:4111/api/v1/customer/profile
Proxy:			<none>
Request params:	<none>
Query params:	<none>
Form params:	<none>
Path params:	<none>
Headers:		Accept=application/json, application/javascript, text/javascript, text/json
				Authorization=Basic R3VZOlNTWnBneW0yOTIlJg==
				Content-Type=application/json
Cookies:		<none>
Multiparts:		<none>
Body:
{
    "name": "gxHDETn AwuEUhmS"
}
Aug 13, 2026 12:06:22 PM org.openqa.selenium.devtools.DevToolsProvider getImplementation
INFO: WebDriver augmented with DevTools interface; connection will not be verified until first use.
HTTP/1.1 200 
Vary: Origin
Vary: Access-Control-Request-Method
Vary: Access-Control-Request-Headers
X-Content-Type-Options: nosniff
X-XSS-Protection: 0
Cache-Control: no-cache, no-store, max-age=0, must-revalidate
Pragma: no-cache
Expires: 0
X-Frame-Options: DENY
Content-Type: application/json
Transfer-Encoding: chunked
Date: Thu, 13 Aug 2026 12:06:22 GMT
Keep-Alive: timeout=60
Connection: keep-alive

{
    "customer": {
        "id": 3093,
        "username": "GuY",
        "password": "$2a$10$s/ZepFMlZE55D1ok0NGwcu2SbJinRwjItl4A5YnC0HuUl.g0IYuSu",
        "name": "gxHDETn AwuEUhmS",
        "role": "USER",
        "accounts": [
            {
                "id": 3093,
                "accountNumber": "ACC49CFBFED",
                "balance": 0.00,
                "transactions": [
                    
                ]
            }
        ]
    },
    "message": "Profile updated successfully"
}
Request method:	POST
Request URI:	http://backend:4111/api/v1/accounts/deposit
Proxy:			<none>
Request params:	<none>
Query params:	<none>
Form params:	<none>
Path params:	<none>
Headers:		Accept=application/json, application/javascript, text/javascript, text/json
				Authorization=Basic R3VZOlNTWnBneW0yOTIlJg==
				Content-Type=application/json
Cookies:		<none>
Multiparts:		<none>
Body:
{
    "id": 3093,
    "balance": 5000.0
}
HTTP/1.1 200 
Vary: Origin
Vary: Access-Control-Request-Method
Vary: Access-Control-Request-Headers
X-Content-Type-Options: nosniff
X-XSS-Protection: 0
Cache-Control: no-cache, no-store, max-age=0, must-revalidate
Pragma: no-cache
Expires: 0
X-Frame-Options: DENY
Content-Type: application/json
Transfer-Encoding: chunked
Date: Thu, 13 Aug 2026 12:06:22 GMT
Keep-Alive: timeout=60
Connection: keep-alive

{
    "id": 3093,
    "accountNumber": "ACC49CFBFED",
    "balance": 5000.00,
    "transactions": [
        {
            "id": 2850,
            "amount": 5000.0,
            "type": "DEPOSIT",
            "timestamp": "2026-08-13T12:06:22.993542296",
            "timestampAsString": "2026-08-13T12:06:22.993542296",
            "relatedAccountId": 3093,
            "amountAsDouble": 5000.0
        }
    ]
}
======== THREAD <<ForkJoinPool-1-worker-8>> TEST FINISHED iteration_2.ui.userCannotSearchTransactionWithInvalidName(), TEST DURATION: 793 MLS
Request method:	GET
Request URI:	http://backend:4111/api/v1/admin/users
Proxy:			<none>
Request params:	<none>
Query params:	<none>
Form params:	<none>
Path params:	<none>
Headers:		Accept=application/json, application/javascript, text/javascript, text/json
				Authorization=Basic YWRtaW46YWRtaW4=
				Content-Type=application/json
Cookies:		<none>
Multiparts:		<none>
Body:			<none>
Request method:	DELETE
Request URI:	http://backend:4111/api/v1/admin/users/3093
Proxy:			<none>
Request params:	<none>
Query params:	<none>
Form params:	<none>
Path params:	<none>
Headers:		Accept=application/json, application/javascript, text/javascript, text/json
				Authorization=Basic YWRtaW46YWRtaW4=
				Content-Type=application/json
Cookies:		<none>
Multiparts:		<none>
Body:			<none>
Aug 13, 2026 12:06:23 PM org.openqa.selenium.devtools.DevToolsProvider getImplementation
INFO: WebDriver augmented with DevTools interface; connection will not be verified until first use.
HTTP/1.1 200 
Vary: Origin
Vary: Access-Control-Request-Method
Vary: Access-Control-Request-Headers
X-Content-Type-Options: nosniff
X-XSS-Protection: 0
Cache-Control: no-cache, no-store, max-age=0, must-revalidate
Pragma: no-cache
Expires: 0
X-Frame-Options: DENY
Content-Type: application/json
Content-Length: 39
Date: Thu, 13 Aug 2026 12:06:22 GMT
Keep-Alive: timeout=60
Connection: keep-alive

User with ID 3093 deleted successfully.
HTTP/1.1 200 
Vary: Origin
Vary: Access-Control-Request-Method
Vary: Access-Control-Request-Headers
X-Content-Type-Options: nosniff
X-XSS-Protection: 0
Cache-Control: no-cache, no-store, max-age=0, must-revalidate
Pragma: no-cache
Expires: 0
X-Frame-Options: DENY
Content-Type: application/json
Transfer-Encoding: chunked
Date: Thu, 13 Aug 2026 12:06:23 GMT
Keep-Alive: timeout=60
Connection: keep-alive

[
    {
        "id": 1409,
        "username": "srUPt",
        "name": null,
        "role": "USER",
        "accounts": [
            
        ]
    },
    {
        "id": 1793,
        "username": "HfCLZWoDTmS",
        "name": null,
        "role": "USER",
        "accounts": [
            
        ]
    },
    {
        "id": 3094,
        "username": "0xwhR",
        "name": null,
        "role": "USER",
        "accounts": [
            
        ]
    },
    {
        "id": 1388,
        "username": "6AG",
        "name": null,
        "role": "USER",
        "accounts": [
            
        ]
    },
    {
        "id": 1734,
        "username": "OsmzYH",
        "name": null,
        "role": "USER",
        "accounts": [
            
        ]
    },
    {
        "id": 1410,
        "username": "twCgQChcwsj",
        "name": null,
        "role": "USER",
        "accounts": [
            
        ]
    },
    {
        "id": 3095,
        "username": "zBRd0XAZ2u3",
        "name": null,
        "role": "USER",
        "accounts": [
            
        ]
    },
    {
        "id": 1395,
        "username": "gsO",
        "name": null,
        "role": "USER",
        "accounts": [
            
        ]
    },
    {
        "id": 318,
        "username": "wI4C",
        "name": null,
        "role": "USER",
        "accounts": [
            
        ]
    },
    {
        "id": 1378,
        "username": "vs3dJH",
        "name": null,
        "role": "USER",
        "accounts": [
            
        ]
    },
    {
        "id": 1987,
        "username": "PFZ45D7",
        "name": null,
        "role": "USER",
        "accounts": [
            
        ]
    },
    {
        "id": 1372,
        "username": "vl38yXm",
        "name": null,
        "role": "USER",
        "accounts": [
            
        ]
    },
    {
        "id": 1849,
        "username": "KJ96tEpE1Agh",
        "name": null,
        "role": "USER",
        "accounts": [
            
        ]
    },
    {
        "id": 1403,
        "username": "4HjmBOAxT",
        "name": null,
        "role": "USER",
        "accounts": [
            
        ]
    },
    {
        "id": 1397,
        "username": "9p2aRwfn",
        "name": null,
        "role": "USER",
        "accounts": [
            
        ]
    },
    {
        "id": 1399,
        "username": "CYRNH4",
        "name": null,
        "role": "USER",
        "accounts": [
            
        ]
    },
    {
        "id": 1570,
        "username": "tPPeM0d",
        "name": null,
        "role": "USER",
        "accounts": [
            
        ]
    },
    {
        "id": 1375,
        "username": "E4KN8LKlXN2Sq",
        "name": null,
        "role": "USER",
        "accounts": [
            
        ]
    },
    {
        "id": 1514,
        "username": "FEMXGwVNjSjOmXm",
        "name": null,
        "role": "USER",
        "accounts": [
            
        ]
    },
    {
        "id": 1384,
        "username": "RDfJiGRD3R",
        "name": null,
        "role": "USER",
        "accounts": [
            
        ]
    },
    {
        "id": 1377,
        "username": "tBCbi",
        "name": null,
        "role": "USER",
        "accounts": [
            
        ]
    },
    {
        "id": 1393,
        "username": "tF7wYnVij460",
        "name": null,
        "role": "USER",
        "accounts": [
            
        ]
    },
    {
        "id": 2,
        "username": "john_doe",
        "name": "John Doe",
        "role": "USER",
        "accounts": [
            {
                "id": 1,
                "accountNumber": "ACC12345678",
                "balance": 1000.00,
                "transactions": [
                    {
                        "id": 1,
                        "amount": 1000.00,
                        "type": "DEPOSIT",
                        "timestamp": "2024-01-01T10:00:00",
                        "relatedAccountId": null
                    }
                ]
            }
        ]
    },
    {
        "id": 1396,
        "username": "XJ3E4w272dv",
        "name": null,
        "role": "USER",
        "accounts": [
            
        ]
    },
    {
        "id": 1386,
        "username": "dzbMsr",
        "name": null,
        "role": "USER",
        "accounts": [
            
        ]
    },
    {
        "id": 1376,
        "username": "aEppdA8",
        "name": null,
        "role": "USER",
        "accounts": [
            
        ]
    },
    {
        "id": 1370,
        "username": "xv6wt9uY7B3T",
        "name": null,
        "role": "USER",
        "accounts": [
            
        ]
    },
    {
        "id": 1413,
        "username": "7E6Q",
        "name": null,
        "role": "USER",
        "accounts": [
            
        ]
    },
    {
        "id": 1390,
        "username": "N3PLUX",
        "name": null,
        "role": "USER",
        "accounts": [
            
        ]
    },
    {
        "id": 4,
        "username": "bob_wilson",
        "name": "Bob Wilson",
        "role": "USER",
        "accounts": [
            {
                "id": 3,
                "accountNumber": "ACC11223344",
                "balance": 500.25,
                "transactions": [
                    {
                        "id": 4,
                        "amount": 500.25,
                        "type": "DEPOSIT",
                        "timestamp": "2024-01-04T16:45:00",
                        "relatedAccountId": null
                    }
                ]
            }
        ]
    },
    {
        "id": 1405,
        "username": "iQbPL4KxKYaJU",
        "name": null,
        "role": "USER",
        "accounts": [
            
        ]
    },
    {
        "id": 1385,
        "username": "oLYEu3iaFkhiju",
        "name": null,
        "role": "USER",
        "accounts": [
            
        ]
    },
    {
        "id": 1379,
        "username": "UiL7V7nREc9HZh",
        "name": null,
        "role": "USER",
        "accounts": [
            
        ]
    },
    {
        "id": 1404,
        "username": "y78RSY4iUvi99e",
        "name": null,
        "role": "USER",
        "accounts": [
            
        ]
    },
    {
        "id": 1406,
        "username": "IhOYMmcVv",
        "name": null,
        "role": "USER",
        "accounts": [
            
        ]
    },
    {
        "id": 1389,
        "username": "Wwo6xUGbzQ",
        "name": null,
        "role": "USER",
        "accounts": [
            
        ]
    },
    {
        "id": 1401,
        "username": "61Ykb9X5KE",
        "name": null,
        "role": "USER",
        "accounts": [
            
        ]
    },
    {
        "id": 1919,
        "username": "hBSBa1Irk",
        "name": null,
        "role": "USER",
        "accounts": [
            
        ]
    },
    {
        "id": 3091,
        "username": "9Xg6Dr",
        "name": null,
        "role": "USER",
        "accounts": [
            
        ]
    },
    {
        "id": 1407,
        "username": "3Gs57ZDgm",
        "name": null,
        "role": "USER",
        "accounts": [
            
        ]
    },
    {
        "id": 1381,
        "username": "jhIyOQoz6q0Hd",
        "name": null,
        "role": "USER",
        "accounts": [
            
        ]
    },
    {
        "id": 1391,
        "username": "p39y",
        "name": null,
        "role": "USER",
        "accounts": [
            
        ]
    },
    {
        "id": 1374,
        "username": "3NIqVirjUMGc",
        "name": null,
        "role": "USER",
        "accounts": [
            
        ]
    },
    {
        "id": 3,
        "username": "jane_smith",
        "name": "Jane Smith",
        "role": "USER",
        "accounts": [
            {
                "id": 2,
                "accountNumber": "ACC87654321",
                "balance": 2500.50,
                "transactions": [
                    {
                        "id": 3,
                        "amount": 2500.00,
                        "type": "DEPOSIT",
                        "timestamp": "2024-01-03T09:15:00",
                        "relatedAccountId": null
                    },
                    {
                        "id": 2,
                        "amount": 500.50,
                        "type": "DEPOSIT",
                        "timestamp": "2024-01-02T14:30:00",
                        "relatedAccountId": null
                    }
                ]
            }
        ]
    },
    {
        "id": 1392,
        "username": "mG4XU9QNlHoGe6",
        "name": null,
        "role": "USER",
        "accounts": [
            
        ]
    },
    {
        "id": 1380,
        "username": "3GrqkzvAj7K",
        "name": null,
        "role": "USER",
        "accounts": [
            
        ]
    },
    {
        "id": 1679,
        "username": "7Uu6nwvwifpRpo",
        "name": null,
        "role": "USER",
        "accounts": [
            
        ]
    },
    {
        "id": 846,
        "username": "5Q07wAxVZiDB",
        "name": null,
        "role": "USER",
        "accounts": [
            
        ]
    },
    {
        "id": 1,
        "username": "admin",
        "name": "System Administrator",
        "role": "ADMIN",
        "accounts": [
            
        ]
    },
    {
        "id": 319,
        "username": "JQFNRz2n2k8",
        "name": null,
        "role": "USER",
        "accounts": [
            
        ]
    },
    {
        "id": 1618,
        "username": "HCa",
        "name": null,
        "role": "USER",
        "accounts": [
            
        ]
    },
    {
        "id": 1400,
        "username": "nv3tCbsLsk",
        "name": null,
        "role": "USER",
        "accounts": [
            
        ]
    },
    {
        "id": 1383,
        "username": "NL2SyWb0l",
        "name": null,
        "role": "USER",
        "accounts": [
            
        ]
    },
    {
        "id": 1369,
        "username": "kG8PoAYaaBun",
        "name": null,
        "role": "USER",
        "accounts": [
            
        ]
    },
    {
        "id": 1373,
        "username": "mY2HVIhOON23",
        "name": null,
        "role": "USER",
        "accounts": [
            
        ]
    },
    {
        "id": 3096,
        "username": "Nzwd",
        "name": null,
        "role": "USER",
        "accounts": [
            
        ]
    },
    {
        "id": 1408,
        "username": "ZvtuHBlqP",
        "name": null,
        "role": "USER",
        "accounts": [
            
        ]
    },
    {
        "id": 3090,
        "username": "L9G1c3f9BP",
        "name": null,
        "role": "USER",
        "accounts": [
            
        ]
    },
    {
        "id": 3088,
        "username": "WUzUh6PSb1li",
        "name": null,
        "role": "USER",
        "accounts": [
            
        ]
    },
    {
        "id": 1411,
        "username": "MELeueqbzy",
        "name": null,
        "role": "USER",
        "accounts": [
            
        ]
    },
    {
        "id": 3097,
        "username": "ORpyTdg5wvSML",
        "name": null,
        "role": "USER",
        "accounts": [
            
        ]
    },
    {
        "id": 1423,
        "username": "Pt6JvU101iTnna",
        "name": null,
        "role": "USER",
        "accounts": [
            
        ]
    },
    {
        "id": 1398,
        "username": "nNL",
        "name": null,
        "role": "USER",
        "accounts": [
            
        ]
    },
    {
        "id": 1387,
        "username": "hYK4HgpimKeOce",
        "name": null,
        "role": "USER",
        "accounts": [
            
        ]
    }
]
======== THREAD <<ForkJoinPool-1-worker-6>> TEST FINISHED iteration_1.ui.adminCanCrateUserTest(), TEST DURATION: 5212 MLS
Request method:	DELETE
Request URI:	http://backend:4111/api/v1/admin/users/3097
Proxy:			<none>
Request params:	<none>
Query params:	<none>
Form params:	<none>
Path params:	<none>
Headers:		Accept=application/json, application/javascript, text/javascript, text/json
				Authorization=Basic YWRtaW46YWRtaW4=
				Content-Type=application/json
Cookies:		<none>
Multiparts:		<none>
Body:			<none>
HTTP/1.1 200 
Vary: Origin
Vary: Access-Control-Request-Method
Vary: Access-Control-Request-Headers
X-Content-Type-Options: nosniff
X-XSS-Protection: 0
Cache-Control: no-cache, no-store, max-age=0, must-revalidate
Pragma: no-cache
Expires: 0
X-Frame-Options: DENY
Content-Type: application/json
Content-Length: 39
Date: Thu, 13 Aug 2026 12:06:23 GMT
Keep-Alive: timeout=60
Connection: keep-alive

User with ID 3097 deleted successfully.
Request method:	POST
Request URI:	http://backend:4111/api/v1/auth/login
Proxy:			<none>
Request params:	<none>
Query params:	<none>
Form params:	<none>
Path params:	<none>
Headers:		Accept=application/json, application/javascript, text/javascript, text/json
				Content-Type=application/json
Cookies:		<none>
Multiparts:		<none>
Body:
{
    "username": "9Xg6Dr",
    "password": "QWMrrnx420%&"
}
HTTP/1.1 200 
Vary: Origin
Vary: Access-Control-Request-Method
Vary: Access-Control-Request-Headers
Authorization: Basic OVhnNkRyOlFXTXJybng0MjAlJg==
X-Content-Type-Options: nosniff
X-XSS-Protection: 0
Cache-Control: no-cache, no-store, max-age=0, must-revalidate
Pragma: no-cache
Expires: 0
X-Frame-Options: DENY
Content-Type: application/json
Transfer-Encoding: chunked
Date: Thu, 13 Aug 2026 12:06:23 GMT
Keep-Alive: timeout=60
Connection: keep-alive

{
    "role": "USER",
    "username": "9Xg6Dr"
}
======== THREAD <<ForkJoinPool-1-worker-1>> TEST STARTED iteration_2.ui.userCannotUpdateNameWithInvalidDataTest() ========
Aug 13, 2026 12:06:24 PM org.openqa.selenium.devtools.DevToolsProvider getImplementation
INFO: WebDriver augmented with DevTools interface; connection will not be verified until first use.
======== THREAD <<ForkJoinPool-1-worker-1>> TEST FINISHED iteration_2.ui.userCannotUpdateNameWithInvalidDataTest(), TEST DURATION: 575 MLS
Request method:	DELETE
Request URI:	http://backend:4111/api/v1/admin/users/3091
Proxy:			<none>
Request params:	<none>
Query params:	<none>
Form params:	<none>
Path params:	<none>
Headers:		Accept=application/json, application/javascript, text/javascript, text/json
				Authorization=Basic YWRtaW46YWRtaW4=
				Content-Type=application/json
Cookies:		<none>
Multiparts:		<none>
Body:			<none>
HTTP/1.1 200 
Vary: Origin
Vary: Access-Control-Request-Method
Vary: Access-Control-Request-Headers
X-Content-Type-Options: nosniff
X-XSS-Protection: 0
Cache-Control: no-cache, no-store, max-age=0, must-revalidate
Pragma: no-cache
Expires: 0
X-Frame-Options: DENY
Content-Type: application/json
Content-Length: 39
Date: Thu, 13 Aug 2026 12:06:24 GMT
Keep-Alive: timeout=60
Connection: keep-alive

User with ID 3091 deleted successfully.
Request method:	POST
Request URI:	http://backend:4111/api/v1/auth/login
Proxy:			<none>
Request params:	<none>
Query params:	<none>
Form params:	<none>
Path params:	<none>
Headers:		Accept=application/json, application/javascript, text/javascript, text/json
				Content-Type=application/json
Cookies:		<none>
Multiparts:		<none>
Body:
{
    "username": "WUzUh6PSb1li",
    "password": "TZDhwzg515$&"
}
HTTP/1.1 200 
Vary: Origin
Vary: Access-Control-Request-Method
Vary: Access-Control-Request-Headers
Authorization: Basic V1V6VWg2UFNiMWxpOlRaRGh3emc1MTUkJg==
X-Content-Type-Options: nosniff
X-XSS-Protection: 0
Cache-Control: no-cache, no-store, max-age=0, must-revalidate
Pragma: no-cache
Expires: 0
X-Frame-Options: DENY
Content-Type: application/json
Transfer-Encoding: chunked
Date: Thu, 13 Aug 2026 12:06:24 GMT
Keep-Alive: timeout=60
Connection: keep-alive

{
    "role": "USER",
    "username": "WUzUh6PSb1li"
}
======== THREAD <<ForkJoinPool-1-worker-4>> TEST STARTED iteration_1.ui.userCanCreateAccountTest() ========
======== THREAD <<ForkJoinPool-1-worker-9>> TEST FINISHED iteration_1.ui.userCanLoginWithCorrectDataTest(), TEST DURATION: 10223 MLS
Request method:	DELETE
Request URI:	http://backend:4111/api/v1/admin/users/3090
Proxy:			<none>
Request params:	<none>
Query params:	<none>
Form params:	<none>
Path params:	<none>
Headers:		Accept=application/json, application/javascript, text/javascript, text/json
				Authorization=Basic YWRtaW46YWRtaW4=
				Content-Type=application/json
Cookies:		<none>
Multiparts:		<none>
Body:			<none>
HTTP/1.1 200 
Vary: Origin
Vary: Access-Control-Request-Method
Vary: Access-Control-Request-Headers
X-Content-Type-Options: nosniff
X-XSS-Protection: 0
Cache-Control: no-cache, no-store, max-age=0, must-revalidate
Pragma: no-cache
Expires: 0
X-Frame-Options: DENY
Content-Type: application/json
Content-Length: 39
Date: Thu, 13 Aug 2026 12:06:25 GMT
Keep-Alive: timeout=60
Connection: keep-alive

User with ID 3090 deleted successfully.
Request method:	GET
Request URI:	http://backend:4111/api/v1/customer/accounts
Proxy:			<none>
Request params:	<none>
Query params:	<none>
Form params:	<none>
Path params:	<none>
Headers:		Accept=application/json, application/javascript, text/javascript, text/json
				Authorization=Basic V1V6VWg2UFNiMWxpOlRaRGh3emc1MTUkJg==
				Content-Type=application/json
Cookies:		<none>
Multiparts:		<none>
Body:			<none>
Aug 13, 2026 12:06:26 PM org.openqa.selenium.devtools.DevToolsProvider getImplementation
INFO: WebDriver augmented with DevTools interface; connection will not be verified until first use.
Aug 13, 2026 12:06:26 PM org.openqa.selenium.devtools.DevToolsProvider getImplementation
INFO: WebDriver augmented with DevTools interface; connection will not be verified until first use.
HTTP/1.1 200 
Vary: Origin
Vary: Access-Control-Request-Method
Vary: Access-Control-Request-Headers
X-Content-Type-Options: nosniff
X-XSS-Protection: 0
Cache-Control: no-cache, no-store, max-age=0, must-revalidate
Pragma: no-cache
Expires: 0
X-Frame-Options: DENY
Content-Type: application/json
Transfer-Encoding: chunked
Date: Thu, 13 Aug 2026 12:06:25 GMT
Keep-Alive: timeout=60
Connection: keep-alive

[
    {
        "id": 3094,
        "accountNumber": "ACCC16E7AD8",
        "balance": 0.00,
        "transactions": [
            
        ]
    }
]
======== THREAD <<ForkJoinPool-1-worker-4>> TEST FINISHED iteration_1.ui.userCanCreateAccountTest(), TEST DURATION: 651 MLS
Request method:	DELETE
Request URI:	http://backend:4111/api/v1/admin/users/3088
Proxy:			<none>
Request params:	<none>
Query params:	<none>
Form params:	<none>
Path params:	<none>
Headers:		Accept=application/json, application/javascript, text/javascript, text/json
				Authorization=Basic YWRtaW46YWRtaW4=
				Content-Type=application/json
Cookies:		<none>
Multiparts:		<none>
Body:			<none>
HTTP/1.1 200 
Vary: Origin
Vary: Access-Control-Request-Method
Vary: Access-Control-Request-Headers
X-Content-Type-Options: nosniff
X-XSS-Protection: 0
Cache-Control: no-cache, no-store, max-age=0, must-revalidate
Pragma: no-cache
Expires: 0
X-Frame-Options: DENY
Content-Type: application/json
Content-Length: 39
Date: Thu, 13 Aug 2026 12:06:25 GMT
Keep-Alive: timeout=60
Connection: keep-alive

User with ID 3088 deleted successfully.
Request method:	POST
Request URI:	http://backend:4111/api/v1/auth/login
Proxy:			<none>
Request params:	<none>
Query params:	<none>
Form params:	<none>
Path params:	<none>
Headers:		Accept=application/json, application/javascript, text/javascript, text/json
				Content-Type=application/json
Cookies:		<none>
Multiparts:		<none>
Body:
{
    "username": "0xwhR",
    "password": "VNKhjgl155$$"
}
Request method:	POST
Request URI:	http://backend:4111/api/v1/auth/login
Proxy:			<none>
Request params:	<none>
Query params:	<none>
Form params:	<none>
Path params:	<none>
Headers:		Accept=application/json, application/javascript, text/javascript, text/json
				Content-Type=application/json
Cookies:		<none>
Multiparts:		<none>
Body:
{
    "username": "Nzwd",
    "password": "KOHpqof203&%"
}
HTTP/1.1 200 
Vary: Origin
Vary: Access-Control-Request-Method
Vary: Access-Control-Request-Headers
Authorization: Basic MHh3aFI6Vk5LaGpnbDE1NSQk
X-Content-Type-Options: nosniff
X-XSS-Protection: 0
Cache-Control: no-cache, no-store, max-age=0, must-revalidate
Pragma: no-cache
Expires: 0
X-Frame-Options: DENY
Content-Type: application/json
Transfer-Encoding: chunked
Date: Thu, 13 Aug 2026 12:06:26 GMT
Keep-Alive: timeout=60
Connection: keep-alive

{
    "role": "USER",
    "username": "0xwhR"
}
HTTP/1.1 200 
Vary: Origin
Vary: Access-Control-Request-Method
Vary: Access-Control-Request-Headers
Authorization: Basic Tnp3ZDpLT0hwcW9mMjAzJiU=
X-Content-Type-Options: nosniff
X-XSS-Protection: 0
Cache-Control: no-cache, no-store, max-age=0, must-revalidate
Pragma: no-cache
Expires: 0
X-Frame-Options: DENY
Content-Type: application/json
Transfer-Encoding: chunked
Date: Thu, 13 Aug 2026 12:06:26 GMT
Keep-Alive: timeout=60
Connection: keep-alive

{
    "role": "USER",
    "username": "Nzwd"
}
======== THREAD <<ForkJoinPool-1-worker-10>> TEST STARTED iteration_2.ui.userCanSearchTransactionWithValidName() ========
Request method:	POST
Request URI:	http://backend:4111/api/v1/accounts
Proxy:			<none>
Request params:	<none>
Query params:	<none>
Form params:	<none>
Path params:	<none>
Headers:		Accept=application/json, application/javascript, text/javascript, text/json
				Authorization=Basic MHh3aFI6Vk5LaGpnbDE1NSQk
				Content-Type=application/json
Cookies:		<none>
Multiparts:		<none>
Body:			<none>
======== THREAD <<ForkJoinPool-1-worker-11>> TEST STARTED iteration_2.ui.userCannotDepositWithoutSelectedAccountTest() ========
Request method:	POST
Request URI:	http://backend:4111/api/v1/accounts
Proxy:			<none>
Request params:	<none>
Query params:	<none>
Form params:	<none>
Path params:	<none>
Headers:		Accept=application/json, application/javascript, text/javascript, text/json
				Authorization=Basic Tnp3ZDpLT0hwcW9mMjAzJiU=
				Content-Type=application/json
Cookies:		<none>
Multiparts:		<none>
Body:			<none>
HTTP/1.1 201 
Vary: Origin
Vary: Access-Control-Request-Method
Vary: Access-Control-Request-Headers
X-Content-Type-Options: nosniff
X-XSS-Protection: 0
Cache-Control: no-cache, no-store, max-age=0, must-revalidate
Pragma: no-cache
Expires: 0
X-Frame-Options: DENY
Content-Type: application/json
Transfer-Encoding: chunked
Date: Thu, 13 Aug 2026 12:06:26 GMT
Keep-Alive: timeout=60
Connection: keep-alive

{
    "id": 3095,
    "accountNumber": "ACC1F435C48",
    "balance": 0,
    "transactions": [
        
    ]
}
Request method:	PUT
Request URI:	http://backend:4111/api/v1/customer/profile
Proxy:			<none>
Request params:	<none>
Query params:	<none>
Form params:	<none>
Path params:	<none>
Headers:		Accept=application/json, application/javascript, text/javascript, text/json
				Authorization=Basic MHh3aFI6Vk5LaGpnbDE1NSQk
				Content-Type=application/json
Cookies:		<none>
Multiparts:		<none>
Body:
{
    "name": "RmroNT WgHgWzWIBqaZbbP"
}
HTTP/1.1 201 
Vary: Origin
Vary: Access-Control-Request-Method
Vary: Access-Control-Request-Headers
X-Content-Type-Options: nosniff
X-XSS-Protection: 0
Cache-Control: no-cache, no-store, max-age=0, must-revalidate
Pragma: no-cache
Expires: 0
X-Frame-Options: DENY
Content-Type: application/json
Transfer-Encoding: chunked
Date: Thu, 13 Aug 2026 12:06:26 GMT
Keep-Alive: timeout=60
Connection: keep-alive

{
    "id": 3096,
    "accountNumber": "ACC513BB977",
    "balance": 0,
    "transactions": [
        
    ]
}
Aug 13, 2026 12:06:27 PM org.openqa.selenium.devtools.DevToolsProvider getImplementation
INFO: WebDriver augmented with DevTools interface; connection will not be verified until first use.
HTTP/1.1 200 
Vary: Origin
Vary: Access-Control-Request-Method
Vary: Access-Control-Request-Headers
X-Content-Type-Options: nosniff
X-XSS-Protection: 0
Cache-Control: no-cache, no-store, max-age=0, must-revalidate
Pragma: no-cache
Expires: 0
X-Frame-Options: DENY
Content-Type: application/json
Transfer-Encoding: chunked
Date: Thu, 13 Aug 2026 12:06:26 GMT
Keep-Alive: timeout=60
Connection: keep-alive

{
    "customer": {
        "id": 3094,
        "username": "0xwhR",
        "password": "$2a$10$8PG1/fezt.wkKCxpKxyHxOD2ZBSEKL6ske/ghqyIh65CMRVFm.hO2",
        "name": "RmroNT WgHgWzWIBqaZbbP",
        "role": "USER",
        "accounts": [
            {
                "id": 3095,
                "accountNumber": "ACC1F435C48",
                "balance": 0.00,
                "transactions": [
                    
                ]
            }
        ]
    },
    "message": "Profile updated successfully"
}
Request method:	POST
Request URI:	http://backend:4111/api/v1/accounts/deposit
Proxy:			<none>
Request params:	<none>
Query params:	<none>
Form params:	<none>
Path params:	<none>
Headers:		Accept=application/json, application/javascript, text/javascript, text/json
				Authorization=Basic MHh3aFI6Vk5LaGpnbDE1NSQk
				Content-Type=application/json
Cookies:		<none>
Multiparts:		<none>
Body:
{
    "id": 3095,
    "balance": 5000.0
}
HTTP/1.1 200 
Vary: Origin
Vary: Access-Control-Request-Method
Vary: Access-Control-Request-Headers
X-Content-Type-Options: nosniff
X-XSS-Protection: 0
Cache-Control: no-cache, no-store, max-age=0, must-revalidate
Pragma: no-cache
Expires: 0
X-Frame-Options: DENY
Content-Type: application/json
Transfer-Encoding: chunked
Date: Thu, 13 Aug 2026 12:06:26 GMT
Keep-Alive: timeout=60
Connection: keep-alive

{
    "id": 3095,
    "accountNumber": "ACC1F435C48",
    "balance": 5000.00,
    "transactions": [
        {
            "id": 2851,
            "amount": 5000.0,
            "type": "DEPOSIT",
            "timestamp": "2026-08-13T12:06:27.28833684",
            "timestampAsString": "2026-08-13T12:06:27.288336840",
            "relatedAccountId": 3095,
            "amountAsDouble": 5000.0
        }
    ]
}
======== THREAD <<ForkJoinPool-1-worker-11>> TEST FINISHED iteration_2.ui.userCannotDepositWithoutSelectedAccountTest(), TEST DURATION: 331 MLS
Request method:	DELETE
Request URI:	http://backend:4111/api/v1/admin/users/3096
Proxy:			<none>
Request params:	<none>
Query params:	<none>
Form params:	<none>
Path params:	<none>
Headers:		Accept=application/json, application/javascript, text/javascript, text/json
				Authorization=Basic YWRtaW46YWRtaW4=
				Content-Type=application/json
Cookies:		<none>
Multiparts:		<none>
Body:			<none>
HTTP/1.1 200 
Vary: Origin
Vary: Access-Control-Request-Method
Vary: Access-Control-Request-Headers
X-Content-Type-Options: nosniff
X-XSS-Protection: 0
Cache-Control: no-cache, no-store, max-age=0, must-revalidate
Pragma: no-cache
Expires: 0
X-Frame-Options: DENY
Content-Type: application/json
Content-Length: 39
Date: Thu, 13 Aug 2026 12:06:26 GMT
Keep-Alive: timeout=60
Connection: keep-alive

User with ID 3096 deleted successfully.
======== THREAD <<ForkJoinPool-1-worker-10>> TEST FINISHED iteration_2.ui.userCanSearchTransactionWithValidName(), TEST DURATION: 724 MLS
Request method:	DELETE
Request URI:	http://backend:4111/api/v1/admin/users/3094
Proxy:			<none>
Request params:	<none>
Query params:	<none>
Form params:	<none>
Path params:	<none>
Headers:		Accept=application/json, application/javascript, text/javascript, text/json
				Authorization=Basic YWRtaW46YWRtaW4=
				Content-Type=application/json
Cookies:		<none>
Multiparts:		<none>
Body:			<none>
HTTP/1.1 200 
Vary: Origin
Vary: Access-Control-Request-Method
Vary: Access-Control-Request-Headers
X-Content-Type-Options: nosniff
X-XSS-Protection: 0
Cache-Control: no-cache, no-store, max-age=0, must-revalidate
Pragma: no-cache
Expires: 0
X-Frame-Options: DENY
Content-Type: application/json
Content-Length: 39
Date: Thu, 13 Aug 2026 12:06:26 GMT
Keep-Alive: timeout=60
Connection: keep-alive

User with ID 3094 deleted successfully.
Request method:	POST
Request URI:	http://backend:4111/api/v1/auth/login
Proxy:			<none>
Request params:	<none>
Query params:	<none>
Form params:	<none>
Path params:	<none>
Headers:		Accept=application/json, application/javascript, text/javascript, text/json
				Content-Type=application/json
Cookies:		<none>
Multiparts:		<none>
Body:
{
    "username": "zBRd0XAZ2u3",
    "password": "JXTfrup136$$"
}
HTTP/1.1 200 
Vary: Origin
Vary: Access-Control-Request-Method
Vary: Access-Control-Request-Headers
Authorization: Basic ekJSZDBYQVoydTM6SlhUZnJ1cDEzNiQk
X-Content-Type-Options: nosniff
X-XSS-Protection: 0
Cache-Control: no-cache, no-store, max-age=0, must-revalidate
Pragma: no-cache
Expires: 0
X-Frame-Options: DENY
Content-Type: application/json
Transfer-Encoding: chunked
Date: Thu, 13 Aug 2026 12:06:28 GMT
Keep-Alive: timeout=60
Connection: keep-alive

{
    "role": "USER",
    "username": "zBRd0XAZ2u3"
}
======== THREAD <<ForkJoinPool-1-worker-12>> TEST STARTED iteration_2.ui.userCannotTransferWithoutConfirmTest() ========
Request method:	POST
Request URI:	http://backend:4111/api/v1/accounts
Proxy:			<none>
Request params:	<none>
Query params:	<none>
Form params:	<none>
Path params:	<none>
Headers:		Accept=application/json, application/javascript, text/javascript, text/json
				Authorization=Basic ekJSZDBYQVoydTM6SlhUZnJ1cDEzNiQk
				Content-Type=application/json
Cookies:		<none>
Multiparts:		<none>
Body:			<none>
HTTP/1.1 201 
Vary: Origin
Vary: Access-Control-Request-Method
Vary: Access-Control-Request-Headers
X-Content-Type-Options: nosniff
X-XSS-Protection: 0
Cache-Control: no-cache, no-store, max-age=0, must-revalidate
Pragma: no-cache
Expires: 0
X-Frame-Options: DENY
Content-Type: application/json
Transfer-Encoding: chunked
Date: Thu, 13 Aug 2026 12:06:28 GMT
Keep-Alive: timeout=60
Connection: keep-alive

{
    "id": 3097,
    "accountNumber": "ACC3C96F30B",
    "balance": 0,
    "transactions": [
        
    ]
}
Request method:	POST
Request URI:	http://backend:4111/api/v1/accounts
Proxy:			<none>
Request params:	<none>
Query params:	<none>
Form params:	<none>
Path params:	<none>
Headers:		Accept=application/json, application/javascript, text/javascript, text/json
				Authorization=Basic ekJSZDBYQVoydTM6SlhUZnJ1cDEzNiQk
				Content-Type=application/json
Cookies:		<none>
Multiparts:		<none>
Body:			<none>
HTTP/1.1 201 
Vary: Origin
Vary: Access-Control-Request-Method
Vary: Access-Control-Request-Headers
X-Content-Type-Options: nosniff
X-XSS-Protection: 0
Cache-Control: no-cache, no-store, max-age=0, must-revalidate
Pragma: no-cache
Expires: 0
X-Frame-Options: DENY
Content-Type: application/json
Transfer-Encoding: chunked
Date: Thu, 13 Aug 2026 12:06:28 GMT
Keep-Alive: timeout=60
Connection: keep-alive

{
    "id": 3098,
    "accountNumber": "ACC9DCB65E9",
    "balance": 0,
    "transactions": [
        
    ]
}
Request method:	POST
Request URI:	http://backend:4111/api/v1/accounts/deposit
Proxy:			<none>
Request params:	<none>
Query params:	<none>
Form params:	<none>
Path params:	<none>
Headers:		Accept=application/json, application/javascript, text/javascript, text/json
				Authorization=Basic ekJSZDBYQVoydTM6SlhUZnJ1cDEzNiQk
				Content-Type=application/json
Cookies:		<none>
Multiparts:		<none>
Body:
{
    "id": 3097,
    "balance": 5000.0
}
HTTP/1.1 200 
Vary: Origin
Vary: Access-Control-Request-Method
Vary: Access-Control-Request-Headers
X-Content-Type-Options: nosniff
X-XSS-Protection: 0
Cache-Control: no-cache, no-store, max-age=0, must-revalidate
Pragma: no-cache
Expires: 0
X-Frame-Options: DENY
Content-Type: application/json
Transfer-Encoding: chunked
Date: Thu, 13 Aug 2026 12:06:28 GMT
Keep-Alive: timeout=60
Connection: keep-alive

{
    "id": 3097,
    "accountNumber": "ACC3C96F30B",
    "balance": 5000.00,
    "transactions": [
        {
            "id": 2852,
            "amount": 5000.0,
            "type": "DEPOSIT",
            "timestamp": "2026-08-13T12:06:28.309147548",
            "timestampAsString": "2026-08-13T12:06:28.309147548",
            "relatedAccountId": 3097,
            "amountAsDouble": 5000.0
        }
    ]
}
======== THREAD <<ForkJoinPool-1-worker-12>> TEST FINISHED iteration_2.ui.userCannotTransferWithoutConfirmTest(), TEST DURATION: 998 MLS
Request method:	DELETE
Request URI:	http://backend:4111/api/v1/admin/users/3095
Proxy:			<none>
Request params:	<none>
Query params:	<none>
Form params:	<none>
Path params:	<none>
Headers:		Accept=application/json, application/javascript, text/javascript, text/json
				Authorization=Basic YWRtaW46YWRtaW4=
				Content-Type=application/json
Cookies:		<none>
Multiparts:		<none>
Body:			<none>
HTTP/1.1 200 
Vary: Origin
Vary: Access-Control-Request-Method
Vary: Access-Control-Request-Headers
X-Content-Type-Options: nosniff
X-XSS-Protection: 0
Cache-Control: no-cache, no-store, max-age=0, must-revalidate
Pragma: no-cache
Expires: 0
X-Frame-Options: DENY
Content-Type: application/json
Content-Length: 39
Date: Thu, 13 Aug 2026 12:06:29 GMT
Keep-Alive: timeout=60
Connection: keep-alive

User with ID 3095 deleted successfully.
>>> Running surefire-report:report
[INFO] Maven Build Time Profiler started. (Version 0.5.0)
[INFO] Scanning for projects...
[INFO] 
[INFO] ----------------------< org.example:nbank-tests >-----------------------
[INFO] Building nbank-tests 1.0-SNAPSHOT
[INFO]   from pom.xml
[INFO] --------------------------------[ jar ]---------------------------------
[INFO] 
[INFO] >>> surefire-report:3.2.5:report (default-cli) > [surefire]test @ nbank-tests >>>
[INFO] 
[INFO] --- resources:3.3.1:resources (default-resources) @ nbank-tests ---
[INFO] Copying 3 resources from src/main/resources to target/classes
[INFO] 
[INFO] --- compiler:3.11.0:compile (default-compile) @ nbank-tests ---
[INFO] Nothing to compile - all classes are up to date
[INFO] 
[INFO] --- resources:3.3.1:testResources (default-testResources) @ nbank-tests ---
[INFO] Copying 2 resources from src/test/resources to target/test-classes
[INFO] 
[INFO] --- compiler:3.11.0:testCompile (default-testCompile) @ nbank-tests ---
[INFO] Nothing to compile - all classes are up to date
[INFO] 
[INFO] --- surefire:3.2.5:test (default-test) @ nbank-tests ---
[INFO] Tests are skipped.
[INFO] 
[INFO] <<< surefire-report:3.2.5:report (default-cli) < [surefire]test @ nbank-tests <<<
[INFO] 
[INFO] 
[INFO] --- surefire-report:3.2.5:report (default-cli) @ nbank-tests ---
Downloading from central: https://repo.maven.apache.org/maven2/org/apache/maven/skins/maven-default-skin/1.3/maven-default-skin-1.3.jar
Progress (1): 0.9/14 kBProgress (1): 2.3/14 kBProgress (1): 3.6/14 kBProgress (1): 5.0/14 kBProgress (1): 6.4/14 kBProgress (1): 7.7/14 kBProgress (1): 9.1/14 kBProgress (1): 10/14 kB Progress (1): 12/14 kBProgress (1): 13/14 kBProgress (1): 14 kB                      Downloaded from central: https://repo.maven.apache.org/maven2/org/apache/maven/skins/maven-default-skin/1.3/maven-default-skin-1.3.jar (14 kB at 54 kB/s)
[INFO] Rendering content with org.apache.maven.skins:maven-default-skin:jar:1.3 skin.
[WARNING] Unable to locate Test Source XRef to link to - DISABLED
[INFO] MBTP: Session Ended
[INFO] ------------------------------------------------------------------------
[INFO] BUILD SUCCESS
[INFO] ------------------------------------------------------------------------
[INFO] Total time:  0.866 s
[INFO] Finished at: 2026-08-13T12:06:30Z
[INFO] ------------------------------------------------------------------------
[INFO] --             Maven Build Time Profiler Summary                      --
[INFO] ------------------------------------------------------------------------
[INFO] Project discovery time:       10 ms
[INFO] ------------------------------------------------------------------------
[INFO] Project Build Time (reactor order):
[INFO] 
[INFO] nbank-tests:
[INFO]           69 ms : process-resources
[INFO]           40 ms : compile
[INFO]            2 ms : process-test-resources
[INFO]            5 ms : test-compile
[INFO]           58 ms : test
[INFO] ------------------------------------------------------------------------
[INFO] Lifecycle Phase summary:
[INFO] 
[INFO]       69 ms : process-resources
[INFO]       40 ms : compile
[INFO]        2 ms : process-test-resources
[INFO]        5 ms : test-compile
[INFO]       58 ms : test
[INFO] ------------------------------------------------------------------------
[INFO] Plugins in lifecycle Phases:
[INFO] 
[INFO] process-resources:
[INFO]       69 ms: org.apache.maven.plugins:maven-resources-plugin:3.3.1:resources (default-resources)
[INFO] compile:
[INFO]       40 ms: org.apache.maven.plugins:maven-compiler-plugin:3.11.0:compile (default-compile)
[INFO] process-test-resources:
[INFO]        2 ms: org.apache.maven.plugins:maven-resources-plugin:3.3.1:testResources (default-testResources)
[INFO] test-compile:
[INFO]        5 ms: org.apache.maven.plugins:maven-compiler-plugin:3.11.0:testCompile (default-testCompile)
[INFO] test:
[INFO]       58 ms: org.apache.maven.plugins:maven-surefire-plugin:3.2.5:test (default-test)
[INFO] 
[INFO]      174 ms plugins execution summary.
[INFO] ------------------------------------------------------------------------
[INFO] Plugins directly called via goals:
[INFO] 
[INFO]      529 ms : org.apache.maven.plugins:maven-surefire-report-plugin:3.2.5:report (default-cli)
[INFO] ------------------------------------------------------------------------
[INFO] Artifact Download summary:
[INFO]      319 ms : org.apache.maven.skins:maven-default-skin:1.3:jar (13,779 bytes)
[INFO] 
[INFO] 319 ms  13,779 bytes. 0.041 MiB / s
[INFO] ForkTime: 288
[INFO] ProjectTimer: org.example:nbank-tests:jar:1.0-SNAPSHOT : 287
