>>> Running tests with profile: ui
SLF4J(W): No SLF4J providers were found.
SLF4J(W): Defaulting to no-operation (NOP) logger implementation
SLF4J(W): See https://www.slf4j.org/codes.html#noProviders for further details.
======== THREAD <<ForkJoinPool-1-worker-2>> TEST STARTED iteration_1.ui.adminCanLoginWithCorrectDataTest() ========
======== THREAD <<ForkJoinPool-1-worker-8>> TEST STARTED iteration_1.ui.userCanLoginWithCorrectDataTest() ========
Request method:	POST
Request URI:	http://backend:4111/api/v1/admin/users
Proxy:			<none>
Request params:	<none>
Query params:	<none>
Form params:	<none>
Path params:	<none>
Headers:		Accept=application/json, application/javascript, text/javascript, text/json
				Authorization=Basic YWRtaW46YWRtaW4=
				Content-Type=application/json
Cookies:		<none>
Multiparts:		<none>
Body:
{
    "username": "xIu6gTnb9Pdh8O0",
    "password": "WPZbtbl402&%",
    "role": "USER"
}
Request method:	POST
Request URI:	http://backend:4111/api/v1/admin/users
Proxy:			<none>
Request params:	<none>
Query params:	<none>
Form params:	<none>
Path params:	<none>
Headers:		Accept=application/json, application/javascript, text/javascript, text/json
				Authorization=Basic YWRtaW46YWRtaW4=
				Content-Type=application/json
Cookies:		<none>
Multiparts:		<none>
Body:
{
    "username": "BW1ORxTHNPr2",
    "password": "AFZnngx067$$",
    "role": "USER"
}
Request method:	POST
Request URI:	http://backend:4111/api/v1/admin/users
Proxy:			<none>
Request params:	<none>
Query params:	<none>
Form params:	<none>
Path params:	<none>
Headers:		Accept=application/json, application/javascript, text/javascript, text/json
				Authorization=Basic YWRtaW46YWRtaW4=
				Content-Type=application/json
Cookies:		<none>
Multiparts:		<none>
Body:
{
    "username": "uyfgN9fsmPxI",
    "password": "RMAaneq336$$",
    "role": "USER"
}
Request method:	POST
Request URI:	http://backend:4111/api/v1/admin/users
Proxy:			<none>
Request params:	<none>
Query params:	<none>
Form params:	<none>
Path params:	<none>
Headers:		Accept=application/json, application/javascript, text/javascript, text/json
				Authorization=Basic YWRtaW46YWRtaW4=
				Content-Type=application/json
Cookies:		<none>
Multiparts:		<none>
Body:
{
    "username": "caFmqgx1DKVV3Aw",
    "password": "OERancf459%%",
    "role": "USER"
}
Request method:	POST
Request URI:	http://backend:4111/api/v1/admin/users
Proxy:			<none>
Request params:	<none>
Query params:	<none>
Form params:	<none>
Path params:	<none>
Headers:		Accept=application/json, application/javascript, text/javascript, text/json
				Authorization=Basic YWRtaW46YWRtaW4=
				Content-Type=application/json
Cookies:		<none>
Multiparts:		<none>
Body:
{
    "username": "h6zLX5Y",
    "password": "DUUktkp940%&",
    "role": "USER"
}
Request method:	POST
Request URI:	http://backend:4111/api/v1/admin/users
Proxy:			<none>
Request params:	<none>
Query params:	<none>
Form params:	<none>
Path params:	<none>
Headers:		Accept=application/json, application/javascript, text/javascript, text/json
				Authorization=Basic YWRtaW46YWRtaW4=
				Content-Type=application/json
Cookies:		<none>
Multiparts:		<none>
Body:
{
    "username": "9AtKfRdPixnm",
    "password": "VXRntsp047&$",
    "role": "USER"
}
HTTP/1.1 201 
Vary: Origin
Vary: Access-Control-Request-Method
Vary: Access-Control-Request-Headers
Authorization: Basic OUF0S2ZSZFBpeG5tOlZYUm50c3AwNDcmJA==
X-Content-Type-Options: nosniff
X-XSS-Protection: 0
Cache-Control: no-cache, no-store, max-age=0, must-revalidate
Pragma: no-cache
Expires: 0
X-Frame-Options: DENY
Content-Type: application/json
Transfer-Encoding: chunked
Date: Thu, 13 Aug 2026 12:04:42 GMT
Keep-Alive: timeout=60
Connection: keep-alive

{
    "id": 3053,
    "username": "9AtKfRdPixnm",
    "password": "$2a$10$HAQ6SDzDJLRSyNdO2jNYheuAEy7TSSrJMIm5h3N3q0XJ.Xzc9W5DC",
    "name": null,
    "role": "USER",
    "accounts": [
        
    ]
}
HTTP/1.1 201 
Vary: Origin
Vary: Access-Control-Request-Method
Vary: Access-Control-Request-Headers
Authorization: Basic aDZ6TFg1WTpEVVVrdGtwOTQwJSY=
X-Content-Type-Options: nosniff
X-XSS-Protection: 0
Cache-Control: no-cache, no-store, max-age=0, must-revalidate
Pragma: no-cache
Expires: 0
X-Frame-Options: DENY
Content-Type: application/json
Transfer-Encoding: chunked
Date: Thu, 13 Aug 2026 12:04:42 GMT
Keep-Alive: timeout=60
Connection: keep-alive

{
    "id": 3050,
    "username": "h6zLX5Y",
    "password": "$2a$10$MSlJ6xl1SZjaE5sJi7yu6et.dFgWXx.eFN0lUGXffuYrhYIh3yujm",
    "name": null,
    "role": "USER",
    "accounts": [
        
    ]
}
HTTP/1.1 201 
Vary: Origin
Vary: Access-Control-Request-Method
Vary: Access-Control-Request-Headers
Authorization: Basic dXlmZ045ZnNtUHhJOlJNQWFuZXEzMzYkJA==
X-Content-Type-Options: nosniff
X-XSS-Protection: 0
Cache-Control: no-cache, no-store, max-age=0, must-revalidate
Pragma: no-cache
Expires: 0
X-Frame-Options: DENY
Content-Type: application/json
Transfer-Encoding: chunked
Date: Thu, 13 Aug 2026 12:04:42 GMT
Keep-Alive: timeout=60
Connection: keep-alive

{
    "id": 3048,
    "username": "uyfgN9fsmPxI",
    "password": "$2a$10$599Ga0Vhvt1AoNV4WfVuy.fvU3PK8jmdiikEWEiaQl20QYetimvdC",
    "name": null,
    "role": "USER",
    "accounts": [
        
    ]
}
HTTP/1.1 201 
Vary: Origin
Vary: Access-Control-Request-Method
Vary: Access-Control-Request-Headers
Authorization: Basic Y2FGbXFneDFES1ZWM0F3Ok9FUmFuY2Y0NTklJQ==
X-Content-Type-Options: nosniff
X-XSS-Protection: 0
Cache-Control: no-cache, no-store, max-age=0, must-revalidate
Pragma: no-cache
Expires: 0
X-Frame-Options: DENY
Content-Type: application/json
Transfer-Encoding: chunked
Date: Thu, 13 Aug 2026 12:04:42 GMT
Keep-Alive: timeout=60
Connection: keep-alive

{
    "id": 3051,
    "username": "caFmqgx1DKVV3Aw",
    "password": "$2a$10$YoPegoVFHXWRtEM/7cAwbeH80HvXphMDI1Y9O/q22PYpEaV1bloxK",
    "name": null,
    "role": "USER",
    "accounts": [
        
    ]
}
HTTP/1.1 201 
Vary: Origin
Vary: Access-Control-Request-Method
Vary: Access-Control-Request-Headers
Authorization: Basic QlcxT1J4VEhOUHIyOkFGWm5uZ3gwNjckJA==
X-Content-Type-Options: nosniff
X-XSS-Protection: 0
Cache-Control: no-cache, no-store, max-age=0, must-revalidate
Pragma: no-cache
Expires: 0
X-Frame-Options: DENY
Content-Type: application/json
Transfer-Encoding: chunked
Date: Thu, 13 Aug 2026 12:04:42 GMT
Keep-Alive: timeout=60
Connection: keep-alive

{
    "id": 3049,
    "username": "BW1ORxTHNPr2",
    "password": "$2a$10$QsBOnzWfUjonZ0TwNzxHgeJhdfUSKN0SDMl7I5ar0ECnxfvKLUTyG",
    "name": null,
    "role": "USER",
    "accounts": [
        
    ]
}
HTTP/1.1 201 
Vary: Origin
Vary: Access-Control-Request-Method
Vary: Access-Control-Request-Headers
Authorization: Basic eEl1NmdUbmI5UGRoOE8wOldQWmJ0Ymw0MDImJQ==
X-Content-Type-Options: nosniff
X-XSS-Protection: 0
Cache-Control: no-cache, no-store, max-age=0, must-revalidate
Pragma: no-cache
Expires: 0
X-Frame-Options: DENY
Content-Type: application/json
Transfer-Encoding: chunked
Date: Thu, 13 Aug 2026 12:04:42 GMT
Keep-Alive: timeout=60
Connection: keep-alive

{
    "id": 3052,
    "username": "xIu6gTnb9Pdh8O0",
    "password": "$2a$10$cT49EPyp0Jvs1aONgl0lTe9OpzwlsLKt7kRdPWuKMczzRHpJuFZay",
    "name": null,
    "role": "USER",
    "accounts": [
        
    ]
}
Request method:	POST
Request URI:	http://backend:4111/api/v1/admin/users
Proxy:			<none>
Request params:	<none>
Query params:	<none>
Form params:	<none>
Path params:	<none>
Headers:		Accept=application/json, application/javascript, text/javascript, text/json
				Authorization=Basic YWRtaW46YWRtaW4=
				Content-Type=application/json
Cookies:		<none>
Multiparts:		<none>
Body:
{
    "username": "b9z2izQrneR",
    "password": "ZNGljja821$%",
    "role": "USER"
}
Request method:	POST
Request URI:	http://backend:4111/api/v1/admin/users
Proxy:			<none>
Request params:	<none>
Query params:	<none>
Form params:	<none>
Path params:	<none>
Headers:		Accept=application/json, application/javascript, text/javascript, text/json
				Authorization=Basic YWRtaW46YWRtaW4=
				Content-Type=application/json
Cookies:		<none>
Multiparts:		<none>
Body:
{
    "username": "21vhvLnc",
    "password": "UKCnmzw921&$",
    "role": "USER"
}
Request method:	POST
Request URI:	http://backend:4111/api/v1/admin/users
Proxy:			<none>
Request params:	<none>
Query params:	<none>
Form params:	<none>
Path params:	<none>
Headers:		Accept=application/json, application/javascript, text/javascript, text/json
				Authorization=Basic YWRtaW46YWRtaW4=
				Content-Type=application/json
Cookies:		<none>
Multiparts:		<none>
Body:
{
    "username": "L1pWQpB2JK2",
    "password": "IFOcmby251&&",
    "role": "USER"
}
HTTP/1.1 201 
Vary: Origin
Vary: Access-Control-Request-Method
Vary: Access-Control-Request-Headers
Authorization: Basic Yjl6Mml6UXJuZVI6Wk5HbGpqYTgyMSQl
X-Content-Type-Options: nosniff
X-XSS-Protection: 0
Cache-Control: no-cache, no-store, max-age=0, must-revalidate
Pragma: no-cache
Expires: 0
X-Frame-Options: DENY
Content-Type: application/json
Transfer-Encoding: chunked
Date: Thu, 13 Aug 2026 12:04:42 GMT
Keep-Alive: timeout=60
Connection: keep-alive

{
    "id": 3054,
    "username": "b9z2izQrneR",
    "password": "$2a$10$Uk.iA5/zHmArekbuvtglZOh4264ueJUKDalI7j7h.Mo0GmM.N/s.y",
    "name": null,
    "role": "USER",
    "accounts": [
        
    ]
}
HTTP/1.1 201 
Vary: Origin
Vary: Access-Control-Request-Method
Vary: Access-Control-Request-Headers
Authorization: Basic MjF2aHZMbmM6VUtDbm16dzkyMSYk
X-Content-Type-Options: nosniff
X-XSS-Protection: 0
Cache-Control: no-cache, no-store, max-age=0, must-revalidate
Pragma: no-cache
Expires: 0
X-Frame-Options: DENY
Content-Type: application/json
Transfer-Encoding: chunked
Date: Thu, 13 Aug 2026 12:04:42 GMT
Keep-Alive: timeout=60
Connection: keep-alive

{
    "id": 3055,
    "username": "21vhvLnc",
    "password": "$2a$10$SRr03wATCjnjHx5GS5i5te8y1h2/jKvVxhpcsmx4782zwrUL5sTfi",
    "name": null,
    "role": "USER",
    "accounts": [
        
    ]
}
HTTP/1.1 201 
Vary: Origin
Vary: Access-Control-Request-Method
Vary: Access-Control-Request-Headers
Authorization: Basic TDFwV1FwQjJKSzI6SUZPY21ieTI1MSYm
X-Content-Type-Options: nosniff
X-XSS-Protection: 0
Cache-Control: no-cache, no-store, max-age=0, must-revalidate
Pragma: no-cache
Expires: 0
X-Frame-Options: DENY
Content-Type: application/json
Transfer-Encoding: chunked
Date: Thu, 13 Aug 2026 12:04:42 GMT
Keep-Alive: timeout=60
Connection: keep-alive

{
    "id": 3056,
    "username": "L1pWQpB2JK2",
    "password": "$2a$10$JmTKqLJ6/IpekaVgVgMsl.mligbKjwTLNPDyfajAXsQLcW4uoKNXG",
    "name": null,
    "role": "USER",
    "accounts": [
        
    ]
}
Aug 13, 2026 12:04:44 PM org.openqa.selenium.devtools.DevToolsProvider getImplementation
INFO: WebDriver augmented with DevTools interface; connection will not be verified until first use.
Aug 13, 2026 12:04:44 PM org.openqa.selenium.devtools.DevToolsProvider getImplementation
INFO: WebDriver augmented with DevTools interface; connection will not be verified until first use.
Aug 13, 2026 12:04:44 PM org.openqa.selenium.devtools.DevToolsProvider getImplementation
INFO: WebDriver augmented with DevTools interface; connection will not be verified until first use.
Aug 13, 2026 12:04:45 PM org.openqa.selenium.devtools.DevToolsProvider getImplementation
INFO: WebDriver augmented with DevTools interface; connection will not be verified until first use.
Aug 13, 2026 12:04:45 PM org.openqa.selenium.devtools.DevToolsProvider getImplementation
INFO: WebDriver augmented with DevTools interface; connection will not be verified until first use.
======== THREAD <<ForkJoinPool-1-worker-3>> TEST STARTED iteration_1.ui.adminCannotCrateUserWithInvalidDataTest() ========
======== THREAD <<ForkJoinPool-1-worker-7>> TEST STARTED iteration_1.ui.adminCanCrateUserTest() ========
Request method:	POST
Request URI:	http://backend:4111/api/v1/auth/login
Proxy:			<none>
Request params:	<none>
Query params:	<none>
Form params:	<none>
Path params:	<none>
Headers:		Accept=application/json, application/javascript, text/javascript, text/json
				Content-Type=application/json
Cookies:		<none>
Multiparts:		<none>
Body:
{
    "username": "h6zLX5Y",
    "password": "DUUktkp940%&"
}
HTTP/1.1 200 
Vary: Origin
Vary: Access-Control-Request-Method
Vary: Access-Control-Request-Headers
Authorization: Basic aDZ6TFg1WTpEVVVrdGtwOTQwJSY=
X-Content-Type-Options: nosniff
X-XSS-Protection: 0
Cache-Control: no-cache, no-store, max-age=0, must-revalidate
Pragma: no-cache
Expires: 0
X-Frame-Options: DENY
Content-Type: application/json
Transfer-Encoding: chunked
Date: Thu, 13 Aug 2026 12:04:45 GMT
Keep-Alive: timeout=60
Connection: keep-alive

{
    "role": "USER",
    "username": "h6zLX5Y"
}
======== THREAD <<ForkJoinPool-1-worker-6>> TEST STARTED iteration_2.ui.userCanDepositWithValidData() ========
Request method:	POST
Request URI:	http://backend:4111/api/v1/accounts
Proxy:			<none>
Request params:	<none>
Query params:	<none>
Form params:	<none>
Path params:	<none>
Headers:		Accept=application/json, application/javascript, text/javascript, text/json
				Authorization=Basic aDZ6TFg1WTpEVVVrdGtwOTQwJSY=
				Content-Type=application/json
Cookies:		<none>
Multiparts:		<none>
Body:			<none>
======== THREAD <<ForkJoinPool-1-worker-2>> TEST FINISHED iteration_1.ui.adminCanLoginWithCorrectDataTest(), TEST DURATION: 4789 MLS
HTTP/1.1 201 
Vary: Origin
Vary: Access-Control-Request-Method
Vary: Access-Control-Request-Headers
X-Content-Type-Options: nosniff
X-XSS-Protection: 0
Cache-Control: no-cache, no-store, max-age=0, must-revalidate
Pragma: no-cache
Expires: 0
X-Frame-Options: DENY
Content-Type: application/json
Transfer-Encoding: chunked
Date: Thu, 13 Aug 2026 12:04:45 GMT
Keep-Alive: timeout=60
Connection: keep-alive

{
    "id": 3059,
    "accountNumber": "ACC381104C9",
    "balance": 0,
    "transactions": [
        
    ]
}
======== THREAD <<ForkJoinPool-1-worker-8>> TEST FINISHED iteration_1.ui.userCanLoginWithCorrectDataTest(), TEST DURATION: 5386 MLS
Request method:	DELETE
Request URI:	http://backend:4111/api/v1/admin/users/3053
Proxy:			<none>
Request params:	<none>
Query params:	<none>
Form params:	<none>
Path params:	<none>
Headers:		Accept=application/json, application/javascript, text/javascript, text/json
				Authorization=Basic YWRtaW46YWRtaW4=
				Content-Type=application/json
Cookies:		<none>
Multiparts:		<none>
Body:			<none>
HTTP/1.1 200 
Vary: Origin
Vary: Access-Control-Request-Method
Vary: Access-Control-Request-Headers
X-Content-Type-Options: nosniff
X-XSS-Protection: 0
Cache-Control: no-cache, no-store, max-age=0, must-revalidate
Pragma: no-cache
Expires: 0
X-Frame-Options: DENY
Content-Type: application/json
Content-Length: 39
Date: Thu, 13 Aug 2026 12:04:46 GMT
Keep-Alive: timeout=60
Connection: keep-alive

User with ID 3053 deleted successfully.
Request method:	GET
Request URI:	http://backend:4111/api/v1/customer/accounts
Proxy:			<none>
Request params:	<none>
Query params:	<none>
Form params:	<none>
Path params:	<none>
Headers:		Accept=application/json, application/javascript, text/javascript, text/json
				Authorization=Basic aDZ6TFg1WTpEVVVrdGtwOTQwJSY=
				Content-Type=application/json
Cookies:		<none>
Multiparts:		<none>
Body:			<none>
HTTP/1.1 200 
Vary: Origin
Vary: Access-Control-Request-Method
Vary: Access-Control-Request-Headers
X-Content-Type-Options: nosniff
X-XSS-Protection: 0
Cache-Control: no-cache, no-store, max-age=0, must-revalidate
Pragma: no-cache
Expires: 0
X-Frame-Options: DENY
Content-Type: application/json
Transfer-Encoding: chunked
Date: Thu, 13 Aug 2026 12:04:46 GMT
Keep-Alive: timeout=60
Connection: keep-alive

[
    {
        "id": 3059,
        "accountNumber": "ACC381104C9",
        "balance": 4148.27,
        "transactions": [
            {
                "id": 2833,
                "amount": 4148.27,
                "type": "DEPOSIT",
                "timestamp": "2026-08-13T12:04:47.186105",
                "relatedAccountId": 3059
            }
        ]
    }
]
======== THREAD <<ForkJoinPool-1-worker-6>> TEST FINISHED iteration_2.ui.userCanDepositWithValidData(), TEST DURATION: 1777 MLS
Request method:	DELETE
Request URI:	http://backend:4111/api/v1/admin/users/3050
Proxy:			<none>
Request params:	<none>
Query params:	<none>
Form params:	<none>
Path params:	<none>
Headers:		Accept=application/json, application/javascript, text/javascript, text/json
				Authorization=Basic YWRtaW46YWRtaW4=
				Content-Type=application/json
Cookies:		<none>
Multiparts:		<none>
Body:			<none>
HTTP/1.1 200 
Vary: Origin
Vary: Access-Control-Request-Method
Vary: Access-Control-Request-Headers
X-Content-Type-Options: nosniff
X-XSS-Protection: 0
Cache-Control: no-cache, no-store, max-age=0, must-revalidate
Pragma: no-cache
Expires: 0
X-Frame-Options: DENY
Content-Type: application/json
Content-Length: 39
Date: Thu, 13 Aug 2026 12:04:48 GMT
Keep-Alive: timeout=60
Connection: keep-alive

User with ID 3050 deleted successfully.
Aug 13, 2026 12:04:48 PM org.openqa.selenium.devtools.DevToolsProvider getImplementation
INFO: WebDriver augmented with DevTools interface; connection will not be verified until first use.
Request method:	GET
Request URI:	http://backend:4111/api/v1/admin/users
Proxy:			<none>
Request params:	<none>
Query params:	<none>
Form params:	<none>
Path params:	<none>
Headers:		Accept=application/json, application/javascript, text/javascript, text/json
				Authorization=Basic YWRtaW46YWRtaW4=
				Content-Type=application/json
Cookies:		<none>
Multiparts:		<none>
Body:			<none>
HTTP/1.1 200 
Vary: Origin
Vary: Access-Control-Request-Method
Vary: Access-Control-Request-Headers
X-Content-Type-Options: nosniff
X-XSS-Protection: 0
Cache-Control: no-cache, no-store, max-age=0, must-revalidate
Pragma: no-cache
Expires: 0
X-Frame-Options: DENY
Content-Type: application/json
Transfer-Encoding: chunked
Date: Thu, 13 Aug 2026 12:04:48 GMT
Keep-Alive: timeout=60
Connection: keep-alive

[
    {
        "id": 1409,
        "username": "srUPt",
        "name": null,
        "role": "USER",
        "accounts": [
            
        ]
    },
    {
        "id": 1793,
        "username": "HfCLZWoDTmS",
        "name": null,
        "role": "USER",
        "accounts": [
            
        ]
    },
    {
        "id": 1388,
        "username": "6AG",
        "name": null,
        "role": "USER",
        "accounts": [
            
        ]
    },
    {
        "id": 1734,
        "username": "OsmzYH",
        "name": null,
        "role": "USER",
        "accounts": [
            
        ]
    },
    {
        "id": 1410,
        "username": "twCgQChcwsj",
        "name": null,
        "role": "USER",
        "accounts": [
            
        ]
    },
    {
        "id": 1395,
        "username": "gsO",
        "name": null,
        "role": "USER",
        "accounts": [
            
        ]
    },
    {
        "id": 3049,
        "username": "BW1ORxTHNPr2",
        "name": null,
        "role": "USER",
        "accounts": [
            
        ]
    },
    {
        "id": 318,
        "username": "wI4C",
        "name": null,
        "role": "USER",
        "accounts": [
            
        ]
    },
    {
        "id": 1378,
        "username": "vs3dJH",
        "name": null,
        "role": "USER",
        "accounts": [
            
        ]
    },
    {
        "id": 3056,
        "username": "L1pWQpB2JK2",
        "name": null,
        "role": "USER",
        "accounts": [
            
        ]
    },
    {
        "id": 1987,
        "username": "PFZ45D7",
        "name": null,
        "role": "USER",
        "accounts": [
            
        ]
    },
    {
        "id": 1372,
        "username": "vl38yXm",
        "name": null,
        "role": "USER",
        "accounts": [
            
        ]
    },
    {
        "id": 1849,
        "username": "KJ96tEpE1Agh",
        "name": null,
        "role": "USER",
        "accounts": [
            
        ]
    },
    {
        "id": 1403,
        "username": "4HjmBOAxT",
        "name": null,
        "role": "USER",
        "accounts": [
            
        ]
    },
    {
        "id": 1397,
        "username": "9p2aRwfn",
        "name": null,
        "role": "USER",
        "accounts": [
            
        ]
    },
    {
        "id": 1399,
        "username": "CYRNH4",
        "name": null,
        "role": "USER",
        "accounts": [
            
        ]
    },
    {
        "id": 1570,
        "username": "tPPeM0d",
        "name": null,
        "role": "USER",
        "accounts": [
            
        ]
    },
    {
        "id": 1375,
        "username": "E4KN8LKlXN2Sq",
        "name": null,
        "role": "USER",
        "accounts": [
            
        ]
    },
    {
        "id": 1514,
        "username": "FEMXGwVNjSjOmXm",
        "name": null,
        "role": "USER",
        "accounts": [
            
        ]
    },
    {
        "id": 1384,
        "username": "RDfJiGRD3R",
        "name": null,
        "role": "USER",
        "accounts": [
            
        ]
    },
    {
        "id": 1377,
        "username": "tBCbi",
        "name": null,
        "role": "USER",
        "accounts": [
            
        ]
    },
    {
        "id": 1393,
        "username": "tF7wYnVij460",
        "name": null,
        "role": "USER",
        "accounts": [
            
        ]
    },
    {
        "id": 2,
        "username": "john_doe",
        "name": "John Doe",
        "role": "USER",
        "accounts": [
            {
                "id": 1,
                "accountNumber": "ACC12345678",
                "balance": 1000.00,
                "transactions": [
                    {
                        "id": 1,
                        "amount": 1000.00,
                        "type": "DEPOSIT",
                        "timestamp": "2024-01-01T10:00:00",
                        "relatedAccountId": null
                    }
                ]
            }
        ]
    },
    {
        "id": 1396,
        "username": "XJ3E4w272dv",
        "name": null,
        "role": "USER",
        "accounts": [
            
        ]
    },
    {
        "id": 3055,
        "username": "21vhvLnc",
        "name": null,
        "role": "USER",
        "accounts": [
            
        ]
    },
    {
        "id": 1386,
        "username": "dzbMsr",
        "name": null,
        "role": "USER",
        "accounts": [
            
        ]
    },
    {
        "id": 1376,
        "username": "aEppdA8",
        "name": null,
        "role": "USER",
        "accounts": [
            
        ]
    },
    {
        "id": 1370,
        "username": "xv6wt9uY7B3T",
        "name": null,
        "role": "USER",
        "accounts": [
            
        ]
    },
    {
        "id": 1413,
        "username": "7E6Q",
        "name": null,
        "role": "USER",
        "accounts": [
            
        ]
    },
    {
        "id": 1390,
        "username": "N3PLUX",
        "name": null,
        "role": "USER",
        "accounts": [
            
        ]
    },
    {
        "id": 4,
        "username": "bob_wilson",
        "name": "Bob Wilson",
        "role": "USER",
        "accounts": [
            {
                "id": 3,
                "accountNumber": "ACC11223344",
                "balance": 500.25,
                "transactions": [
                    {
                        "id": 4,
                        "amount": 500.25,
                        "type": "DEPOSIT",
                        "timestamp": "2024-01-04T16:45:00",
                        "relatedAccountId": null
                    }
                ]
            }
        ]
    },
    {
        "id": 1405,
        "username": "iQbPL4KxKYaJU",
        "name": null,
        "role": "USER",
        "accounts": [
            
        ]
    },
    {
        "id": 1385,
        "username": "oLYEu3iaFkhiju",
        "name": null,
        "role": "USER",
        "accounts": [
            
        ]
    },
    {
        "id": 1379,
        "username": "UiL7V7nREc9HZh",
        "name": null,
        "role": "USER",
        "accounts": [
            
        ]
    },
    {
        "id": 1404,
        "username": "y78RSY4iUvi99e",
        "name": null,
        "role": "USER",
        "accounts": [
            
        ]
    },
    {
        "id": 1406,
        "username": "IhOYMmcVv",
        "name": null,
        "role": "USER",
        "accounts": [
            
        ]
    },
    {
        "id": 1389,
        "username": "Wwo6xUGbzQ",
        "name": null,
        "role": "USER",
        "accounts": [
            
        ]
    },
    {
        "id": 1401,
        "username": "61Ykb9X5KE",
        "name": null,
        "role": "USER",
        "accounts": [
            
        ]
    },
    {
        "id": 1919,
        "username": "hBSBa1Irk",
        "name": null,
        "role": "USER",
        "accounts": [
            
        ]
    },
    {
        "id": 1407,
        "username": "3Gs57ZDgm",
        "name": null,
        "role": "USER",
        "accounts": [
            
        ]
    },
    {
        "id": 1381,
        "username": "jhIyOQoz6q0Hd",
        "name": null,
        "role": "USER",
        "accounts": [
            
        ]
    },
    {
        "id": 1391,
        "username": "p39y",
        "name": null,
        "role": "USER",
        "accounts": [
            
        ]
    },
    {
        "id": 1374,
        "username": "3NIqVirjUMGc",
        "name": null,
        "role": "USER",
        "accounts": [
            
        ]
    },
    {
        "id": 3,
        "username": "jane_smith",
        "name": "Jane Smith",
        "role": "USER",
        "accounts": [
            {
                "id": 2,
                "accountNumber": "ACC87654321",
                "balance": 2500.50,
                "transactions": [
                    {
                        "id": 3,
                        "amount": 2500.00,
                        "type": "DEPOSIT",
                        "timestamp": "2024-01-03T09:15:00",
                        "relatedAccountId": null
                    },
                    {
                        "id": 2,
                        "amount": 500.50,
                        "type": "DEPOSIT",
                        "timestamp": "2024-01-02T14:30:00",
                        "relatedAccountId": null
                    }
                ]
            }
        ]
    },
    {
        "id": 1392,
        "username": "mG4XU9QNlHoGe6",
        "name": null,
        "role": "USER",
        "accounts": [
            
        ]
    },
    {
        "id": 1380,
        "username": "3GrqkzvAj7K",
        "name": null,
        "role": "USER",
        "accounts": [
            
        ]
    },
    {
        "id": 1679,
        "username": "7Uu6nwvwifpRpo",
        "name": null,
        "role": "USER",
        "accounts": [
            
        ]
    },
    {
        "id": 846,
        "username": "5Q07wAxVZiDB",
        "name": null,
        "role": "USER",
        "accounts": [
            
        ]
    },
    {
        "id": 3051,
        "username": "caFmqgx1DKVV3Aw",
        "name": null,
        "role": "USER",
        "accounts": [
            
        ]
    },
    {
        "id": 1,
        "username": "admin",
        "name": "System Administrator",
        "role": "ADMIN",
        "accounts": [
            
        ]
    },
    {
        "id": 3054,
        "username": "b9z2izQrneR",
        "name": null,
        "role": "USER",
        "accounts": [
            
        ]
    },
    {
        "id": 319,
        "username": "JQFNRz2n2k8",
        "name": null,
        "role": "USER",
        "accounts": [
            
        ]
    },
    {
        "id": 1618,
        "username": "HCa",
        "name": null,
        "role": "USER",
        "accounts": [
            
        ]
    },
    {
        "id": 1400,
        "username": "nv3tCbsLsk",
        "name": null,
        "role": "USER",
        "accounts": [
            
        ]
    },
    {
        "id": 1383,
        "username": "NL2SyWb0l",
        "name": null,
        "role": "USER",
        "accounts": [
            
        ]
    },
    {
        "id": 1369,
        "username": "kG8PoAYaaBun",
        "name": null,
        "role": "USER",
        "accounts": [
            
        ]
    },
    {
        "id": 1373,
        "username": "mY2HVIhOON23",
        "name": null,
        "role": "USER",
        "accounts": [
            
        ]
    },
    {
        "id": 3057,
        "username": "dqXyLf",
        "name": null,
        "role": "USER",
        "accounts": [
            
        ]
    },
    {
        "id": 3048,
        "username": "uyfgN9fsmPxI",
        "name": null,
        "role": "USER",
        "accounts": [
            
        ]
    },
    {
        "id": 3052,
        "username": "xIu6gTnb9Pdh8O0",
        "name": null,
        "role": "USER",
        "accounts": [
            
        ]
    },
    {
        "id": 1408,
        "username": "ZvtuHBlqP",
        "name": null,
        "role": "USER",
        "accounts": [
            
        ]
    },
    {
        "id": 1411,
        "username": "MELeueqbzy",
        "name": null,
        "role": "USER",
        "accounts": [
            
        ]
    },
    {
        "id": 1423,
        "username": "Pt6JvU101iTnna",
        "name": null,
        "role": "USER",
        "accounts": [
            
        ]
    },
    {
        "id": 1398,
        "username": "nNL",
        "name": null,
        "role": "USER",
        "accounts": [
            
        ]
    },
    {
        "id": 1387,
        "username": "hYK4HgpimKeOce",
        "name": null,
        "role": "USER",
        "accounts": [
            
        ]
    }
]
======== THREAD <<ForkJoinPool-1-worker-3>> TEST FINISHED iteration_1.ui.adminCannotCrateUserWithInvalidDataTest(), TEST DURATION: 3390 MLS
Aug 13, 2026 12:04:49 PM org.openqa.selenium.devtools.DevToolsProvider getImplementation
INFO: WebDriver augmented with DevTools interface; connection will not be verified until first use.
Request method:	POST
Request URI:	http://backend:4111/api/v1/auth/login
Proxy:			<none>
Request params:	<none>
Query params:	<none>
Form params:	<none>
Path params:	<none>
Headers:		Accept=application/json, application/javascript, text/javascript, text/json
				Content-Type=application/json
Cookies:		<none>
Multiparts:		<none>
Body:
{
    "username": "caFmqgx1DKVV3Aw",
    "password": "OERancf459%%"
}
HTTP/1.1 200 
Vary: Origin
Vary: Access-Control-Request-Method
Vary: Access-Control-Request-Headers
Authorization: Basic Y2FGbXFneDFES1ZWM0F3Ok9FUmFuY2Y0NTklJQ==
X-Content-Type-Options: nosniff
X-XSS-Protection: 0
Cache-Control: no-cache, no-store, max-age=0, must-revalidate
Pragma: no-cache
Expires: 0
X-Frame-Options: DENY
Content-Type: application/json
Transfer-Encoding: chunked
Date: Thu, 13 Aug 2026 12:04:49 GMT
Keep-Alive: timeout=60
Connection: keep-alive

{
    "role": "USER",
    "username": "caFmqgx1DKVV3Aw"
}
======== THREAD <<ForkJoinPool-1-worker-4>> TEST STARTED iteration_1.ui.userCanCreateAccountTest() ========
Request method:	GET
Request URI:	http://backend:4111/api/v1/customer/accounts
Proxy:			<none>
Request params:	<none>
Query params:	<none>
Form params:	<none>
Path params:	<none>
Headers:		Accept=application/json, application/javascript, text/javascript, text/json
				Authorization=Basic Y2FGbXFneDFES1ZWM0F3Ok9FUmFuY2Y0NTklJQ==
				Content-Type=application/json
Cookies:		<none>
Multiparts:		<none>
Body:			<none>
Request method:	POST
Request URI:	http://backend:4111/api/v1/auth/login
Proxy:			<none>
Request params:	<none>
Query params:	<none>
Form params:	<none>
Path params:	<none>
Headers:		Accept=application/json, application/javascript, text/javascript, text/json
				Content-Type=application/json
Cookies:		<none>
Multiparts:		<none>
Body:
{
    "username": "BW1ORxTHNPr2",
    "password": "AFZnngx067$$"
}
HTTP/1.1 200 
Vary: Origin
Vary: Access-Control-Request-Method
Vary: Access-Control-Request-Headers
X-Content-Type-Options: nosniff
X-XSS-Protection: 0
Cache-Control: no-cache, no-store, max-age=0, must-revalidate
Pragma: no-cache
Expires: 0
X-Frame-Options: DENY
Content-Type: application/json
Transfer-Encoding: chunked
Date: Thu, 13 Aug 2026 12:04:49 GMT
Keep-Alive: timeout=60
Connection: keep-alive

[
    {
        "id": 3060,
        "accountNumber": "ACC62A16F09",
        "balance": 0.00,
        "transactions": [
            
        ]
    }
]
======== THREAD <<ForkJoinPool-1-worker-4>> TEST FINISHED iteration_1.ui.userCanCreateAccountTest(), TEST DURATION: 622 MLS
Aug 13, 2026 12:04:50 PM org.openqa.selenium.devtools.DevToolsProvider getImplementation
INFO: WebDriver augmented with DevTools interface; connection will not be verified until first use.
HTTP/1.1 200 
Vary: Origin
Vary: Access-Control-Request-Method
Vary: Access-Control-Request-Headers
Authorization: Basic QlcxT1J4VEhOUHIyOkFGWm5uZ3gwNjckJA==
X-Content-Type-Options: nosniff
X-XSS-Protection: 0
Cache-Control: no-cache, no-store, max-age=0, must-revalidate
Pragma: no-cache
Expires: 0
X-Frame-Options: DENY
Content-Type: application/json
Transfer-Encoding: chunked
Date: Thu, 13 Aug 2026 12:04:49 GMT
Keep-Alive: timeout=60
Connection: keep-alive

{
    "role": "USER",
    "username": "BW1ORxTHNPr2"
}
Request method:	DELETE
Request URI:	http://backend:4111/api/v1/admin/users/3051
Proxy:			<none>
Request params:	<none>
Query params:	<none>
Form params:	<none>
Path params:	<none>
Headers:		Accept=application/json, application/javascript, text/javascript, text/json
				Authorization=Basic YWRtaW46YWRtaW4=
				Content-Type=application/json
Cookies:		<none>
Multiparts:		<none>
Body:			<none>
======== THREAD <<ForkJoinPool-1-worker-5>> TEST STARTED iteration_2.ui.userCannotDepositWithInvalidData() ========
Request method:	POST
Request URI:	http://backend:4111/api/v1/accounts
Proxy:			<none>
Request params:	<none>
Query params:	<none>
Form params:	<none>
Path params:	<none>
Headers:		Accept=application/json, application/javascript, text/javascript, text/json
				Authorization=Basic QlcxT1J4VEhOUHIyOkFGWm5uZ3gwNjckJA==
				Content-Type=application/json
Cookies:		<none>
Multiparts:		<none>
Body:			<none>
HTTP/1.1 200 
Vary: Origin
Vary: Access-Control-Request-Method
Vary: Access-Control-Request-Headers
X-Content-Type-Options: nosniff
X-XSS-Protection: 0
Cache-Control: no-cache, no-store, max-age=0, must-revalidate
Pragma: no-cache
Expires: 0
X-Frame-Options: DENY
Content-Type: application/json
Content-Length: 39
Date: Thu, 13 Aug 2026 12:04:49 GMT
Keep-Alive: timeout=60
Connection: keep-alive

User with ID 3051 deleted successfully.
HTTP/1.1 201 
Vary: Origin
Vary: Access-Control-Request-Method
Vary: Access-Control-Request-Headers
X-Content-Type-Options: nosniff
X-XSS-Protection: 0
Cache-Control: no-cache, no-store, max-age=0, must-revalidate
Pragma: no-cache
Expires: 0
X-Frame-Options: DENY
Content-Type: application/json
Transfer-Encoding: chunked
Date: Thu, 13 Aug 2026 12:04:49 GMT
Keep-Alive: timeout=60
Connection: keep-alive

{
    "id": 3061,
    "accountNumber": "ACC3CE811A9",
    "balance": 0,
    "transactions": [
        
    ]
}
Request method:	GET
Request URI:	http://backend:4111/api/v1/admin/users
Proxy:			<none>
Request params:	<none>
Query params:	<none>
Form params:	<none>
Path params:	<none>
Headers:		Accept=application/json, application/javascript, text/javascript, text/json
				Authorization=Basic YWRtaW46YWRtaW4=
				Content-Type=application/json
Cookies:		<none>
Multiparts:		<none>
Body:			<none>
HTTP/1.1 200 
Vary: Origin
Vary: Access-Control-Request-Method
Vary: Access-Control-Request-Headers
X-Content-Type-Options: nosniff
X-XSS-Protection: 0
Cache-Control: no-cache, no-store, max-age=0, must-revalidate
Pragma: no-cache
Expires: 0
X-Frame-Options: DENY
Content-Type: application/json
Transfer-Encoding: chunked
Date: Thu, 13 Aug 2026 12:04:50 GMT
Keep-Alive: timeout=60
Connection: keep-alive

[
    {
        "id": 1409,
        "username": "srUPt",
        "name": null,
        "role": "USER",
        "accounts": [
            
        ]
    },
    {
        "id": 1793,
        "username": "HfCLZWoDTmS",
        "name": null,
        "role": "USER",
        "accounts": [
            
        ]
    },
    {
        "id": 1388,
        "username": "6AG",
        "name": null,
        "role": "USER",
        "accounts": [
            
        ]
    },
    {
        "id": 1734,
        "username": "OsmzYH",
        "name": null,
        "role": "USER",
        "accounts": [
            
        ]
    },
    {
        "id": 1410,
        "username": "twCgQChcwsj",
        "name": null,
        "role": "USER",
        "accounts": [
            
        ]
    },
    {
        "id": 1395,
        "username": "gsO",
        "name": null,
        "role": "USER",
        "accounts": [
            
        ]
    },
    {
        "id": 318,
        "username": "wI4C",
        "name": null,
        "role": "USER",
        "accounts": [
            
        ]
    },
    {
        "id": 1378,
        "username": "vs3dJH",
        "name": null,
        "role": "USER",
        "accounts": [
            
        ]
    },
    {
        "id": 3056,
        "username": "L1pWQpB2JK2",
        "name": null,
        "role": "USER",
        "accounts": [
            
        ]
    },
    {
        "id": 1987,
        "username": "PFZ45D7",
        "name": null,
        "role": "USER",
        "accounts": [
            
        ]
    },
    {
        "id": 1372,
        "username": "vl38yXm",
        "name": null,
        "role": "USER",
        "accounts": [
            
        ]
    },
    {
        "id": 1849,
        "username": "KJ96tEpE1Agh",
        "name": null,
        "role": "USER",
        "accounts": [
            
        ]
    },
    {
        "id": 1403,
        "username": "4HjmBOAxT",
        "name": null,
        "role": "USER",
        "accounts": [
            
        ]
    },
    {
        "id": 1397,
        "username": "9p2aRwfn",
        "name": null,
        "role": "USER",
        "accounts": [
            
        ]
    },
    {
        "id": 1399,
        "username": "CYRNH4",
        "name": null,
        "role": "USER",
        "accounts": [
            
        ]
    },
    {
        "id": 1570,
        "username": "tPPeM0d",
        "name": null,
        "role": "USER",
        "accounts": [
            
        ]
    },
    {
        "id": 1375,
        "username": "E4KN8LKlXN2Sq",
        "name": null,
        "role": "USER",
        "accounts": [
            
        ]
    },
    {
        "id": 1514,
        "username": "FEMXGwVNjSjOmXm",
        "name": null,
        "role": "USER",
        "accounts": [
            
        ]
    },
    {
        "id": 1384,
        "username": "RDfJiGRD3R",
        "name": null,
        "role": "USER",
        "accounts": [
            
        ]
    },
    {
        "id": 1377,
        "username": "tBCbi",
        "name": null,
        "role": "USER",
        "accounts": [
            
        ]
    },
    {
        "id": 1393,
        "username": "tF7wYnVij460",
        "name": null,
        "role": "USER",
        "accounts": [
            
        ]
    },
    {
        "id": 2,
        "username": "john_doe",
        "name": "John Doe",
        "role": "USER",
        "accounts": [
            {
                "id": 1,
                "accountNumber": "ACC12345678",
                "balance": 1000.00,
                "transactions": [
                    {
                        "id": 1,
                        "amount": 1000.00,
                        "type": "DEPOSIT",
                        "timestamp": "2024-01-01T10:00:00",
                        "relatedAccountId": null
                    }
                ]
            }
        ]
    },
    {
        "id": 1396,
        "username": "XJ3E4w272dv",
        "name": null,
        "role": "USER",
        "accounts": [
            
        ]
    },
    {
        "id": 3055,
        "username": "21vhvLnc",
        "name": null,
        "role": "USER",
        "accounts": [
            
        ]
    },
    {
        "id": 1386,
        "username": "dzbMsr",
        "name": null,
        "role": "USER",
        "accounts": [
            
        ]
    },
    {
        "id": 3049,
        "username": "BW1ORxTHNPr2",
        "name": null,
        "role": "USER",
        "accounts": [
            {
                "id": 3061,
                "accountNumber": "ACC3CE811A9",
                "balance": 0.00,
                "transactions": [
                    
                ]
            }
        ]
    },
    {
        "id": 1376,
        "username": "aEppdA8",
        "name": null,
        "role": "USER",
        "accounts": [
            
        ]
    },
    {
        "id": 1370,
        "username": "xv6wt9uY7B3T",
        "name": null,
        "role": "USER",
        "accounts": [
            
        ]
    },
    {
        "id": 1413,
        "username": "7E6Q",
        "name": null,
        "role": "USER",
        "accounts": [
            
        ]
    },
    {
        "id": 1390,
        "username": "N3PLUX",
        "name": null,
        "role": "USER",
        "accounts": [
            
        ]
    },
    {
        "id": 4,
        "username": "bob_wilson",
        "name": "Bob Wilson",
        "role": "USER",
        "accounts": [
            {
                "id": 3,
                "accountNumber": "ACC11223344",
                "balance": 500.25,
                "transactions": [
                    {
                        "id": 4,
                        "amount": 500.25,
                        "type": "DEPOSIT",
                        "timestamp": "2024-01-04T16:45:00",
                        "relatedAccountId": null
                    }
                ]
            }
        ]
    },
    {
        "id": 1405,
        "username": "iQbPL4KxKYaJU",
        "name": null,
        "role": "USER",
        "accounts": [
            
        ]
    },
    {
        "id": 1385,
        "username": "oLYEu3iaFkhiju",
        "name": null,
        "role": "USER",
        "accounts": [
            
        ]
    },
    {
        "id": 1379,
        "username": "UiL7V7nREc9HZh",
        "name": null,
        "role": "USER",
        "accounts": [
            
        ]
    },
    {
        "id": 1404,
        "username": "y78RSY4iUvi99e",
        "name": null,
        "role": "USER",
        "accounts": [
            
        ]
    },
    {
        "id": 1406,
        "username": "IhOYMmcVv",
        "name": null,
        "role": "USER",
        "accounts": [
            
        ]
    },
    {
        "id": 1389,
        "username": "Wwo6xUGbzQ",
        "name": null,
        "role": "USER",
        "accounts": [
            
        ]
    },
    {
        "id": 1401,
        "username": "61Ykb9X5KE",
        "name": null,
        "role": "USER",
        "accounts": [
            
        ]
    },
    {
        "id": 1919,
        "username": "hBSBa1Irk",
        "name": null,
        "role": "USER",
        "accounts": [
            
        ]
    },
    {
        "id": 1407,
        "username": "3Gs57ZDgm",
        "name": null,
        "role": "USER",
        "accounts": [
            
        ]
    },
    {
        "id": 1381,
        "username": "jhIyOQoz6q0Hd",
        "name": null,
        "role": "USER",
        "accounts": [
            
        ]
    },
    {
        "id": 1391,
        "username": "p39y",
        "name": null,
        "role": "USER",
        "accounts": [
            
        ]
    },
    {
        "id": 1374,
        "username": "3NIqVirjUMGc",
        "name": null,
        "role": "USER",
        "accounts": [
            
        ]
    },
    {
        "id": 3,
        "username": "jane_smith",
        "name": "Jane Smith",
        "role": "USER",
        "accounts": [
            {
                "id": 2,
                "accountNumber": "ACC87654321",
                "balance": 2500.50,
                "transactions": [
                    {
                        "id": 3,
                        "amount": 2500.00,
                        "type": "DEPOSIT",
                        "timestamp": "2024-01-03T09:15:00",
                        "relatedAccountId": null
                    },
                    {
                        "id": 2,
                        "amount": 500.50,
                        "type": "DEPOSIT",
                        "timestamp": "2024-01-02T14:30:00",
                        "relatedAccountId": null
                    }
                ]
            }
        ]
    },
    {
        "id": 1392,
        "username": "mG4XU9QNlHoGe6",
        "name": null,
        "role": "USER",
        "accounts": [
            
        ]
    },
    {
        "id": 1380,
        "username": "3GrqkzvAj7K",
        "name": null,
        "role": "USER",
        "accounts": [
            
        ]
    },
    {
        "id": 1679,
        "username": "7Uu6nwvwifpRpo",
        "name": null,
        "role": "USER",
        "accounts": [
            
        ]
    },
    {
        "id": 846,
        "username": "5Q07wAxVZiDB",
        "name": null,
        "role": "USER",
        "accounts": [
            
        ]
    },
    {
        "id": 1,
        "username": "admin",
        "name": "System Administrator",
        "role": "ADMIN",
        "accounts": [
            
        ]
    },
    {
        "id": 3054,
        "username": "b9z2izQrneR",
        "name": null,
        "role": "USER",
        "accounts": [
            
        ]
    },
    {
        "id": 319,
        "username": "JQFNRz2n2k8",
        "name": null,
        "role": "USER",
        "accounts": [
            
        ]
    },
    {
        "id": 1618,
        "username": "HCa",
        "name": null,
        "role": "USER",
        "accounts": [
            
        ]
    },
    {
        "id": 1400,
        "username": "nv3tCbsLsk",
        "name": null,
        "role": "USER",
        "accounts": [
            
        ]
    },
    {
        "id": 1383,
        "username": "NL2SyWb0l",
        "name": null,
        "role": "USER",
        "accounts": [
            
        ]
    },
    {
        "id": 1369,
        "username": "kG8PoAYaaBun",
        "name": null,
        "role": "USER",
        "accounts": [
            
        ]
    },
    {
        "id": 1373,
        "username": "mY2HVIhOON23",
        "name": null,
        "role": "USER",
        "accounts": [
            
        ]
    },
    {
        "id": 3057,
        "username": "dqXyLf",
        "name": null,
        "role": "USER",
        "accounts": [
            
        ]
    },
    {
        "id": 3048,
        "username": "uyfgN9fsmPxI",
        "name": null,
        "role": "USER",
        "accounts": [
            
        ]
    },
    {
        "id": 3052,
        "username": "xIu6gTnb9Pdh8O0",
        "name": null,
        "role": "USER",
        "accounts": [
            
        ]
    },
    {
        "id": 1408,
        "username": "ZvtuHBlqP",
        "name": null,
        "role": "USER",
        "accounts": [
            
        ]
    },
    {
        "id": 1411,
        "username": "MELeueqbzy",
        "name": null,
        "role": "USER",
        "accounts": [
            
        ]
    },
    {
        "id": 1423,
        "username": "Pt6JvU101iTnna",
        "name": null,
        "role": "USER",
        "accounts": [
            
        ]
    },
    {
        "id": 1398,
        "username": "nNL",
        "name": null,
        "role": "USER",
        "accounts": [
            
        ]
    },
    {
        "id": 1387,
        "username": "hYK4HgpimKeOce",
        "name": null,
        "role": "USER",
        "accounts": [
            
        ]
    }
]
======== THREAD <<ForkJoinPool-1-worker-7>> TEST FINISHED iteration_1.ui.adminCanCrateUserTest(), TEST DURATION: 5150 MLS
Request method:	DELETE
Request URI:	http://backend:4111/api/v1/admin/users/3057
Proxy:			<none>
Request params:	<none>
Query params:	<none>
Form params:	<none>
Path params:	<none>
Headers:		Accept=application/json, application/javascript, text/javascript, text/json
				Authorization=Basic YWRtaW46YWRtaW4=
				Content-Type=application/json
Cookies:		<none>
Multiparts:		<none>
Body:			<none>
HTTP/1.1 200 
Vary: Origin
Vary: Access-Control-Request-Method
Vary: Access-Control-Request-Headers
X-Content-Type-Options: nosniff
X-XSS-Protection: 0
Cache-Control: no-cache, no-store, max-age=0, must-revalidate
Pragma: no-cache
Expires: 0
X-Frame-Options: DENY
Content-Type: application/json
Content-Length: 39
Date: Thu, 13 Aug 2026 12:04:50 GMT
Keep-Alive: timeout=60
Connection: keep-alive

User with ID 3057 deleted successfully.
======== THREAD <<ForkJoinPool-1-worker-5>> TEST FINISHED iteration_2.ui.userCannotDepositWithInvalidData(), TEST DURATION: 883 MLS
Request method:	POST
Request URI:	http://backend:4111/api/v1/auth/login
Proxy:			<none>
Request params:	<none>
Query params:	<none>
Form params:	<none>
Path params:	<none>
Headers:		Accept=application/json, application/javascript, text/javascript, text/json
				Content-Type=application/json
Cookies:		<none>
Multiparts:		<none>
Body:
{
    "username": "xIu6gTnb9Pdh8O0",
    "password": "WPZbtbl402&%"
}
Request method:	DELETE
Request URI:	http://backend:4111/api/v1/admin/users/3049
Proxy:			<none>
Request params:	<none>
Query params:	<none>
Form params:	<none>
Path params:	<none>
Headers:		Accept=application/json, application/javascript, text/javascript, text/json
				Authorization=Basic YWRtaW46YWRtaW4=
				Content-Type=application/json
Cookies:		<none>
Multiparts:		<none>
Body:			<none>
HTTP/1.1 200 
Vary: Origin
Vary: Access-Control-Request-Method
Vary: Access-Control-Request-Headers
Authorization: Basic eEl1NmdUbmI5UGRoOE8wOldQWmJ0Ymw0MDImJQ==
X-Content-Type-Options: nosniff
X-XSS-Protection: 0
Cache-Control: no-cache, no-store, max-age=0, must-revalidate
Pragma: no-cache
Expires: 0
X-Frame-Options: DENY
Content-Type: application/json
Transfer-Encoding: chunked
Date: Thu, 13 Aug 2026 12:04:50 GMT
Keep-Alive: timeout=60
Connection: keep-alive

{
    "role": "USER",
    "username": "xIu6gTnb9Pdh8O0"
}
HTTP/1.1 200 
Vary: Origin
Vary: Access-Control-Request-Method
Vary: Access-Control-Request-Headers
X-Content-Type-Options: nosniff
X-XSS-Protection: 0
Cache-Control: no-cache, no-store, max-age=0, must-revalidate
Pragma: no-cache
Expires: 0
X-Frame-Options: DENY
Content-Type: application/json
Content-Length: 39
Date: Thu, 13 Aug 2026 12:04:50 GMT
Keep-Alive: timeout=60
Connection: keep-alive

User with ID 3049 deleted successfully.
======== THREAD <<ForkJoinPool-1-worker-9>> TEST STARTED iteration_2.ui.userCannotSearchTransactionWithInvalidName() ========
Request method:	POST
Request URI:	http://backend:4111/api/v1/accounts
Proxy:			<none>
Request params:	<none>
Query params:	<none>
Form params:	<none>
Path params:	<none>
Headers:		Accept=application/json, application/javascript, text/javascript, text/json
				Authorization=Basic eEl1NmdUbmI5UGRoOE8wOldQWmJ0Ymw0MDImJQ==
				Content-Type=application/json
Cookies:		<none>
Multiparts:		<none>
Body:			<none>
Aug 13, 2026 12:04:51 PM org.openqa.selenium.devtools.DevToolsProvider getImplementation
INFO: WebDriver augmented with DevTools interface; connection will not be verified until first use.
HTTP/1.1 201 
Vary: Origin
Vary: Access-Control-Request-Method
Vary: Access-Control-Request-Headers
X-Content-Type-Options: nosniff
X-XSS-Protection: 0
Cache-Control: no-cache, no-store, max-age=0, must-revalidate
Pragma: no-cache
Expires: 0
X-Frame-Options: DENY
Content-Type: application/json
Transfer-Encoding: chunked
Date: Thu, 13 Aug 2026 12:04:50 GMT
Keep-Alive: timeout=60
Connection: keep-alive

{
    "id": 3062,
    "accountNumber": "ACC7213F680",
    "balance": 0,
    "transactions": [
        
    ]
}
Request method:	PUT
Request URI:	http://backend:4111/api/v1/customer/profile
Proxy:			<none>
Request params:	<none>
Query params:	<none>
Form params:	<none>
Path params:	<none>
Headers:		Accept=application/json, application/javascript, text/javascript, text/json
				Authorization=Basic eEl1NmdUbmI5UGRoOE8wOldQWmJ0Ymw0MDImJQ==
				Content-Type=application/json
Cookies:		<none>
Multiparts:		<none>
Body:
{
    "name": "zjQpHUXszzs gGINmUeuHQPYhkO"
}
HTTP/1.1 200 
Vary: Origin
Vary: Access-Control-Request-Method
Vary: Access-Control-Request-Headers
X-Content-Type-Options: nosniff
X-XSS-Protection: 0
Cache-Control: no-cache, no-store, max-age=0, must-revalidate
Pragma: no-cache
Expires: 0
X-Frame-Options: DENY
Content-Type: application/json
Transfer-Encoding: chunked
Date: Thu, 13 Aug 2026 12:04:51 GMT
Keep-Alive: timeout=60
Connection: keep-alive

{
    "customer": {
        "id": 3052,
        "username": "xIu6gTnb9Pdh8O0",
        "password": "$2a$10$cT49EPyp0Jvs1aONgl0lTe9OpzwlsLKt7kRdPWuKMczzRHpJuFZay",
        "name": "zjQpHUXszzs gGINmUeuHQPYhkO",
        "role": "USER",
        "accounts": [
            {
                "id": 3062,
                "accountNumber": "ACC7213F680",
                "balance": 0.00,
                "transactions": [
                    
                ]
            }
        ]
    },
    "message": "Profile updated successfully"
}
Request method:	POST
Request URI:	http://backend:4111/api/v1/accounts/deposit
Proxy:			<none>
Request params:	<none>
Query params:	<none>
Form params:	<none>
Path params:	<none>
Headers:		Accept=application/json, application/javascript, text/javascript, text/json
				Authorization=Basic eEl1NmdUbmI5UGRoOE8wOldQWmJ0Ymw0MDImJQ==
				Content-Type=application/json
Cookies:		<none>
Multiparts:		<none>
Body:
{
    "id": 3062,
    "balance": 5000.0
}
HTTP/1.1 200 
Vary: Origin
Vary: Access-Control-Request-Method
Vary: Access-Control-Request-Headers
X-Content-Type-Options: nosniff
X-XSS-Protection: 0
Cache-Control: no-cache, no-store, max-age=0, must-revalidate
Pragma: no-cache
Expires: 0
X-Frame-Options: DENY
Content-Type: application/json
Transfer-Encoding: chunked
Date: Thu, 13 Aug 2026 12:04:51 GMT
Keep-Alive: timeout=60
Connection: keep-alive

{
    "id": 3062,
    "accountNumber": "ACC7213F680",
    "balance": 5000.00,
    "transactions": [
        {
            "id": 2834,
            "amount": 5000.0,
            "type": "DEPOSIT",
            "timestamp": "2026-08-13T12:04:51.900805087",
            "timestampAsString": "2026-08-13T12:04:51.900805087",
            "relatedAccountId": 3062,
            "amountAsDouble": 5000.0
        }
    ]
}
======== THREAD <<ForkJoinPool-1-worker-9>> TEST FINISHED iteration_2.ui.userCannotSearchTransactionWithInvalidName(), TEST DURATION: 854 MLS
Request method:	DELETE
Request URI:	http://backend:4111/api/v1/admin/users/3052
Proxy:			<none>
Request params:	<none>
Query params:	<none>
Form params:	<none>
Path params:	<none>
Headers:		Accept=application/json, application/javascript, text/javascript, text/json
				Authorization=Basic YWRtaW46YWRtaW4=
				Content-Type=application/json
Cookies:		<none>
Multiparts:		<none>
Body:			<none>
HTTP/1.1 200 
Vary: Origin
Vary: Access-Control-Request-Method
Vary: Access-Control-Request-Headers
X-Content-Type-Options: nosniff
X-XSS-Protection: 0
Cache-Control: no-cache, no-store, max-age=0, must-revalidate
Pragma: no-cache
Expires: 0
X-Frame-Options: DENY
Content-Type: application/json
Content-Length: 39
Date: Thu, 13 Aug 2026 12:04:51 GMT
Keep-Alive: timeout=60
Connection: keep-alive

User with ID 3052 deleted successfully.
Request method:	POST
Request URI:	http://backend:4111/api/v1/auth/login
Proxy:			<none>
Request params:	<none>
Query params:	<none>
Form params:	<none>
Path params:	<none>
Headers:		Accept=application/json, application/javascript, text/javascript, text/json
				Content-Type=application/json
Cookies:		<none>
Multiparts:		<none>
Body:
{
    "username": "uyfgN9fsmPxI",
    "password": "RMAaneq336$$"
}
HTTP/1.1 200 
Vary: Origin
Vary: Access-Control-Request-Method
Vary: Access-Control-Request-Headers
Authorization: Basic dXlmZ045ZnNtUHhJOlJNQWFuZXEzMzYkJA==
X-Content-Type-Options: nosniff
X-XSS-Protection: 0
Cache-Control: no-cache, no-store, max-age=0, must-revalidate
Pragma: no-cache
Expires: 0
X-Frame-Options: DENY
Content-Type: application/json
Transfer-Encoding: chunked
Date: Thu, 13 Aug 2026 12:04:51 GMT
Keep-Alive: timeout=60
Connection: keep-alive

{
    "role": "USER",
    "username": "uyfgN9fsmPxI"
}
======== THREAD <<ForkJoinPool-1-worker-1>> TEST STARTED iteration_2.ui.userCannotUpdateNameWithInvalidDataTest() ========
Aug 13, 2026 12:04:52 PM org.openqa.selenium.devtools.DevToolsProvider getImplementation
INFO: WebDriver augmented with DevTools interface; connection will not be verified until first use.
Aug 13, 2026 12:04:53 PM org.openqa.selenium.devtools.DevToolsProvider getImplementation
INFO: WebDriver augmented with DevTools interface; connection will not be verified until first use.
======== THREAD <<ForkJoinPool-1-worker-1>> TEST FINISHED iteration_2.ui.userCannotUpdateNameWithInvalidDataTest(), TEST DURATION: 580 MLS
Request method:	DELETE
Request URI:	http://backend:4111/api/v1/admin/users/3048
Proxy:			<none>
Request params:	<none>
Query params:	<none>
Form params:	<none>
Path params:	<none>
Headers:		Accept=application/json, application/javascript, text/javascript, text/json
				Authorization=Basic YWRtaW46YWRtaW4=
				Content-Type=application/json
Cookies:		<none>
Multiparts:		<none>
Body:			<none>
HTTP/1.1 200 
Vary: Origin
Vary: Access-Control-Request-Method
Vary: Access-Control-Request-Headers
X-Content-Type-Options: nosniff
X-XSS-Protection: 0
Cache-Control: no-cache, no-store, max-age=0, must-revalidate
Pragma: no-cache
Expires: 0
X-Frame-Options: DENY
Content-Type: application/json
Content-Length: 39
Date: Thu, 13 Aug 2026 12:04:52 GMT
Keep-Alive: timeout=60
Connection: keep-alive

User with ID 3048 deleted successfully.
Aug 13, 2026 12:04:53 PM org.openqa.selenium.devtools.DevToolsProvider getImplementation
INFO: WebDriver augmented with DevTools interface; connection will not be verified until first use.
Request method:	POST
Request URI:	http://backend:4111/api/v1/auth/login
Proxy:			<none>
Request params:	<none>
Query params:	<none>
Form params:	<none>
Path params:	<none>
Headers:		Accept=application/json, application/javascript, text/javascript, text/json
				Content-Type=application/json
Cookies:		<none>
Multiparts:		<none>
Body:
{
    "username": "b9z2izQrneR",
    "password": "ZNGljja821$%"
}
HTTP/1.1 200 
Vary: Origin
Vary: Access-Control-Request-Method
Vary: Access-Control-Request-Headers
Authorization: Basic Yjl6Mml6UXJuZVI6Wk5HbGpqYTgyMSQl
X-Content-Type-Options: nosniff
X-XSS-Protection: 0
Cache-Control: no-cache, no-store, max-age=0, must-revalidate
Pragma: no-cache
Expires: 0
X-Frame-Options: DENY
Content-Type: application/json
Transfer-Encoding: chunked
Date: Thu, 13 Aug 2026 12:04:52 GMT
Keep-Alive: timeout=60
Connection: keep-alive

{
    "role": "USER",
    "username": "b9z2izQrneR"
}
======== THREAD <<ForkJoinPool-1-worker-10>> TEST STARTED iteration_2.ui.userCannotTransferWithoutConfirmTest() ========
Request method:	POST
Request URI:	http://backend:4111/api/v1/accounts
Proxy:			<none>
Request params:	<none>
Query params:	<none>
Form params:	<none>
Path params:	<none>
Headers:		Accept=application/json, application/javascript, text/javascript, text/json
				Authorization=Basic Yjl6Mml6UXJuZVI6Wk5HbGpqYTgyMSQl
				Content-Type=application/json
Cookies:		<none>
Multiparts:		<none>
Body:			<none>
HTTP/1.1 201 
Vary: Origin
Vary: Access-Control-Request-Method
Vary: Access-Control-Request-Headers
X-Content-Type-Options: nosniff
X-XSS-Protection: 0
Cache-Control: no-cache, no-store, max-age=0, must-revalidate
Pragma: no-cache
Expires: 0
X-Frame-Options: DENY
Content-Type: application/json
Transfer-Encoding: chunked
Date: Thu, 13 Aug 2026 12:04:54 GMT
Keep-Alive: timeout=60
Connection: keep-alive

{
    "id": 3063,
    "accountNumber": "ACC53B184D9",
    "balance": 0,
    "transactions": [
        
    ]
}
Request method:	POST
Request URI:	http://backend:4111/api/v1/accounts
Proxy:			<none>
Request params:	<none>
Query params:	<none>
Form params:	<none>
Path params:	<none>
Headers:		Accept=application/json, application/javascript, text/javascript, text/json
				Authorization=Basic Yjl6Mml6UXJuZVI6Wk5HbGpqYTgyMSQl
				Content-Type=application/json
Cookies:		<none>
Multiparts:		<none>
Body:			<none>
HTTP/1.1 201 
Vary: Origin
Vary: Access-Control-Request-Method
Vary: Access-Control-Request-Headers
X-Content-Type-Options: nosniff
X-XSS-Protection: 0
Cache-Control: no-cache, no-store, max-age=0, must-revalidate
Pragma: no-cache
Expires: 0
X-Frame-Options: DENY
Content-Type: application/json
Transfer-Encoding: chunked
Date: Thu, 13 Aug 2026 12:04:54 GMT
Keep-Alive: timeout=60
Connection: keep-alive

{
    "id": 3064,
    "accountNumber": "ACC85B87EAA",
    "balance": 0,
    "transactions": [
        
    ]
}
Request method:	POST
Request URI:	http://backend:4111/api/v1/accounts/deposit
Proxy:			<none>
Request params:	<none>
Query params:	<none>
Form params:	<none>
Path params:	<none>
Headers:		Accept=application/json, application/javascript, text/javascript, text/json
				Authorization=Basic Yjl6Mml6UXJuZVI6Wk5HbGpqYTgyMSQl
				Content-Type=application/json
Cookies:		<none>
Multiparts:		<none>
Body:
{
    "id": 3063,
    "balance": 5000.0
}
Request method:	POST
Request URI:	http://backend:4111/api/v1/auth/login
Proxy:			<none>
Request params:	<none>
Query params:	<none>
Form params:	<none>
Path params:	<none>
Headers:		Accept=application/json, application/javascript, text/javascript, text/json
				Content-Type=application/json
Cookies:		<none>
Multiparts:		<none>
Body:
{
    "username": "21vhvLnc",
    "password": "UKCnmzw921&$"
}
HTTP/1.1 200 
Vary: Origin
Vary: Access-Control-Request-Method
Vary: Access-Control-Request-Headers
X-Content-Type-Options: nosniff
X-XSS-Protection: 0
Cache-Control: no-cache, no-store, max-age=0, must-revalidate
Pragma: no-cache
Expires: 0
X-Frame-Options: DENY
Content-Type: application/json
Transfer-Encoding: chunked
Date: Thu, 13 Aug 2026 12:04:54 GMT
Keep-Alive: timeout=60
Connection: keep-alive

{
    "id": 3063,
    "accountNumber": "ACC53B184D9",
    "balance": 5000.00,
    "transactions": [
        {
            "id": 2835,
            "amount": 5000.0,
            "type": "DEPOSIT",
            "timestamp": "2026-08-13T12:04:54.140923338",
            "timestampAsString": "2026-08-13T12:04:54.140923338",
            "relatedAccountId": 3063,
            "amountAsDouble": 5000.0
        }
    ]
}
HTTP/1.1 200 
Vary: Origin
Vary: Access-Control-Request-Method
Vary: Access-Control-Request-Headers
Authorization: Basic MjF2aHZMbmM6VUtDbm16dzkyMSYk
X-Content-Type-Options: nosniff
X-XSS-Protection: 0
Cache-Control: no-cache, no-store, max-age=0, must-revalidate
Pragma: no-cache
Expires: 0
X-Frame-Options: DENY
Content-Type: application/json
Transfer-Encoding: chunked
Date: Thu, 13 Aug 2026 12:04:54 GMT
Keep-Alive: timeout=60
Connection: keep-alive

{
    "role": "USER",
    "username": "21vhvLnc"
}
======== THREAD <<ForkJoinPool-1-worker-12>> TEST STARTED iteration_2.ui.userCanSearchTransactionWithValidName() ========
Request method:	POST
Request URI:	http://backend:4111/api/v1/accounts
Proxy:			<none>
Request params:	<none>
Query params:	<none>
Form params:	<none>
Path params:	<none>
Headers:		Accept=application/json, application/javascript, text/javascript, text/json
				Authorization=Basic MjF2aHZMbmM6VUtDbm16dzkyMSYk
				Content-Type=application/json
Cookies:		<none>
Multiparts:		<none>
Body:			<none>
HTTP/1.1 201 
Vary: Origin
Vary: Access-Control-Request-Method
Vary: Access-Control-Request-Headers
X-Content-Type-Options: nosniff
X-XSS-Protection: 0
Cache-Control: no-cache, no-store, max-age=0, must-revalidate
Pragma: no-cache
Expires: 0
X-Frame-Options: DENY
Content-Type: application/json
Transfer-Encoding: chunked
Date: Thu, 13 Aug 2026 12:04:54 GMT
Keep-Alive: timeout=60
Connection: keep-alive

{
    "id": 3065,
    "accountNumber": "ACC054E5686",
    "balance": 0,
    "transactions": [
        
    ]
}
Request method:	PUT
Request URI:	http://backend:4111/api/v1/customer/profile
Proxy:			<none>
Request params:	<none>
Query params:	<none>
Form params:	<none>
Path params:	<none>
Headers:		Accept=application/json, application/javascript, text/javascript, text/json
				Authorization=Basic MjF2aHZMbmM6VUtDbm16dzkyMSYk
				Content-Type=application/json
Cookies:		<none>
Multiparts:		<none>
Body:
{
    "name": "hrHLI pQeKMtaMMuGxXH"
}
HTTP/1.1 200 
Vary: Origin
Vary: Access-Control-Request-Method
Vary: Access-Control-Request-Headers
X-Content-Type-Options: nosniff
X-XSS-Protection: 0
Cache-Control: no-cache, no-store, max-age=0, must-revalidate
Pragma: no-cache
Expires: 0
X-Frame-Options: DENY
Content-Type: application/json
Transfer-Encoding: chunked
Date: Thu, 13 Aug 2026 12:04:54 GMT
Keep-Alive: timeout=60
Connection: keep-alive

{
    "customer": {
        "id": 3055,
        "username": "21vhvLnc",
        "password": "$2a$10$SRr03wATCjnjHx5GS5i5te8y1h2/jKvVxhpcsmx4782zwrUL5sTfi",
        "name": "hrHLI pQeKMtaMMuGxXH",
        "role": "USER",
        "accounts": [
            {
                "id": 3065,
                "accountNumber": "ACC054E5686",
                "balance": 0.00,
                "transactions": [
                    
                ]
            }
        ]
    },
    "message": "Profile updated successfully"
}
Request method:	POST
Request URI:	http://backend:4111/api/v1/accounts/deposit
Proxy:			<none>
Request params:	<none>
Query params:	<none>
Form params:	<none>
Path params:	<none>
Headers:		Accept=application/json, application/javascript, text/javascript, text/json
				Authorization=Basic MjF2aHZMbmM6VUtDbm16dzkyMSYk
				Content-Type=application/json
Cookies:		<none>
Multiparts:		<none>
Body:
{
    "id": 3065,
    "balance": 5000.0
}
HTTP/1.1 200 
Vary: Origin
Vary: Access-Control-Request-Method
Vary: Access-Control-Request-Headers
X-Content-Type-Options: nosniff
X-XSS-Protection: 0
Cache-Control: no-cache, no-store, max-age=0, must-revalidate
Pragma: no-cache
Expires: 0
X-Frame-Options: DENY
Content-Type: application/json
Transfer-Encoding: chunked
Date: Thu, 13 Aug 2026 12:04:54 GMT
Keep-Alive: timeout=60
Connection: keep-alive

{
    "id": 3065,
    "accountNumber": "ACC054E5686",
    "balance": 5000.00,
    "transactions": [
        {
            "id": 2836,
            "amount": 5000.0,
            "type": "DEPOSIT",
            "timestamp": "2026-08-13T12:04:54.458460713",
            "timestampAsString": "2026-08-13T12:04:54.458460713",
            "relatedAccountId": 3065,
            "amountAsDouble": 5000.0
        }
    ]
}
Request method:	POST
Request URI:	http://backend:4111/api/v1/auth/login
Proxy:			<none>
Request params:	<none>
Query params:	<none>
Form params:	<none>
Path params:	<none>
Headers:		Accept=application/json, application/javascript, text/javascript, text/json
				Content-Type=application/json
Cookies:		<none>
Multiparts:		<none>
Body:
{
    "username": "L1pWQpB2JK2",
    "password": "IFOcmby251&&"
}
HTTP/1.1 200 
Vary: Origin
Vary: Access-Control-Request-Method
Vary: Access-Control-Request-Headers
Authorization: Basic TDFwV1FwQjJKSzI6SUZPY21ieTI1MSYm
X-Content-Type-Options: nosniff
X-XSS-Protection: 0
Cache-Control: no-cache, no-store, max-age=0, must-revalidate
Pragma: no-cache
Expires: 0
X-Frame-Options: DENY
Content-Type: application/json
Transfer-Encoding: chunked
Date: Thu, 13 Aug 2026 12:04:54 GMT
Keep-Alive: timeout=60
Connection: keep-alive

{
    "role": "USER",
    "username": "L1pWQpB2JK2"
}
======== THREAD <<ForkJoinPool-1-worker-11>> TEST STARTED iteration_2.ui.userCannotDepositWithoutSelectedAccountTest() ========
Request method:	POST
Request URI:	http://backend:4111/api/v1/accounts
Proxy:			<none>
Request params:	<none>
Query params:	<none>
Form params:	<none>
Path params:	<none>
Headers:		Accept=application/json, application/javascript, text/javascript, text/json
				Authorization=Basic TDFwV1FwQjJKSzI6SUZPY21ieTI1MSYm
				Content-Type=application/json
Cookies:		<none>
Multiparts:		<none>
Body:			<none>
HTTP/1.1 201 
Vary: Origin
Vary: Access-Control-Request-Method
Vary: Access-Control-Request-Headers
X-Content-Type-Options: nosniff
X-XSS-Protection: 0
Cache-Control: no-cache, no-store, max-age=0, must-revalidate
Pragma: no-cache
Expires: 0
X-Frame-Options: DENY
Content-Type: application/json
Transfer-Encoding: chunked
Date: Thu, 13 Aug 2026 12:04:54 GMT
Keep-Alive: timeout=60
Connection: keep-alive

{
    "id": 3066,
    "accountNumber": "ACC54EFE2E3",
    "balance": 0,
    "transactions": [
        
    ]
}
======== THREAD <<ForkJoinPool-1-worker-12>> TEST FINISHED iteration_2.ui.userCanSearchTransactionWithValidName(), TEST DURATION: 659 MLS
Request method:	DELETE
Request URI:	http://backend:4111/api/v1/admin/users/3055
Proxy:			<none>
Request params:	<none>
Query params:	<none>
Form params:	<none>
Path params:	<none>
Headers:		Accept=application/json, application/javascript, text/javascript, text/json
				Authorization=Basic YWRtaW46YWRtaW4=
				Content-Type=application/json
Cookies:		<none>
Multiparts:		<none>
Body:			<none>
======== THREAD <<ForkJoinPool-1-worker-11>> TEST FINISHED iteration_2.ui.userCannotDepositWithoutSelectedAccountTest(), TEST DURATION: 286 MLS
HTTP/1.1 200 
Vary: Origin
Vary: Access-Control-Request-Method
Vary: Access-Control-Request-Headers
X-Content-Type-Options: nosniff
X-XSS-Protection: 0
Cache-Control: no-cache, no-store, max-age=0, must-revalidate
Pragma: no-cache
Expires: 0
X-Frame-Options: DENY
Content-Type: application/json
Content-Length: 39
Date: Thu, 13 Aug 2026 12:04:55 GMT
Keep-Alive: timeout=60
Connection: keep-alive

User with ID 3055 deleted successfully.
Request method:	DELETE
Request URI:	http://backend:4111/api/v1/admin/users/3056
Proxy:			<none>
Request params:	<none>
Query params:	<none>
Form params:	<none>
Path params:	<none>
Headers:		Accept=application/json, application/javascript, text/javascript, text/json
				Authorization=Basic YWRtaW46YWRtaW4=
				Content-Type=application/json
Cookies:		<none>
Multiparts:		<none>
Body:			<none>
HTTP/1.1 200 
Vary: Origin
Vary: Access-Control-Request-Method
Vary: Access-Control-Request-Headers
X-Content-Type-Options: nosniff
X-XSS-Protection: 0
Cache-Control: no-cache, no-store, max-age=0, must-revalidate
Pragma: no-cache
Expires: 0
X-Frame-Options: DENY
Content-Type: application/json
Content-Length: 39
Date: Thu, 13 Aug 2026 12:04:55 GMT
Keep-Alive: timeout=60
Connection: keep-alive

User with ID 3056 deleted successfully.
======== THREAD <<ForkJoinPool-1-worker-10>> TEST FINISHED iteration_2.ui.userCannotTransferWithoutConfirmTest(), TEST DURATION: 1305 MLS
Request method:	DELETE
Request URI:	http://backend:4111/api/v1/admin/users/3054
Proxy:			<none>
Request params:	<none>
Query params:	<none>
Form params:	<none>
Path params:	<none>
Headers:		Accept=application/json, application/javascript, text/javascript, text/json
				Authorization=Basic YWRtaW46YWRtaW4=
				Content-Type=application/json
Cookies:		<none>
Multiparts:		<none>
Body:			<none>
HTTP/1.1 200 
Vary: Origin
Vary: Access-Control-Request-Method
Vary: Access-Control-Request-Headers
X-Content-Type-Options: nosniff
X-XSS-Protection: 0
Cache-Control: no-cache, no-store, max-age=0, must-revalidate
Pragma: no-cache
Expires: 0
X-Frame-Options: DENY
Content-Type: application/json
Content-Length: 39
Date: Thu, 13 Aug 2026 12:04:55 GMT
Keep-Alive: timeout=60
Connection: keep-alive

User with ID 3054 deleted successfully.
>>> Running surefire-report:report
[INFO] Maven Build Time Profiler started. (Version 0.5.0)
[INFO] Scanning for projects...
[INFO] 
[INFO] ----------------------< org.example:nbank-tests >-----------------------
[INFO] Building nbank-tests 1.0-SNAPSHOT
[INFO]   from pom.xml
[INFO] --------------------------------[ jar ]---------------------------------
[INFO] 
[INFO] >>> surefire-report:3.2.5:report (default-cli) > [surefire]test @ nbank-tests >>>
[INFO] 
[INFO] --- resources:3.3.1:resources (default-resources) @ nbank-tests ---
[INFO] Copying 3 resources from src/main/resources to target/classes
[INFO] 
[INFO] --- compiler:3.11.0:compile (default-compile) @ nbank-tests ---
[INFO] Nothing to compile - all classes are up to date
[INFO] 
[INFO] --- resources:3.3.1:testResources (default-testResources) @ nbank-tests ---
[INFO] Copying 2 resources from src/test/resources to target/test-classes
[INFO] 
[INFO] --- compiler:3.11.0:testCompile (default-testCompile) @ nbank-tests ---
[INFO] Nothing to compile - all classes are up to date
[INFO] 
[INFO] --- surefire:3.2.5:test (default-test) @ nbank-tests ---
[INFO] Tests are skipped.
[INFO] 
[INFO] <<< surefire-report:3.2.5:report (default-cli) < [surefire]test @ nbank-tests <<<
[INFO] 
[INFO] 
[INFO] --- surefire-report:3.2.5:report (default-cli) @ nbank-tests ---
Downloading from central: https://repo.maven.apache.org/maven2/org/apache/maven/skins/maven-default-skin/1.3/maven-default-skin-1.3.jar
Progress (1): 0.9/14 kBProgress (1): 2.3/14 kBProgress (1): 3.6/14 kBProgress (1): 5.0/14 kBProgress (1): 6.4/14 kBProgress (1): 7.3/14 kBProgress (1): 8.6/14 kBProgress (1): 10.0/14 kBProgress (1): 11/14 kB  Progress (1): 13/14 kBProgress (1): 14 kB                      Downloaded from central: https://repo.maven.apache.org/maven2/org/apache/maven/skins/maven-default-skin/1.3/maven-default-skin-1.3.jar (14 kB at 45 kB/s)
[INFO] Rendering content with org.apache.maven.skins:maven-default-skin:jar:1.3 skin.
[WARNING] Unable to locate Test Source XRef to link to - DISABLED
[INFO] MBTP: Session Ended
[INFO] ------------------------------------------------------------------------
[INFO] BUILD SUCCESS
[INFO] ------------------------------------------------------------------------
[INFO] Total time:  0.931 s
[INFO] Finished at: 2026-08-13T12:04:56Z
[INFO] ------------------------------------------------------------------------
[INFO] --             Maven Build Time Profiler Summary                      --
[INFO] ------------------------------------------------------------------------
[INFO] Project discovery time:       10 ms
[INFO] ------------------------------------------------------------------------
[INFO] Project Build Time (reactor order):
[INFO] 
[INFO] nbank-tests:
[INFO]           64 ms : process-resources
[INFO]           37 ms : compile
[INFO]            2 ms : process-test-resources
[INFO]            4 ms : test-compile
[INFO]           56 ms : test
[INFO] ------------------------------------------------------------------------
[INFO] Lifecycle Phase summary:
[INFO] 
[INFO]       64 ms : process-resources
[INFO]       37 ms : compile
[INFO]        2 ms : process-test-resources
[INFO]        4 ms : test-compile
[INFO]       56 ms : test
[INFO] ------------------------------------------------------------------------
[INFO] Plugins in lifecycle Phases:
[INFO] 
[INFO] process-resources:
[INFO]       64 ms: org.apache.maven.plugins:maven-resources-plugin:3.3.1:resources (default-resources)
[INFO] compile:
[INFO]       37 ms: org.apache.maven.plugins:maven-compiler-plugin:3.11.0:compile (default-compile)
[INFO] process-test-resources:
[INFO]        2 ms: org.apache.maven.plugins:maven-resources-plugin:3.3.1:testResources (default-testResources)
[INFO] test-compile:
[INFO]        4 ms: org.apache.maven.plugins:maven-compiler-plugin:3.11.0:testCompile (default-testCompile)
[INFO] test:
[INFO]       56 ms: org.apache.maven.plugins:maven-surefire-plugin:3.2.5:test (default-test)
[INFO] 
[INFO]      163 ms plugins execution summary.
[INFO] ------------------------------------------------------------------------
[INFO] Plugins directly called via goals:
[INFO] 
[INFO]      594 ms : org.apache.maven.plugins:maven-surefire-report-plugin:3.2.5:report (default-cli)
[INFO] ------------------------------------------------------------------------
[INFO] Artifact Download summary:
[INFO]      368 ms : org.apache.maven.skins:maven-default-skin:1.3:jar (13,779 bytes)
[INFO] 
[INFO] 368 ms  13,779 bytes. 0.036 MiB / s
[INFO] ForkTime: 286
[INFO] ProjectTimer: org.example:nbank-tests:jar:1.0-SNAPSHOT : 285
