>>> Running tests with profile: ui
SLF4J(W): No SLF4J providers were found.
SLF4J(W): Defaulting to no-operation (NOP) logger implementation
SLF4J(W): See https://www.slf4j.org/codes.html#noProviders for further details.
======== THREAD <<ForkJoinPool-1-worker-2>> TEST STARTED iteration_1.ui.adminCanLoginWithCorrectDataTest() ========
Request method:	POST
Request URI:	http://backend:4111/api/v1/admin/users
Proxy:			<none>
Request params:	<none>
Query params:	<none>
Form params:	<none>
Path params:	<none>
Headers:		Accept=application/json, application/javascript, text/javascript, text/json
				Authorization=Basic YWRtaW46YWRtaW4=
				Content-Type=application/json
Cookies:		<none>
Multiparts:		<none>
Body:
{
    "username": "6PuWPJoYvP2vD",
    "password": "ULQyzqm401$%",
    "role": "USER"
}
Request method:	POST
Request URI:	http://backend:4111/api/v1/admin/users
Proxy:			<none>
Request params:	<none>
Query params:	<none>
Form params:	<none>
Path params:	<none>
Headers:		Accept=application/json, application/javascript, text/javascript, text/json
				Authorization=Basic YWRtaW46YWRtaW4=
				Content-Type=application/json
Cookies:		<none>
Multiparts:		<none>
Body:
{
    "username": "M4EeQ",
    "password": "PECoqtk545$&",
    "role": "USER"
}
Request method:	POST
Request URI:	http://backend:4111/api/v1/admin/users
Proxy:			<none>
Request params:	<none>
Query params:	<none>
Form params:	<none>
Path params:	<none>
Headers:		Accept=application/json, application/javascript, text/javascript, text/json
				Authorization=Basic YWRtaW46YWRtaW4=
				Content-Type=application/json
Cookies:		<none>
Multiparts:		<none>
Body:
{
    "username": "xMXTwXzDyVB",
    "password": "XEQhowo281$&",
    "role": "USER"
}
Request method:	POST
Request URI:	http://backend:4111/api/v1/admin/users
Proxy:			<none>
Request params:	<none>
Query params:	<none>
Form params:	<none>
Path params:	<none>
Headers:		Accept=application/json, application/javascript, text/javascript, text/json
				Authorization=Basic YWRtaW46YWRtaW4=
				Content-Type=application/json
Cookies:		<none>
Multiparts:		<none>
Body:
{
    "username": "3mZS5uduK7No7O",
    "password": "FVZgpcg170&&",
    "role": "USER"
}
Request method:	POST
Request URI:	http://backend:4111/api/v1/admin/users
Proxy:			<none>
Request params:	<none>
Query params:	<none>
Form params:	<none>
Path params:	<none>
Headers:		Accept=application/json, application/javascript, text/javascript, text/json
				Authorization=Basic YWRtaW46YWRtaW4=
				Content-Type=application/json
Cookies:		<none>
Multiparts:		<none>
Body:
{
    "username": "PDfRJoicUjFp",
    "password": "GSFrzux958$%",
    "role": "USER"
}
Request method:	POST
Request URI:	http://backend:4111/api/v1/admin/users
Proxy:			<none>
Request params:	<none>
Query params:	<none>
Form params:	<none>
Path params:	<none>
Headers:		Accept=application/json, application/javascript, text/javascript, text/json
				Authorization=Basic YWRtaW46YWRtaW4=
				Content-Type=application/json
Cookies:		<none>
Multiparts:		<none>
Body:
{
    "username": "nE1McDtszzbN",
    "password": "YJCzico246$$",
    "role": "USER"
}
HTTP/1.1 201 
Vary: Origin
Vary: Access-Control-Request-Method
Vary: Access-Control-Request-Headers
Authorization: Basic UERmUkpvaWNVakZwOkdTRnJ6dXg5NTgkJQ==
X-Content-Type-Options: nosniff
X-XSS-Protection: 0
Cache-Control: no-cache, no-store, max-age=0, must-revalidate
Pragma: no-cache
Expires: 0
X-Frame-Options: DENY
Content-Type: application/json
Transfer-Encoding: chunked
Date: Thu, 13 Aug 2026 12:08:11 GMT
Keep-Alive: timeout=60
Connection: keep-alive

{
    "id": 3143,
    "username": "PDfRJoicUjFp",
    "password": "$2a$10$xmth1nIPEmR6zmkdgTpb5.EwNe9uF.p903F2WwWvFkaMYWMDQ5lQ2",
    "name": null,
    "role": "USER",
    "accounts": [
        
    ]
}
HTTP/1.1 201 
Vary: Origin
Vary: Access-Control-Request-Method
Vary: Access-Control-Request-Headers
Authorization: Basic M21aUzV1ZHVLN05vN086RlZaZ3BjZzE3MCYm
X-Content-Type-Options: nosniff
X-XSS-Protection: 0
Cache-Control: no-cache, no-store, max-age=0, must-revalidate
Pragma: no-cache
Expires: 0
X-Frame-Options: DENY
Content-Type: application/json
Transfer-Encoding: chunked
Date: Thu, 13 Aug 2026 12:08:11 GMT
Keep-Alive: timeout=60
Connection: keep-alive

{
    "id": 3142,
    "username": "3mZS5uduK7No7O",
    "password": "$2a$10$iyfE3TyYL9kc8s/1w3bvq.OwRWCdhY9SUUgVsGD5MR1vbjn.Zbyxq",
    "name": null,
    "role": "USER",
    "accounts": [
        
    ]
}
HTTP/1.1 201 
Vary: Origin
Vary: Access-Control-Request-Method
Vary: Access-Control-Request-Headers
Authorization: Basic eE1YVHdYekR5VkI6WEVRaG93bzI4MSQm
X-Content-Type-Options: nosniff
X-XSS-Protection: 0
Cache-Control: no-cache, no-store, max-age=0, must-revalidate
Pragma: no-cache
Expires: 0
X-Frame-Options: DENY
Content-Type: application/json
Transfer-Encoding: chunked
Date: Thu, 13 Aug 2026 12:08:11 GMT
Keep-Alive: timeout=60
Connection: keep-alive

{
    "id": 3141,
    "username": "xMXTwXzDyVB",
    "password": "$2a$10$8rH6PT13vWSLP4PRg2cszuy0deaxbuSRs5RlSoQUUYwitmPV3VziK",
    "name": null,
    "role": "USER",
    "accounts": [
        
    ]
}
HTTP/1.1 201 
Vary: Origin
Vary: Access-Control-Request-Method
Vary: Access-Control-Request-Headers
Authorization: Basic NlB1V1BKb1l2UDJ2RDpVTFF5enFtNDAxJCU=
X-Content-Type-Options: nosniff
X-XSS-Protection: 0
Cache-Control: no-cache, no-store, max-age=0, must-revalidate
Pragma: no-cache
Expires: 0
X-Frame-Options: DENY
Content-Type: application/json
Transfer-Encoding: chunked
Date: Thu, 13 Aug 2026 12:08:11 GMT
Keep-Alive: timeout=60
Connection: keep-alive

{
    "id": 3138,
    "username": "6PuWPJoYvP2vD",
    "password": "$2a$10$m3cLiuTwUpKhcMND3tDiReFNZvo6vMEAJ7f5fFprX1GXOmlO.yIeK",
    "name": null,
    "role": "USER",
    "accounts": [
        
    ]
}
HTTP/1.1 201 
Vary: Origin
Vary: Access-Control-Request-Method
Vary: Access-Control-Request-Headers
Authorization: Basic TTRFZVE6UEVDb3F0azU0NSQm
X-Content-Type-Options: nosniff
X-XSS-Protection: 0
Cache-Control: no-cache, no-store, max-age=0, must-revalidate
Pragma: no-cache
Expires: 0
X-Frame-Options: DENY
Content-Type: application/json
Transfer-Encoding: chunked
Date: Thu, 13 Aug 2026 12:08:11 GMT
Keep-Alive: timeout=60
Connection: keep-alive

{
    "id": 3139,
    "username": "M4EeQ",
    "password": "$2a$10$.FWVWCZpLmut14d.DXxdOe.BIx5MIrrBPsXR4wvVCOLGEgL3J3w0.",
    "name": null,
    "role": "USER",
    "accounts": [
        
    ]
}
HTTP/1.1 201 
Vary: Origin
Vary: Access-Control-Request-Method
Vary: Access-Control-Request-Headers
Authorization: Basic bkUxTWNEdHN6emJOOllKQ3ppY28yNDYkJA==
X-Content-Type-Options: nosniff
X-XSS-Protection: 0
Cache-Control: no-cache, no-store, max-age=0, must-revalidate
Pragma: no-cache
Expires: 0
X-Frame-Options: DENY
Content-Type: application/json
Transfer-Encoding: chunked
Date: Thu, 13 Aug 2026 12:08:11 GMT
Keep-Alive: timeout=60
Connection: keep-alive

{
    "id": 3140,
    "username": "nE1McDtszzbN",
    "password": "$2a$10$ilyj/N4.tZlF9v8A5HgUo.ewtsDFGleSw5fByHeqFlqrH1wj.6Rhe",
    "name": null,
    "role": "USER",
    "accounts": [
        
    ]
}
======== THREAD <<ForkJoinPool-1-worker-11>> TEST STARTED iteration_1.ui.userCanLoginWithCorrectDataTest() ========
Request method:	POST
Request URI:	http://backend:4111/api/v1/admin/users
Proxy:			<none>
Request params:	<none>
Query params:	<none>
Form params:	<none>
Path params:	<none>
Headers:		Accept=application/json, application/javascript, text/javascript, text/json
				Authorization=Basic YWRtaW46YWRtaW4=
				Content-Type=application/json
Cookies:		<none>
Multiparts:		<none>
Body:
{
    "username": "c9aHwSxPHz9I",
    "password": "PDQysgi693$$",
    "role": "USER"
}
Request method:	POST
Request URI:	http://backend:4111/api/v1/admin/users
Proxy:			<none>
Request params:	<none>
Query params:	<none>
Form params:	<none>
Path params:	<none>
Headers:		Accept=application/json, application/javascript, text/javascript, text/json
				Authorization=Basic YWRtaW46YWRtaW4=
				Content-Type=application/json
Cookies:		<none>
Multiparts:		<none>
Body:
{
    "username": "K0cB1uwlVbsr",
    "password": "OQKjbhz453$%",
    "role": "USER"
}
Request method:	POST
Request URI:	http://backend:4111/api/v1/admin/users
Proxy:			<none>
Request params:	<none>
Query params:	<none>
Form params:	<none>
Path params:	<none>
Headers:		Accept=application/json, application/javascript, text/javascript, text/json
				Authorization=Basic YWRtaW46YWRtaW4=
				Content-Type=application/json
Cookies:		<none>
Multiparts:		<none>
Body:
{
    "username": "TWgRPZ4h11p",
    "password": "FRTlasw070$&",
    "role": "USER"
}
HTTP/1.1 201 
Vary: Origin
Vary: Access-Control-Request-Method
Vary: Access-Control-Request-Headers
Authorization: Basic SzBjQjF1d2xWYnNyOk9RS2piaHo0NTMkJQ==
X-Content-Type-Options: nosniff
X-XSS-Protection: 0
Cache-Control: no-cache, no-store, max-age=0, must-revalidate
Pragma: no-cache
Expires: 0
X-Frame-Options: DENY
Content-Type: application/json
Transfer-Encoding: chunked
Date: Thu, 13 Aug 2026 12:08:11 GMT
Keep-Alive: timeout=60
Connection: keep-alive

{
    "id": 3145,
    "username": "K0cB1uwlVbsr",
    "password": "$2a$10$kyrs9dqHltNNfWRxtsXnD.tPKCY0BJibqOdbPs3R85f5w4pODWKa.",
    "name": null,
    "role": "USER",
    "accounts": [
        
    ]
}
HTTP/1.1 201 
Vary: Origin
Vary: Access-Control-Request-Method
Vary: Access-Control-Request-Headers
Authorization: Basic YzlhSHdTeFBIejlJOlBEUXlzZ2k2OTMkJA==
X-Content-Type-Options: nosniff
X-XSS-Protection: 0
Cache-Control: no-cache, no-store, max-age=0, must-revalidate
Pragma: no-cache
Expires: 0
X-Frame-Options: DENY
Content-Type: application/json
Transfer-Encoding: chunked
Date: Thu, 13 Aug 2026 12:08:11 GMT
Keep-Alive: timeout=60
Connection: keep-alive

{
    "id": 3144,
    "username": "c9aHwSxPHz9I",
    "password": "$2a$10$B1B4l1O2sIOJ20wcqyrs0.Mp66vQx7Oarh6asU8VHyRRDoafMHNyy",
    "name": null,
    "role": "USER",
    "accounts": [
        
    ]
}
HTTP/1.1 201 
Vary: Origin
Vary: Access-Control-Request-Method
Vary: Access-Control-Request-Headers
Authorization: Basic VFdnUlBaNGgxMXA6RlJUbGFzdzA3MCQm
X-Content-Type-Options: nosniff
X-XSS-Protection: 0
Cache-Control: no-cache, no-store, max-age=0, must-revalidate
Pragma: no-cache
Expires: 0
X-Frame-Options: DENY
Content-Type: application/json
Transfer-Encoding: chunked
Date: Thu, 13 Aug 2026 12:08:11 GMT
Keep-Alive: timeout=60
Connection: keep-alive

{
    "id": 3146,
    "username": "TWgRPZ4h11p",
    "password": "$2a$10$2biu3pbT5Z3Kpbl40mpAZO7M5m7litbdR/Ls/MLzD3mVDKRsfA4oa",
    "name": null,
    "role": "USER",
    "accounts": [
        
    ]
}
Aug 13, 2026 12:08:12 PM org.openqa.selenium.devtools.DevToolsProvider getImplementation
INFO: WebDriver augmented with DevTools interface; connection will not be verified until first use.
Aug 13, 2026 12:08:12 PM org.openqa.selenium.devtools.DevToolsProvider getImplementation
INFO: WebDriver augmented with DevTools interface; connection will not be verified until first use.
Aug 13, 2026 12:08:12 PM org.openqa.selenium.devtools.DevToolsProvider getImplementation
INFO: WebDriver augmented with DevTools interface; connection will not be verified until first use.
Aug 13, 2026 12:08:13 PM org.openqa.selenium.devtools.DevToolsProvider getImplementation
INFO: WebDriver augmented with DevTools interface; connection will not be verified until first use.
Aug 13, 2026 12:08:13 PM org.openqa.selenium.devtools.DevToolsProvider getImplementation
INFO: WebDriver augmented with DevTools interface; connection will not be verified until first use.
======== THREAD <<ForkJoinPool-1-worker-7>> TEST STARTED iteration_1.ui.adminCanCrateUserTest() ========
======== THREAD <<ForkJoinPool-1-worker-3>> TEST STARTED iteration_1.ui.adminCannotCrateUserWithInvalidDataTest() ========
======== THREAD <<ForkJoinPool-1-worker-2>> TEST FINISHED iteration_1.ui.adminCanLoginWithCorrectDataTest(), TEST DURATION: 4522 MLS
Request method:	POST
Request URI:	http://backend:4111/api/v1/auth/login
Proxy:			<none>
Request params:	<none>
Query params:	<none>
Form params:	<none>
Path params:	<none>
Headers:		Accept=application/json, application/javascript, text/javascript, text/json
				Content-Type=application/json
Cookies:		<none>
Multiparts:		<none>
Body:
{
    "username": "nE1McDtszzbN",
    "password": "YJCzico246$$"
}
Request method:	POST
Request URI:	http://backend:4111/api/v1/auth/login
Proxy:			<none>
Request params:	<none>
Query params:	<none>
Form params:	<none>
Path params:	<none>
Headers:		Accept=application/json, application/javascript, text/javascript, text/json
				Content-Type=application/json
Cookies:		<none>
Multiparts:		<none>
Body:
{
    "username": "xMXTwXzDyVB",
    "password": "XEQhowo281$&"
}
HTTP/1.1 200 
Vary: Origin
Vary: Access-Control-Request-Method
Vary: Access-Control-Request-Headers
Authorization: Basic bkUxTWNEdHN6emJOOllKQ3ppY28yNDYkJA==
X-Content-Type-Options: nosniff
X-XSS-Protection: 0
Cache-Control: no-cache, no-store, max-age=0, must-revalidate
Pragma: no-cache
Expires: 0
X-Frame-Options: DENY
Content-Type: application/json
Transfer-Encoding: chunked
Date: Thu, 13 Aug 2026 12:08:13 GMT
Keep-Alive: timeout=60
Connection: keep-alive

{
    "role": "USER",
    "username": "nE1McDtszzbN"
}
======== THREAD <<ForkJoinPool-1-worker-5>> TEST STARTED iteration_2.ui.userCannotDepositWithInvalidData() ========
Request method:	POST
Request URI:	http://backend:4111/api/v1/accounts
Proxy:			<none>
Request params:	<none>
Query params:	<none>
Form params:	<none>
Path params:	<none>
Headers:		Accept=application/json, application/javascript, text/javascript, text/json
				Authorization=Basic bkUxTWNEdHN6emJOOllKQ3ppY28yNDYkJA==
				Content-Type=application/json
Cookies:		<none>
Multiparts:		<none>
Body:			<none>
HTTP/1.1 200 
Vary: Origin
Vary: Access-Control-Request-Method
Vary: Access-Control-Request-Headers
Authorization: Basic eE1YVHdYekR5VkI6WEVRaG93bzI4MSQm
X-Content-Type-Options: nosniff
X-XSS-Protection: 0
Cache-Control: no-cache, no-store, max-age=0, must-revalidate
Pragma: no-cache
Expires: 0
X-Frame-Options: DENY
Content-Type: application/json
Transfer-Encoding: chunked
Date: Thu, 13 Aug 2026 12:08:13 GMT
Keep-Alive: timeout=60
Connection: keep-alive

{
    "role": "USER",
    "username": "xMXTwXzDyVB"
}
======== THREAD <<ForkJoinPool-1-worker-6>> TEST STARTED iteration_2.ui.userCanDepositWithValidData() ========
Request method:	POST
Request URI:	http://backend:4111/api/v1/accounts
Proxy:			<none>
Request params:	<none>
Query params:	<none>
Form params:	<none>
Path params:	<none>
Headers:		Accept=application/json, application/javascript, text/javascript, text/json
				Authorization=Basic eE1YVHdYekR5VkI6WEVRaG93bzI4MSQm
				Content-Type=application/json
Cookies:		<none>
Multiparts:		<none>
Body:			<none>
HTTP/1.1 201 
Vary: Origin
Vary: Access-Control-Request-Method
Vary: Access-Control-Request-Headers
X-Content-Type-Options: nosniff
X-XSS-Protection: 0
Cache-Control: no-cache, no-store, max-age=0, must-revalidate
Pragma: no-cache
Expires: 0
X-Frame-Options: DENY
Content-Type: application/json
Transfer-Encoding: chunked
Date: Thu, 13 Aug 2026 12:08:13 GMT
Keep-Alive: timeout=60
Connection: keep-alive

{
    "id": 3131,
    "accountNumber": "ACC5FE2801A",
    "balance": 0,
    "transactions": [
        
    ]
}
HTTP/1.1 201 
Vary: Origin
Vary: Access-Control-Request-Method
Vary: Access-Control-Request-Headers
X-Content-Type-Options: nosniff
X-XSS-Protection: 0
Cache-Control: no-cache, no-store, max-age=0, must-revalidate
Pragma: no-cache
Expires: 0
X-Frame-Options: DENY
Content-Type: application/json
Transfer-Encoding: chunked
Date: Thu, 13 Aug 2026 12:08:13 GMT
Keep-Alive: timeout=60
Connection: keep-alive

{
    "id": 3132,
    "accountNumber": "ACC5999E8F7",
    "balance": 0,
    "transactions": [
        
    ]
}
======== THREAD <<ForkJoinPool-1-worker-5>> TEST FINISHED iteration_2.ui.userCannotDepositWithInvalidData(), TEST DURATION: 813 MLS
Request method:	DELETE
Request URI:	http://backend:4111/api/v1/admin/users/3140
Proxy:			<none>
Request params:	<none>
Query params:	<none>
Form params:	<none>
Path params:	<none>
Headers:		Accept=application/json, application/javascript, text/javascript, text/json
				Authorization=Basic YWRtaW46YWRtaW4=
				Content-Type=application/json
Cookies:		<none>
Multiparts:		<none>
Body:			<none>
HTTP/1.1 200 
Vary: Origin
Vary: Access-Control-Request-Method
Vary: Access-Control-Request-Headers
X-Content-Type-Options: nosniff
X-XSS-Protection: 0
Cache-Control: no-cache, no-store, max-age=0, must-revalidate
Pragma: no-cache
Expires: 0
X-Frame-Options: DENY
Content-Type: application/json
Content-Length: 39
Date: Thu, 13 Aug 2026 12:08:15 GMT
Keep-Alive: timeout=60
Connection: keep-alive

User with ID 3140 deleted successfully.
Request method:	GET
Request URI:	http://backend:4111/api/v1/customer/accounts
Proxy:			<none>
Request params:	<none>
Query params:	<none>
Form params:	<none>
Path params:	<none>
Headers:		Accept=application/json, application/javascript, text/javascript, text/json
				Authorization=Basic eE1YVHdYekR5VkI6WEVRaG93bzI4MSQm
				Content-Type=application/json
Cookies:		<none>
Multiparts:		<none>
Body:			<none>
HTTP/1.1 200 
Vary: Origin
Vary: Access-Control-Request-Method
Vary: Access-Control-Request-Headers
X-Content-Type-Options: nosniff
X-XSS-Protection: 0
Cache-Control: no-cache, no-store, max-age=0, must-revalidate
Pragma: no-cache
Expires: 0
X-Frame-Options: DENY
Content-Type: application/json
Transfer-Encoding: chunked
Date: Thu, 13 Aug 2026 12:08:16 GMT
Keep-Alive: timeout=60
Connection: keep-alive

[
    {
        "id": 3132,
        "accountNumber": "ACC5999E8F7",
        "balance": 390.82,
        "transactions": [
            {
                "id": 2869,
                "amount": 390.82,
                "type": "DEPOSIT",
                "timestamp": "2026-08-13T12:08:15.696526",
                "relatedAccountId": 3132
            }
        ]
    }
]
======== THREAD <<ForkJoinPool-1-worker-6>> TEST FINISHED iteration_2.ui.userCanDepositWithValidData(), TEST DURATION: 1657 MLS
Request method:	DELETE
Request URI:	http://backend:4111/api/v1/admin/users/3141
Proxy:			<none>
Request params:	<none>
Query params:	<none>
Form params:	<none>
Path params:	<none>
Headers:		Accept=application/json, application/javascript, text/javascript, text/json
				Authorization=Basic YWRtaW46YWRtaW4=
				Content-Type=application/json
Cookies:		<none>
Multiparts:		<none>
Body:			<none>
HTTP/1.1 200 
Vary: Origin
Vary: Access-Control-Request-Method
Vary: Access-Control-Request-Headers
X-Content-Type-Options: nosniff
X-XSS-Protection: 0
Cache-Control: no-cache, no-store, max-age=0, must-revalidate
Pragma: no-cache
Expires: 0
X-Frame-Options: DENY
Content-Type: application/json
Content-Length: 39
Date: Thu, 13 Aug 2026 12:08:16 GMT
Keep-Alive: timeout=60
Connection: keep-alive

User with ID 3141 deleted successfully.
Aug 13, 2026 12:08:16 PM org.openqa.selenium.devtools.DevToolsProvider getImplementation
INFO: WebDriver augmented with DevTools interface; connection will not be verified until first use.
Request method:	GET
Request URI:	http://backend:4111/api/v1/admin/users
Proxy:			<none>
Request params:	<none>
Query params:	<none>
Form params:	<none>
Path params:	<none>
Headers:		Accept=application/json, application/javascript, text/javascript, text/json
				Authorization=Basic YWRtaW46YWRtaW4=
				Content-Type=application/json
Cookies:		<none>
Multiparts:		<none>
Body:			<none>
HTTP/1.1 200 
Vary: Origin
Vary: Access-Control-Request-Method
Vary: Access-Control-Request-Headers
X-Content-Type-Options: nosniff
X-XSS-Protection: 0
Cache-Control: no-cache, no-store, max-age=0, must-revalidate
Pragma: no-cache
Expires: 0
X-Frame-Options: DENY
Content-Type: application/json
Transfer-Encoding: chunked
Date: Thu, 13 Aug 2026 12:08:16 GMT
Keep-Alive: timeout=60
Connection: keep-alive

[
    {
        "id": 1423,
        "username": "Pt6JvU101iTnna",
        "name": null,
        "role": "USER",
        "accounts": [
            
        ]
    },
    {
        "id": 1398,
        "username": "nNL",
        "name": null,
        "role": "USER",
        "accounts": [
            
        ]
    },
    {
        "id": 1387,
        "username": "hYK4HgpimKeOce",
        "name": null,
        "role": "USER",
        "accounts": [
            
        ]
    },
    {
        "id": 1409,
        "username": "srUPt",
        "name": null,
        "role": "USER",
        "accounts": [
            
        ]
    },
    {
        "id": 1793,
        "username": "HfCLZWoDTmS",
        "name": null,
        "role": "USER",
        "accounts": [
            
        ]
    },
    {
        "id": 3145,
        "username": "K0cB1uwlVbsr",
        "name": null,
        "role": "USER",
        "accounts": [
            
        ]
    },
    {
        "id": 1388,
        "username": "6AG",
        "name": null,
        "role": "USER",
        "accounts": [
            
        ]
    },
    {
        "id": 1734,
        "username": "OsmzYH",
        "name": null,
        "role": "USER",
        "accounts": [
            
        ]
    },
    {
        "id": 3147,
        "username": "K5m8KTsKUmWh",
        "name": null,
        "role": "USER",
        "accounts": [
            
        ]
    },
    {
        "id": 1410,
        "username": "twCgQChcwsj",
        "name": null,
        "role": "USER",
        "accounts": [
            
        ]
    },
    {
        "id": 1395,
        "username": "gsO",
        "name": null,
        "role": "USER",
        "accounts": [
            
        ]
    },
    {
        "id": 318,
        "username": "wI4C",
        "name": null,
        "role": "USER",
        "accounts": [
            
        ]
    },
    {
        "id": 1378,
        "username": "vs3dJH",
        "name": null,
        "role": "USER",
        "accounts": [
            
        ]
    },
    {
        "id": 1987,
        "username": "PFZ45D7",
        "name": null,
        "role": "USER",
        "accounts": [
            
        ]
    },
    {
        "id": 1372,
        "username": "vl38yXm",
        "name": null,
        "role": "USER",
        "accounts": [
            
        ]
    },
    {
        "id": 1849,
        "username": "KJ96tEpE1Agh",
        "name": null,
        "role": "USER",
        "accounts": [
            
        ]
    },
    {
        "id": 1403,
        "username": "4HjmBOAxT",
        "name": null,
        "role": "USER",
        "accounts": [
            
        ]
    },
    {
        "id": 1397,
        "username": "9p2aRwfn",
        "name": null,
        "role": "USER",
        "accounts": [
            
        ]
    },
    {
        "id": 1399,
        "username": "CYRNH4",
        "name": null,
        "role": "USER",
        "accounts": [
            
        ]
    },
    {
        "id": 3138,
        "username": "6PuWPJoYvP2vD",
        "name": null,
        "role": "USER",
        "accounts": [
            
        ]
    },
    {
        "id": 1570,
        "username": "tPPeM0d",
        "name": null,
        "role": "USER",
        "accounts": [
            
        ]
    },
    {
        "id": 3142,
        "username": "3mZS5uduK7No7O",
        "name": null,
        "role": "USER",
        "accounts": [
            
        ]
    },
    {
        "id": 1375,
        "username": "E4KN8LKlXN2Sq",
        "name": null,
        "role": "USER",
        "accounts": [
            
        ]
    },
    {
        "id": 1514,
        "username": "FEMXGwVNjSjOmXm",
        "name": null,
        "role": "USER",
        "accounts": [
            
        ]
    },
    {
        "id": 3146,
        "username": "TWgRPZ4h11p",
        "name": null,
        "role": "USER",
        "accounts": [
            
        ]
    },
    {
        "id": 1384,
        "username": "RDfJiGRD3R",
        "name": null,
        "role": "USER",
        "accounts": [
            
        ]
    },
    {
        "id": 1377,
        "username": "tBCbi",
        "name": null,
        "role": "USER",
        "accounts": [
            
        ]
    },
    {
        "id": 1393,
        "username": "tF7wYnVij460",
        "name": null,
        "role": "USER",
        "accounts": [
            
        ]
    },
    {
        "id": 2,
        "username": "john_doe",
        "name": "John Doe",
        "role": "USER",
        "accounts": [
            {
                "id": 1,
                "accountNumber": "ACC12345678",
                "balance": 1000.00,
                "transactions": [
                    {
                        "id": 1,
                        "amount": 1000.00,
                        "type": "DEPOSIT",
                        "timestamp": "2024-01-01T10:00:00",
                        "relatedAccountId": null
                    }
                ]
            }
        ]
    },
    {
        "id": 1396,
        "username": "XJ3E4w272dv",
        "name": null,
        "role": "USER",
        "accounts": [
            
        ]
    },
    {
        "id": 1386,
        "username": "dzbMsr",
        "name": null,
        "role": "USER",
        "accounts": [
            
        ]
    },
    {
        "id": 1376,
        "username": "aEppdA8",
        "name": null,
        "role": "USER",
        "accounts": [
            
        ]
    },
    {
        "id": 1370,
        "username": "xv6wt9uY7B3T",
        "name": null,
        "role": "USER",
        "accounts": [
            
        ]
    },
    {
        "id": 1413,
        "username": "7E6Q",
        "name": null,
        "role": "USER",
        "accounts": [
            
        ]
    },
    {
        "id": 1390,
        "username": "N3PLUX",
        "name": null,
        "role": "USER",
        "accounts": [
            
        ]
    },
    {
        "id": 4,
        "username": "bob_wilson",
        "name": "Bob Wilson",
        "role": "USER",
        "accounts": [
            {
                "id": 3,
                "accountNumber": "ACC11223344",
                "balance": 500.25,
                "transactions": [
                    {
                        "id": 4,
                        "amount": 500.25,
                        "type": "DEPOSIT",
                        "timestamp": "2024-01-04T16:45:00",
                        "relatedAccountId": null
                    }
                ]
            }
        ]
    },
    {
        "id": 1405,
        "username": "iQbPL4KxKYaJU",
        "name": null,
        "role": "USER",
        "accounts": [
            
        ]
    },
    {
        "id": 1385,
        "username": "oLYEu3iaFkhiju",
        "name": null,
        "role": "USER",
        "accounts": [
            
        ]
    },
    {
        "id": 1379,
        "username": "UiL7V7nREc9HZh",
        "name": null,
        "role": "USER",
        "accounts": [
            
        ]
    },
    {
        "id": 3139,
        "username": "M4EeQ",
        "name": null,
        "role": "USER",
        "accounts": [
            
        ]
    },
    {
        "id": 1404,
        "username": "y78RSY4iUvi99e",
        "name": null,
        "role": "USER",
        "accounts": [
            
        ]
    },
    {
        "id": 1406,
        "username": "IhOYMmcVv",
        "name": null,
        "role": "USER",
        "accounts": [
            
        ]
    },
    {
        "id": 1389,
        "username": "Wwo6xUGbzQ",
        "name": null,
        "role": "USER",
        "accounts": [
            
        ]
    },
    {
        "id": 1401,
        "username": "61Ykb9X5KE",
        "name": null,
        "role": "USER",
        "accounts": [
            
        ]
    },
    {
        "id": 1919,
        "username": "hBSBa1Irk",
        "name": null,
        "role": "USER",
        "accounts": [
            
        ]
    },
    {
        "id": 3144,
        "username": "c9aHwSxPHz9I",
        "name": null,
        "role": "USER",
        "accounts": [
            
        ]
    },
    {
        "id": 1407,
        "username": "3Gs57ZDgm",
        "name": null,
        "role": "USER",
        "accounts": [
            
        ]
    },
    {
        "id": 3143,
        "username": "PDfRJoicUjFp",
        "name": null,
        "role": "USER",
        "accounts": [
            
        ]
    },
    {
        "id": 1381,
        "username": "jhIyOQoz6q0Hd",
        "name": null,
        "role": "USER",
        "accounts": [
            
        ]
    },
    {
        "id": 1391,
        "username": "p39y",
        "name": null,
        "role": "USER",
        "accounts": [
            
        ]
    },
    {
        "id": 1374,
        "username": "3NIqVirjUMGc",
        "name": null,
        "role": "USER",
        "accounts": [
            
        ]
    },
    {
        "id": 3,
        "username": "jane_smith",
        "name": "Jane Smith",
        "role": "USER",
        "accounts": [
            {
                "id": 2,
                "accountNumber": "ACC87654321",
                "balance": 2500.50,
                "transactions": [
                    {
                        "id": 2,
                        "amount": 500.50,
                        "type": "DEPOSIT",
                        "timestamp": "2024-01-02T14:30:00",
                        "relatedAccountId": null
                    },
                    {
                        "id": 3,
                        "amount": 2500.00,
                        "type": "DEPOSIT",
                        "timestamp": "2024-01-03T09:15:00",
                        "relatedAccountId": null
                    }
                ]
            }
        ]
    },
    {
        "id": 1392,
        "username": "mG4XU9QNlHoGe6",
        "name": null,
        "role": "USER",
        "accounts": [
            
        ]
    },
    {
        "id": 1380,
        "username": "3GrqkzvAj7K",
        "name": null,
        "role": "USER",
        "accounts": [
            
        ]
    },
    {
        "id": 1679,
        "username": "7Uu6nwvwifpRpo",
        "name": null,
        "role": "USER",
        "accounts": [
            
        ]
    },
    {
        "id": 846,
        "username": "5Q07wAxVZiDB",
        "name": null,
        "role": "USER",
        "accounts": [
            
        ]
    },
    {
        "id": 1,
        "username": "admin",
        "name": "System Administrator",
        "role": "ADMIN",
        "accounts": [
            
        ]
    },
    {
        "id": 319,
        "username": "JQFNRz2n2k8",
        "name": null,
        "role": "USER",
        "accounts": [
            
        ]
    },
    {
        "id": 1618,
        "username": "HCa",
        "name": null,
        "role": "USER",
        "accounts": [
            
        ]
    },
    {
        "id": 1400,
        "username": "nv3tCbsLsk",
        "name": null,
        "role": "USER",
        "accounts": [
            
        ]
    },
    {
        "id": 1383,
        "username": "NL2SyWb0l",
        "name": null,
        "role": "USER",
        "accounts": [
            
        ]
    },
    {
        "id": 1369,
        "username": "kG8PoAYaaBun",
        "name": null,
        "role": "USER",
        "accounts": [
            
        ]
    },
    {
        "id": 1373,
        "username": "mY2HVIhOON23",
        "name": null,
        "role": "USER",
        "accounts": [
            
        ]
    },
    {
        "id": 1408,
        "username": "ZvtuHBlqP",
        "name": null,
        "role": "USER",
        "accounts": [
            
        ]
    },
    {
        "id": 1411,
        "username": "MELeueqbzy",
        "name": null,
        "role": "USER",
        "accounts": [
            
        ]
    }
]
======== THREAD <<ForkJoinPool-1-worker-7>> TEST FINISHED iteration_1.ui.adminCanCrateUserTest(), TEST DURATION: 3175 MLS
Request method:	DELETE
Request URI:	http://backend:4111/api/v1/admin/users/3147
Proxy:			<none>
Request params:	<none>
Query params:	<none>
Form params:	<none>
Path params:	<none>
Headers:		Accept=application/json, application/javascript, text/javascript, text/json
				Authorization=Basic YWRtaW46YWRtaW4=
				Content-Type=application/json
Cookies:		<none>
Multiparts:		<none>
Body:			<none>
HTTP/1.1 200 
Vary: Origin
Vary: Access-Control-Request-Method
Vary: Access-Control-Request-Headers
X-Content-Type-Options: nosniff
X-XSS-Protection: 0
Cache-Control: no-cache, no-store, max-age=0, must-revalidate
Pragma: no-cache
Expires: 0
X-Frame-Options: DENY
Content-Type: application/json
Content-Length: 39
Date: Thu, 13 Aug 2026 12:08:16 GMT
Keep-Alive: timeout=60
Connection: keep-alive

User with ID 3147 deleted successfully.
Request method:	GET
Request URI:	http://backend:4111/api/v1/admin/users
Proxy:			<none>
Request params:	<none>
Query params:	<none>
Form params:	<none>
Path params:	<none>
Headers:		Accept=application/json, application/javascript, text/javascript, text/json
				Authorization=Basic YWRtaW46YWRtaW4=
				Content-Type=application/json
Cookies:		<none>
Multiparts:		<none>
Body:			<none>
HTTP/1.1 200 
Vary: Origin
Vary: Access-Control-Request-Method
Vary: Access-Control-Request-Headers
X-Content-Type-Options: nosniff
X-XSS-Protection: 0
Cache-Control: no-cache, no-store, max-age=0, must-revalidate
Pragma: no-cache
Expires: 0
X-Frame-Options: DENY
Content-Type: application/json
Transfer-Encoding: chunked
Date: Thu, 13 Aug 2026 12:08:16 GMT
Keep-Alive: timeout=60
Connection: keep-alive

[
    {
        "id": 1409,
        "username": "srUPt",
        "name": null,
        "role": "USER",
        "accounts": [
            
        ]
    },
    {
        "id": 1793,
        "username": "HfCLZWoDTmS",
        "name": null,
        "role": "USER",
        "accounts": [
            
        ]
    },
    {
        "id": 3145,
        "username": "K0cB1uwlVbsr",
        "name": null,
        "role": "USER",
        "accounts": [
            
        ]
    },
    {
        "id": 1388,
        "username": "6AG",
        "name": null,
        "role": "USER",
        "accounts": [
            
        ]
    },
    {
        "id": 1734,
        "username": "OsmzYH",
        "name": null,
        "role": "USER",
        "accounts": [
            
        ]
    },
    {
        "id": 1410,
        "username": "twCgQChcwsj",
        "name": null,
        "role": "USER",
        "accounts": [
            
        ]
    },
    {
        "id": 1395,
        "username": "gsO",
        "name": null,
        "role": "USER",
        "accounts": [
            
        ]
    },
    {
        "id": 318,
        "username": "wI4C",
        "name": null,
        "role": "USER",
        "accounts": [
            
        ]
    },
    {
        "id": 1378,
        "username": "vs3dJH",
        "name": null,
        "role": "USER",
        "accounts": [
            
        ]
    },
    {
        "id": 1987,
        "username": "PFZ45D7",
        "name": null,
        "role": "USER",
        "accounts": [
            
        ]
    },
    {
        "id": 1372,
        "username": "vl38yXm",
        "name": null,
        "role": "USER",
        "accounts": [
            
        ]
    },
    {
        "id": 1849,
        "username": "KJ96tEpE1Agh",
        "name": null,
        "role": "USER",
        "accounts": [
            
        ]
    },
    {
        "id": 1403,
        "username": "4HjmBOAxT",
        "name": null,
        "role": "USER",
        "accounts": [
            
        ]
    },
    {
        "id": 1397,
        "username": "9p2aRwfn",
        "name": null,
        "role": "USER",
        "accounts": [
            
        ]
    },
    {
        "id": 1399,
        "username": "CYRNH4",
        "name": null,
        "role": "USER",
        "accounts": [
            
        ]
    },
    {
        "id": 3138,
        "username": "6PuWPJoYvP2vD",
        "name": null,
        "role": "USER",
        "accounts": [
            
        ]
    },
    {
        "id": 1570,
        "username": "tPPeM0d",
        "name": null,
        "role": "USER",
        "accounts": [
            
        ]
    },
    {
        "id": 3142,
        "username": "3mZS5uduK7No7O",
        "name": null,
        "role": "USER",
        "accounts": [
            
        ]
    },
    {
        "id": 1375,
        "username": "E4KN8LKlXN2Sq",
        "name": null,
        "role": "USER",
        "accounts": [
            
        ]
    },
    {
        "id": 1514,
        "username": "FEMXGwVNjSjOmXm",
        "name": null,
        "role": "USER",
        "accounts": [
            
        ]
    },
    {
        "id": 3146,
        "username": "TWgRPZ4h11p",
        "name": null,
        "role": "USER",
        "accounts": [
            
        ]
    },
    {
        "id": 1384,
        "username": "RDfJiGRD3R",
        "name": null,
        "role": "USER",
        "accounts": [
            
        ]
    },
    {
        "id": 1377,
        "username": "tBCbi",
        "name": null,
        "role": "USER",
        "accounts": [
            
        ]
    },
    {
        "id": 1393,
        "username": "tF7wYnVij460",
        "name": null,
        "role": "USER",
        "accounts": [
            
        ]
    },
    {
        "id": 2,
        "username": "john_doe",
        "name": "John Doe",
        "role": "USER",
        "accounts": [
            {
                "id": 1,
                "accountNumber": "ACC12345678",
                "balance": 1000.00,
                "transactions": [
                    {
                        "id": 1,
                        "amount": 1000.00,
                        "type": "DEPOSIT",
                        "timestamp": "2024-01-01T10:00:00",
                        "relatedAccountId": null
                    }
                ]
            }
        ]
    },
    {
        "id": 1396,
        "username": "XJ3E4w272dv",
        "name": null,
        "role": "USER",
        "accounts": [
            
        ]
    },
    {
        "id": 1386,
        "username": "dzbMsr",
        "name": null,
        "role": "USER",
        "accounts": [
            
        ]
    },
    {
        "id": 1376,
        "username": "aEppdA8",
        "name": null,
        "role": "USER",
        "accounts": [
            
        ]
    },
    {
        "id": 1370,
        "username": "xv6wt9uY7B3T",
        "name": null,
        "role": "USER",
        "accounts": [
            
        ]
    },
    {
        "id": 1413,
        "username": "7E6Q",
        "name": null,
        "role": "USER",
        "accounts": [
            
        ]
    },
    {
        "id": 1390,
        "username": "N3PLUX",
        "name": null,
        "role": "USER",
        "accounts": [
            
        ]
    },
    {
        "id": 4,
        "username": "bob_wilson",
        "name": "Bob Wilson",
        "role": "USER",
        "accounts": [
            {
                "id": 3,
                "accountNumber": "ACC11223344",
                "balance": 500.25,
                "transactions": [
                    {
                        "id": 4,
                        "amount": 500.25,
                        "type": "DEPOSIT",
                        "timestamp": "2024-01-04T16:45:00",
                        "relatedAccountId": null
                    }
                ]
            }
        ]
    },
    {
        "id": 1405,
        "username": "iQbPL4KxKYaJU",
        "name": null,
        "role": "USER",
        "accounts": [
            
        ]
    },
    {
        "id": 1385,
        "username": "oLYEu3iaFkhiju",
        "name": null,
        "role": "USER",
        "accounts": [
            
        ]
    },
    {
        "id": 1379,
        "username": "UiL7V7nREc9HZh",
        "name": null,
        "role": "USER",
        "accounts": [
            
        ]
    },
    {
        "id": 3139,
        "username": "M4EeQ",
        "name": null,
        "role": "USER",
        "accounts": [
            
        ]
    },
    {
        "id": 1404,
        "username": "y78RSY4iUvi99e",
        "name": null,
        "role": "USER",
        "accounts": [
            
        ]
    },
    {
        "id": 1406,
        "username": "IhOYMmcVv",
        "name": null,
        "role": "USER",
        "accounts": [
            
        ]
    },
    {
        "id": 1389,
        "username": "Wwo6xUGbzQ",
        "name": null,
        "role": "USER",
        "accounts": [
            
        ]
    },
    {
        "id": 1401,
        "username": "61Ykb9X5KE",
        "name": null,
        "role": "USER",
        "accounts": [
            
        ]
    },
    {
        "id": 1919,
        "username": "hBSBa1Irk",
        "name": null,
        "role": "USER",
        "accounts": [
            
        ]
    },
    {
        "id": 3144,
        "username": "c9aHwSxPHz9I",
        "name": null,
        "role": "USER",
        "accounts": [
            
        ]
    },
    {
        "id": 1407,
        "username": "3Gs57ZDgm",
        "name": null,
        "role": "USER",
        "accounts": [
            
        ]
    },
    {
        "id": 3143,
        "username": "PDfRJoicUjFp",
        "name": null,
        "role": "USER",
        "accounts": [
            
        ]
    },
    {
        "id": 1381,
        "username": "jhIyOQoz6q0Hd",
        "name": null,
        "role": "USER",
        "accounts": [
            
        ]
    },
    {
        "id": 1391,
        "username": "p39y",
        "name": null,
        "role": "USER",
        "accounts": [
            
        ]
    },
    {
        "id": 1374,
        "username": "3NIqVirjUMGc",
        "name": null,
        "role": "USER",
        "accounts": [
            
        ]
    },
    {
        "id": 3,
        "username": "jane_smith",
        "name": "Jane Smith",
        "role": "USER",
        "accounts": [
            {
                "id": 2,
                "accountNumber": "ACC87654321",
                "balance": 2500.50,
                "transactions": [
                    {
                        "id": 3,
                        "amount": 2500.00,
                        "type": "DEPOSIT",
                        "timestamp": "2024-01-03T09:15:00",
                        "relatedAccountId": null
                    },
                    {
                        "id": 2,
                        "amount": 500.50,
                        "type": "DEPOSIT",
                        "timestamp": "2024-01-02T14:30:00",
                        "relatedAccountId": null
                    }
                ]
            }
        ]
    },
    {
        "id": 1392,
        "username": "mG4XU9QNlHoGe6",
        "name": null,
        "role": "USER",
        "accounts": [
            
        ]
    },
    {
        "id": 1380,
        "username": "3GrqkzvAj7K",
        "name": null,
        "role": "USER",
        "accounts": [
            
        ]
    },
    {
        "id": 1679,
        "username": "7Uu6nwvwifpRpo",
        "name": null,
        "role": "USER",
        "accounts": [
            
        ]
    },
    {
        "id": 846,
        "username": "5Q07wAxVZiDB",
        "name": null,
        "role": "USER",
        "accounts": [
            
        ]
    },
    {
        "id": 1,
        "username": "admin",
        "name": "System Administrator",
        "role": "ADMIN",
        "accounts": [
            
        ]
    },
    {
        "id": 319,
        "username": "JQFNRz2n2k8",
        "name": null,
        "role": "USER",
        "accounts": [
            
        ]
    },
    {
        "id": 1618,
        "username": "HCa",
        "name": null,
        "role": "USER",
        "accounts": [
            
        ]
    },
    {
        "id": 1400,
        "username": "nv3tCbsLsk",
        "name": null,
        "role": "USER",
        "accounts": [
            
        ]
    },
    {
        "id": 1383,
        "username": "NL2SyWb0l",
        "name": null,
        "role": "USER",
        "accounts": [
            
        ]
    },
    {
        "id": 1369,
        "username": "kG8PoAYaaBun",
        "name": null,
        "role": "USER",
        "accounts": [
            
        ]
    },
    {
        "id": 1373,
        "username": "mY2HVIhOON23",
        "name": null,
        "role": "USER",
        "accounts": [
            
        ]
    },
    {
        "id": 1408,
        "username": "ZvtuHBlqP",
        "name": null,
        "role": "USER",
        "accounts": [
            
        ]
    },
    {
        "id": 1411,
        "username": "MELeueqbzy",
        "name": null,
        "role": "USER",
        "accounts": [
            
        ]
    },
    {
        "id": 1423,
        "username": "Pt6JvU101iTnna",
        "name": null,
        "role": "USER",
        "accounts": [
            
        ]
    },
    {
        "id": 1398,
        "username": "nNL",
        "name": null,
        "role": "USER",
        "accounts": [
            
        ]
    },
    {
        "id": 1387,
        "username": "hYK4HgpimKeOce",
        "name": null,
        "role": "USER",
        "accounts": [
            
        ]
    }
]
======== THREAD <<ForkJoinPool-1-worker-3>> TEST FINISHED iteration_1.ui.adminCannotCrateUserWithInvalidDataTest(), TEST DURATION: 3465 MLS
Aug 13, 2026 12:08:17 PM org.openqa.selenium.devtools.DevToolsProvider getImplementation
INFO: WebDriver augmented with DevTools interface; connection will not be verified until first use.
Request method:	POST
Request URI:	http://backend:4111/api/v1/auth/login
Proxy:			<none>
Request params:	<none>
Query params:	<none>
Form params:	<none>
Path params:	<none>
Headers:		Accept=application/json, application/javascript, text/javascript, text/json
				Content-Type=application/json
Cookies:		<none>
Multiparts:		<none>
Body:
{
    "username": "3mZS5uduK7No7O",
    "password": "FVZgpcg170&&"
}
HTTP/1.1 200 
Vary: Origin
Vary: Access-Control-Request-Method
Vary: Access-Control-Request-Headers
Authorization: Basic M21aUzV1ZHVLN05vN086RlZaZ3BjZzE3MCYm
X-Content-Type-Options: nosniff
X-XSS-Protection: 0
Cache-Control: no-cache, no-store, max-age=0, must-revalidate
Pragma: no-cache
Expires: 0
X-Frame-Options: DENY
Content-Type: application/json
Transfer-Encoding: chunked
Date: Thu, 13 Aug 2026 12:08:18 GMT
Keep-Alive: timeout=60
Connection: keep-alive

{
    "role": "USER",
    "username": "3mZS5uduK7No7O"
}
======== THREAD <<ForkJoinPool-1-worker-4>> TEST STARTED iteration_1.ui.userCanCreateAccountTest() ========
Request method:	GET
Request URI:	http://backend:4111/api/v1/customer/accounts
Proxy:			<none>
Request params:	<none>
Query params:	<none>
Form params:	<none>
Path params:	<none>
Headers:		Accept=application/json, application/javascript, text/javascript, text/json
				Authorization=Basic M21aUzV1ZHVLN05vN086RlZaZ3BjZzE3MCYm
				Content-Type=application/json
Cookies:		<none>
Multiparts:		<none>
Body:			<none>
HTTP/1.1 200 
Vary: Origin
Vary: Access-Control-Request-Method
Vary: Access-Control-Request-Headers
X-Content-Type-Options: nosniff
X-XSS-Protection: 0
Cache-Control: no-cache, no-store, max-age=0, must-revalidate
Pragma: no-cache
Expires: 0
X-Frame-Options: DENY
Content-Type: application/json
Transfer-Encoding: chunked
Date: Thu, 13 Aug 2026 12:08:18 GMT
Keep-Alive: timeout=60
Connection: keep-alive

[
    {
        "id": 3133,
        "accountNumber": "ACCF6F118A2",
        "balance": 0.00,
        "transactions": [
            
        ]
    }
]
======== THREAD <<ForkJoinPool-1-worker-4>> TEST FINISHED iteration_1.ui.userCanCreateAccountTest(), TEST DURATION: 597 MLS
Request method:	POST
Request URI:	http://backend:4111/api/v1/auth/login
Proxy:			<none>
Request params:	<none>
Query params:	<none>
Form params:	<none>
Path params:	<none>
Headers:		Accept=application/json, application/javascript, text/javascript, text/json
				Content-Type=application/json
Cookies:		<none>
Multiparts:		<none>
Body:
{
    "username": "6PuWPJoYvP2vD",
    "password": "ULQyzqm401$%"
}
Request method:	DELETE
Request URI:	http://backend:4111/api/v1/admin/users/3142
Proxy:			<none>
Request params:	<none>
Query params:	<none>
Form params:	<none>
Path params:	<none>
Headers:		Accept=application/json, application/javascript, text/javascript, text/json
				Authorization=Basic YWRtaW46YWRtaW4=
				Content-Type=application/json
Cookies:		<none>
Multiparts:		<none>
Body:			<none>
HTTP/1.1 200 
Vary: Origin
Vary: Access-Control-Request-Method
Vary: Access-Control-Request-Headers
Authorization: Basic NlB1V1BKb1l2UDJ2RDpVTFF5enFtNDAxJCU=
X-Content-Type-Options: nosniff
X-XSS-Protection: 0
Cache-Control: no-cache, no-store, max-age=0, must-revalidate
Pragma: no-cache
Expires: 0
X-Frame-Options: DENY
Content-Type: application/json
Transfer-Encoding: chunked
Date: Thu, 13 Aug 2026 12:08:18 GMT
Keep-Alive: timeout=60
Connection: keep-alive

{
    "role": "USER",
    "username": "6PuWPJoYvP2vD"
}
HTTP/1.1 200 
Vary: Origin
Vary: Access-Control-Request-Method
Vary: Access-Control-Request-Headers
X-Content-Type-Options: nosniff
X-XSS-Protection: 0
Cache-Control: no-cache, no-store, max-age=0, must-revalidate
Pragma: no-cache
Expires: 0
X-Frame-Options: DENY
Content-Type: application/json
Content-Length: 39
Date: Thu, 13 Aug 2026 12:08:18 GMT
Keep-Alive: timeout=60
Connection: keep-alive

User with ID 3142 deleted successfully.
======== THREAD <<ForkJoinPool-1-worker-9>> TEST STARTED iteration_2.ui.userCanSearchTransactionWithValidName() ========
Request method:	POST
Request URI:	http://backend:4111/api/v1/accounts
Proxy:			<none>
Request params:	<none>
Query params:	<none>
Form params:	<none>
Path params:	<none>
Headers:		Accept=application/json, application/javascript, text/javascript, text/json
				Authorization=Basic NlB1V1BKb1l2UDJ2RDpVTFF5enFtNDAxJCU=
				Content-Type=application/json
Cookies:		<none>
Multiparts:		<none>
Body:			<none>
Aug 13, 2026 12:08:19 PM org.openqa.selenium.devtools.DevToolsProvider getImplementation
INFO: WebDriver augmented with DevTools interface; connection will not be verified until first use.
HTTP/1.1 201 
Vary: Origin
Vary: Access-Control-Request-Method
Vary: Access-Control-Request-Headers
X-Content-Type-Options: nosniff
X-XSS-Protection: 0
Cache-Control: no-cache, no-store, max-age=0, must-revalidate
Pragma: no-cache
Expires: 0
X-Frame-Options: DENY
Content-Type: application/json
Transfer-Encoding: chunked
Date: Thu, 13 Aug 2026 12:08:18 GMT
Keep-Alive: timeout=60
Connection: keep-alive

{
    "id": 3134,
    "accountNumber": "ACC258A9EF6",
    "balance": 0,
    "transactions": [
        
    ]
}
Request method:	PUT
Request URI:	http://backend:4111/api/v1/customer/profile
Proxy:			<none>
Request params:	<none>
Query params:	<none>
Form params:	<none>
Path params:	<none>
Headers:		Accept=application/json, application/javascript, text/javascript, text/json
				Authorization=Basic NlB1V1BKb1l2UDJ2RDpVTFF5enFtNDAxJCU=
				Content-Type=application/json
Cookies:		<none>
Multiparts:		<none>
Body:
{
    "name": "lBeEPyeYXmNVtUe upbPPjbmlO"
}
HTTP/1.1 200 
Vary: Origin
Vary: Access-Control-Request-Method
Vary: Access-Control-Request-Headers
X-Content-Type-Options: nosniff
X-XSS-Protection: 0
Cache-Control: no-cache, no-store, max-age=0, must-revalidate
Pragma: no-cache
Expires: 0
X-Frame-Options: DENY
Content-Type: application/json
Transfer-Encoding: chunked
Date: Thu, 13 Aug 2026 12:08:19 GMT
Keep-Alive: timeout=60
Connection: keep-alive

{
    "customer": {
        "id": 3138,
        "username": "6PuWPJoYvP2vD",
        "password": "$2a$10$m3cLiuTwUpKhcMND3tDiReFNZvo6vMEAJ7f5fFprX1GXOmlO.yIeK",
        "name": "lBeEPyeYXmNVtUe upbPPjbmlO",
        "role": "USER",
        "accounts": [
            {
                "id": 3134,
                "accountNumber": "ACC258A9EF6",
                "balance": 0.00,
                "transactions": [
                    
                ]
            }
        ]
    },
    "message": "Profile updated successfully"
}
Request method:	POST
Request URI:	http://backend:4111/api/v1/accounts/deposit
Proxy:			<none>
Request params:	<none>
Query params:	<none>
Form params:	<none>
Path params:	<none>
Headers:		Accept=application/json, application/javascript, text/javascript, text/json
				Authorization=Basic NlB1V1BKb1l2UDJ2RDpVTFF5enFtNDAxJCU=
				Content-Type=application/json
Cookies:		<none>
Multiparts:		<none>
Body:
{
    "id": 3134,
    "balance": 5000.0
}
HTTP/1.1 200 
Vary: Origin
Vary: Access-Control-Request-Method
Vary: Access-Control-Request-Headers
X-Content-Type-Options: nosniff
X-XSS-Protection: 0
Cache-Control: no-cache, no-store, max-age=0, must-revalidate
Pragma: no-cache
Expires: 0
X-Frame-Options: DENY
Content-Type: application/json
Transfer-Encoding: chunked
Date: Thu, 13 Aug 2026 12:08:19 GMT
Keep-Alive: timeout=60
Connection: keep-alive

{
    "id": 3134,
    "accountNumber": "ACC258A9EF6",
    "balance": 5000.00,
    "transactions": [
        {
            "id": 2870,
            "amount": 5000.0,
            "type": "DEPOSIT",
            "timestamp": "2026-08-13T12:08:19.411674752",
            "timestampAsString": "2026-08-13T12:08:19.411674752",
            "relatedAccountId": 3134,
            "amountAsDouble": 5000.0
        }
    ]
}
Aug 13, 2026 12:08:19 PM org.openqa.selenium.devtools.DevToolsProvider getImplementation
INFO: WebDriver augmented with DevTools interface; connection will not be verified until first use.
Aug 13, 2026 12:08:19 PM org.openqa.selenium.devtools.DevToolsProvider getImplementation
INFO: WebDriver augmented with DevTools interface; connection will not be verified until first use.
======== THREAD <<ForkJoinPool-1-worker-9>> TEST FINISHED iteration_2.ui.userCanSearchTransactionWithValidName(), TEST DURATION: 1101 MLS
Request method:	POST
Request URI:	http://backend:4111/api/v1/auth/login
Proxy:			<none>
Request params:	<none>
Query params:	<none>
Form params:	<none>
Path params:	<none>
Headers:		Accept=application/json, application/javascript, text/javascript, text/json
				Content-Type=application/json
Cookies:		<none>
Multiparts:		<none>
Body:
{
    "username": "M4EeQ",
    "password": "PECoqtk545$&"
}
Request method:	DELETE
Request URI:	http://backend:4111/api/v1/admin/users/3138
Proxy:			<none>
Request params:	<none>
Query params:	<none>
Form params:	<none>
Path params:	<none>
Headers:		Accept=application/json, application/javascript, text/javascript, text/json
				Authorization=Basic YWRtaW46YWRtaW4=
				Content-Type=application/json
Cookies:		<none>
Multiparts:		<none>
Body:			<none>
HTTP/1.1 200 
Vary: Origin
Vary: Access-Control-Request-Method
Vary: Access-Control-Request-Headers
Authorization: Basic TTRFZVE6UEVDb3F0azU0NSQm
X-Content-Type-Options: nosniff
X-XSS-Protection: 0
Cache-Control: no-cache, no-store, max-age=0, must-revalidate
Pragma: no-cache
Expires: 0
X-Frame-Options: DENY
Content-Type: application/json
Transfer-Encoding: chunked
Date: Thu, 13 Aug 2026 12:08:19 GMT
Keep-Alive: timeout=60
Connection: keep-alive

{
    "role": "USER",
    "username": "M4EeQ"
}
======== THREAD <<ForkJoinPool-1-worker-1>> TEST STARTED iteration_2.ui.userCannotUpdateNameWithInvalidDataTest() ========
HTTP/1.1 200 
Vary: Origin
Vary: Access-Control-Request-Method
Vary: Access-Control-Request-Headers
X-Content-Type-Options: nosniff
X-XSS-Protection: 0
Cache-Control: no-cache, no-store, max-age=0, must-revalidate
Pragma: no-cache
Expires: 0
X-Frame-Options: DENY
Content-Type: application/json
Content-Length: 39
Date: Thu, 13 Aug 2026 12:08:20 GMT
Keep-Alive: timeout=60
Connection: keep-alive

User with ID 3138 deleted successfully.
Request method:	POST
Request URI:	http://backend:4111/api/v1/auth/login
Proxy:			<none>
Request params:	<none>
Query params:	<none>
Form params:	<none>
Path params:	<none>
Headers:		Accept=application/json, application/javascript, text/javascript, text/json
				Content-Type=application/json
Cookies:		<none>
Multiparts:		<none>
Body:
{
    "username": "PDfRJoicUjFp",
    "password": "GSFrzux958$%"
}
HTTP/1.1 200 
Vary: Origin
Vary: Access-Control-Request-Method
Vary: Access-Control-Request-Headers
Authorization: Basic UERmUkpvaWNVakZwOkdTRnJ6dXg5NTgkJQ==
X-Content-Type-Options: nosniff
X-XSS-Protection: 0
Cache-Control: no-cache, no-store, max-age=0, must-revalidate
Pragma: no-cache
Expires: 0
X-Frame-Options: DENY
Content-Type: application/json
Transfer-Encoding: chunked
Date: Thu, 13 Aug 2026 12:08:20 GMT
Keep-Alive: timeout=60
Connection: keep-alive

{
    "role": "USER",
    "username": "PDfRJoicUjFp"
}
======== THREAD <<ForkJoinPool-1-worker-8>> TEST STARTED iteration_2.ui.userCannotSearchTransactionWithInvalidName() ========
Request method:	POST
Request URI:	http://backend:4111/api/v1/accounts
Proxy:			<none>
Request params:	<none>
Query params:	<none>
Form params:	<none>
Path params:	<none>
Headers:		Accept=application/json, application/javascript, text/javascript, text/json
				Authorization=Basic UERmUkpvaWNVakZwOkdTRnJ6dXg5NTgkJQ==
				Content-Type=application/json
Cookies:		<none>
Multiparts:		<none>
Body:			<none>
HTTP/1.1 201 
Vary: Origin
Vary: Access-Control-Request-Method
Vary: Access-Control-Request-Headers
X-Content-Type-Options: nosniff
X-XSS-Protection: 0
Cache-Control: no-cache, no-store, max-age=0, must-revalidate
Pragma: no-cache
Expires: 0
X-Frame-Options: DENY
Content-Type: application/json
Transfer-Encoding: chunked
Date: Thu, 13 Aug 2026 12:08:20 GMT
Keep-Alive: timeout=60
Connection: keep-alive

{
    "id": 3135,
    "accountNumber": "ACC7C48019E",
    "balance": 0,
    "transactions": [
        
    ]
}
Request method:	PUT
Request URI:	http://backend:4111/api/v1/customer/profile
Proxy:			<none>
Request params:	<none>
Query params:	<none>
Form params:	<none>
Path params:	<none>
Headers:		Accept=application/json, application/javascript, text/javascript, text/json
				Authorization=Basic UERmUkpvaWNVakZwOkdTRnJ6dXg5NTgkJQ==
				Content-Type=application/json
Cookies:		<none>
Multiparts:		<none>
Body:
{
    "name": "kdQWQxXSpy oGBtYrKnZdzvkzU"
}
HTTP/1.1 200 
Vary: Origin
Vary: Access-Control-Request-Method
Vary: Access-Control-Request-Headers
X-Content-Type-Options: nosniff
X-XSS-Protection: 0
Cache-Control: no-cache, no-store, max-age=0, must-revalidate
Pragma: no-cache
Expires: 0
X-Frame-Options: DENY
Content-Type: application/json
Transfer-Encoding: chunked
Date: Thu, 13 Aug 2026 12:08:20 GMT
Keep-Alive: timeout=60
Connection: keep-alive

{
    "customer": {
        "id": 3143,
        "username": "PDfRJoicUjFp",
        "password": "$2a$10$xmth1nIPEmR6zmkdgTpb5.EwNe9uF.p903F2WwWvFkaMYWMDQ5lQ2",
        "name": "kdQWQxXSpy oGBtYrKnZdzvkzU",
        "role": "USER",
        "accounts": [
            {
                "id": 3135,
                "accountNumber": "ACC7C48019E",
                "balance": 0.00,
                "transactions": [
                    
                ]
            }
        ]
    },
    "message": "Profile updated successfully"
}
Request method:	POST
Request URI:	http://backend:4111/api/v1/accounts/deposit
Proxy:			<none>
Request params:	<none>
Query params:	<none>
Form params:	<none>
Path params:	<none>
Headers:		Accept=application/json, application/javascript, text/javascript, text/json
				Authorization=Basic UERmUkpvaWNVakZwOkdTRnJ6dXg5NTgkJQ==
				Content-Type=application/json
Cookies:		<none>
Multiparts:		<none>
Body:
{
    "id": 3135,
    "balance": 5000.0
}
HTTP/1.1 200 
Vary: Origin
Vary: Access-Control-Request-Method
Vary: Access-Control-Request-Headers
X-Content-Type-Options: nosniff
X-XSS-Protection: 0
Cache-Control: no-cache, no-store, max-age=0, must-revalidate
Pragma: no-cache
Expires: 0
X-Frame-Options: DENY
Content-Type: application/json
Transfer-Encoding: chunked
Date: Thu, 13 Aug 2026 12:08:20 GMT
Keep-Alive: timeout=60
Connection: keep-alive

{
    "id": 3135,
    "accountNumber": "ACC7C48019E",
    "balance": 5000.00,
    "transactions": [
        {
            "id": 2871,
            "amount": 5000.0,
            "type": "DEPOSIT",
            "timestamp": "2026-08-13T12:08:21.022652712",
            "timestampAsString": "2026-08-13T12:08:21.022652712",
            "relatedAccountId": 3135,
            "amountAsDouble": 5000.0
        }
    ]
}
======== THREAD <<ForkJoinPool-1-worker-1>> TEST FINISHED iteration_2.ui.userCannotUpdateNameWithInvalidDataTest(), TEST DURATION: 693 MLS
Request method:	DELETE
Request URI:	http://backend:4111/api/v1/admin/users/3139
Proxy:			<none>
Request params:	<none>
Query params:	<none>
Form params:	<none>
Path params:	<none>
Headers:		Accept=application/json, application/javascript, text/javascript, text/json
				Authorization=Basic YWRtaW46YWRtaW4=
				Content-Type=application/json
Cookies:		<none>
Multiparts:		<none>
Body:			<none>
HTTP/1.1 200 
Vary: Origin
Vary: Access-Control-Request-Method
Vary: Access-Control-Request-Headers
X-Content-Type-Options: nosniff
X-XSS-Protection: 0
Cache-Control: no-cache, no-store, max-age=0, must-revalidate
Pragma: no-cache
Expires: 0
X-Frame-Options: DENY
Content-Type: application/json
Content-Length: 39
Date: Thu, 13 Aug 2026 12:08:20 GMT
Keep-Alive: timeout=60
Connection: keep-alive

User with ID 3139 deleted successfully.
Aug 13, 2026 12:08:21 PM org.openqa.selenium.devtools.DevToolsProvider getImplementation
INFO: WebDriver augmented with DevTools interface; connection will not be verified until first use.
======== THREAD <<ForkJoinPool-1-worker-8>> TEST FINISHED iteration_2.ui.userCannotSearchTransactionWithInvalidName(), TEST DURATION: 784 MLS
======== THREAD <<ForkJoinPool-1-worker-11>> TEST FINISHED iteration_1.ui.userCanLoginWithCorrectDataTest(), TEST DURATION: 10351 MLS
Request method:	DELETE
Request URI:	http://backend:4111/api/v1/admin/users/3143
Proxy:			<none>
Request params:	<none>
Query params:	<none>
Form params:	<none>
Path params:	<none>
Headers:		Accept=application/json, application/javascript, text/javascript, text/json
				Authorization=Basic YWRtaW46YWRtaW4=
				Content-Type=application/json
Cookies:		<none>
Multiparts:		<none>
Body:			<none>
Request method:	DELETE
Request URI:	http://backend:4111/api/v1/admin/users/3145
Proxy:			<none>
Request params:	<none>
Query params:	<none>
Form params:	<none>
Path params:	<none>
Headers:		Accept=application/json, application/javascript, text/javascript, text/json
				Authorization=Basic YWRtaW46YWRtaW4=
				Content-Type=application/json
Cookies:		<none>
Multiparts:		<none>
Body:			<none>
HTTP/1.1 200 
Vary: Origin
Vary: Access-Control-Request-Method
Vary: Access-Control-Request-Headers
X-Content-Type-Options: nosniff
X-XSS-Protection: 0
Cache-Control: no-cache, no-store, max-age=0, must-revalidate
Pragma: no-cache
Expires: 0
X-Frame-Options: DENY
Content-Type: application/json
Content-Length: 39
Date: Thu, 13 Aug 2026 12:08:21 GMT
Keep-Alive: timeout=60
Connection: keep-alive

User with ID 3143 deleted successfully.
HTTP/1.1 200 
Vary: Origin
Vary: Access-Control-Request-Method
Vary: Access-Control-Request-Headers
X-Content-Type-Options: nosniff
X-XSS-Protection: 0
Cache-Control: no-cache, no-store, max-age=0, must-revalidate
Pragma: no-cache
Expires: 0
X-Frame-Options: DENY
Content-Type: application/json
Content-Length: 39
Date: Thu, 13 Aug 2026 12:08:21 GMT
Keep-Alive: timeout=60
Connection: keep-alive

User with ID 3145 deleted successfully.
Request method:	POST
Request URI:	http://backend:4111/api/v1/auth/login
Proxy:			<none>
Request params:	<none>
Query params:	<none>
Form params:	<none>
Path params:	<none>
Headers:		Accept=application/json, application/javascript, text/javascript, text/json
				Content-Type=application/json
Cookies:		<none>
Multiparts:		<none>
Body:
{
    "username": "c9aHwSxPHz9I",
    "password": "PDQysgi693$$"
}
HTTP/1.1 200 
Vary: Origin
Vary: Access-Control-Request-Method
Vary: Access-Control-Request-Headers
Authorization: Basic YzlhSHdTeFBIejlJOlBEUXlzZ2k2OTMkJA==
X-Content-Type-Options: nosniff
X-XSS-Protection: 0
Cache-Control: no-cache, no-store, max-age=0, must-revalidate
Pragma: no-cache
Expires: 0
X-Frame-Options: DENY
Content-Type: application/json
Transfer-Encoding: chunked
Date: Thu, 13 Aug 2026 12:08:21 GMT
Keep-Alive: timeout=60
Connection: keep-alive

{
    "role": "USER",
    "username": "c9aHwSxPHz9I"
}
======== THREAD <<ForkJoinPool-1-worker-10>> TEST STARTED iteration_2.ui.userCannotDepositWithoutSelectedAccountTest() ========
Request method:	POST
Request URI:	http://backend:4111/api/v1/accounts
Proxy:			<none>
Request params:	<none>
Query params:	<none>
Form params:	<none>
Path params:	<none>
Headers:		Accept=application/json, application/javascript, text/javascript, text/json
				Authorization=Basic YzlhSHdTeFBIejlJOlBEUXlzZ2k2OTMkJA==
				Content-Type=application/json
Cookies:		<none>
Multiparts:		<none>
Body:			<none>
HTTP/1.1 201 
Vary: Origin
Vary: Access-Control-Request-Method
Vary: Access-Control-Request-Headers
X-Content-Type-Options: nosniff
X-XSS-Protection: 0
Cache-Control: no-cache, no-store, max-age=0, must-revalidate
Pragma: no-cache
Expires: 0
X-Frame-Options: DENY
Content-Type: application/json
Transfer-Encoding: chunked
Date: Thu, 13 Aug 2026 12:08:22 GMT
Keep-Alive: timeout=60
Connection: keep-alive

{
    "id": 3136,
    "accountNumber": "ACC3C8CB21F",
    "balance": 0,
    "transactions": [
        
    ]
}
Aug 13, 2026 12:08:22 PM org.openqa.selenium.devtools.DevToolsProvider getImplementation
INFO: WebDriver augmented with DevTools interface; connection will not be verified until first use.
======== THREAD <<ForkJoinPool-1-worker-10>> TEST FINISHED iteration_2.ui.userCannotDepositWithoutSelectedAccountTest(), TEST DURATION: 275 MLS
Request method:	DELETE
Request URI:	http://backend:4111/api/v1/admin/users/3144
Proxy:			<none>
Request params:	<none>
Query params:	<none>
Form params:	<none>
Path params:	<none>
Headers:		Accept=application/json, application/javascript, text/javascript, text/json
				Authorization=Basic YWRtaW46YWRtaW4=
				Content-Type=application/json
Cookies:		<none>
Multiparts:		<none>
Body:			<none>
HTTP/1.1 200 
Vary: Origin
Vary: Access-Control-Request-Method
Vary: Access-Control-Request-Headers
X-Content-Type-Options: nosniff
X-XSS-Protection: 0
Cache-Control: no-cache, no-store, max-age=0, must-revalidate
Pragma: no-cache
Expires: 0
X-Frame-Options: DENY
Content-Type: application/json
Content-Length: 39
Date: Thu, 13 Aug 2026 12:08:22 GMT
Keep-Alive: timeout=60
Connection: keep-alive

User with ID 3144 deleted successfully.
Request method:	POST
Request URI:	http://backend:4111/api/v1/auth/login
Proxy:			<none>
Request params:	<none>
Query params:	<none>
Form params:	<none>
Path params:	<none>
Headers:		Accept=application/json, application/javascript, text/javascript, text/json
				Content-Type=application/json
Cookies:		<none>
Multiparts:		<none>
Body:
{
    "username": "TWgRPZ4h11p",
    "password": "FRTlasw070$&"
}
HTTP/1.1 200 
Vary: Origin
Vary: Access-Control-Request-Method
Vary: Access-Control-Request-Headers
Authorization: Basic VFdnUlBaNGgxMXA6RlJUbGFzdzA3MCQm
X-Content-Type-Options: nosniff
X-XSS-Protection: 0
Cache-Control: no-cache, no-store, max-age=0, must-revalidate
Pragma: no-cache
Expires: 0
X-Frame-Options: DENY
Content-Type: application/json
Transfer-Encoding: chunked
Date: Thu, 13 Aug 2026 12:08:22 GMT
Keep-Alive: timeout=60
Connection: keep-alive

{
    "role": "USER",
    "username": "TWgRPZ4h11p"
}
======== THREAD <<ForkJoinPool-1-worker-13>> TEST STARTED iteration_2.ui.userCannotTransferWithoutConfirmTest() ========
Request method:	POST
Request URI:	http://backend:4111/api/v1/accounts
Proxy:			<none>
Request params:	<none>
Query params:	<none>
Form params:	<none>
Path params:	<none>
Headers:		Accept=application/json, application/javascript, text/javascript, text/json
				Authorization=Basic VFdnUlBaNGgxMXA6RlJUbGFzdzA3MCQm
				Content-Type=application/json
Cookies:		<none>
Multiparts:		<none>
Body:			<none>
HTTP/1.1 201 
Vary: Origin
Vary: Access-Control-Request-Method
Vary: Access-Control-Request-Headers
X-Content-Type-Options: nosniff
X-XSS-Protection: 0
Cache-Control: no-cache, no-store, max-age=0, must-revalidate
Pragma: no-cache
Expires: 0
X-Frame-Options: DENY
Content-Type: application/json
Transfer-Encoding: chunked
Date: Thu, 13 Aug 2026 12:08:22 GMT
Keep-Alive: timeout=60
Connection: keep-alive

{
    "id": 3137,
    "accountNumber": "ACC55B29022",
    "balance": 0,
    "transactions": [
        
    ]
}
Request method:	POST
Request URI:	http://backend:4111/api/v1/accounts
Proxy:			<none>
Request params:	<none>
Query params:	<none>
Form params:	<none>
Path params:	<none>
Headers:		Accept=application/json, application/javascript, text/javascript, text/json
				Authorization=Basic VFdnUlBaNGgxMXA6RlJUbGFzdzA3MCQm
				Content-Type=application/json
Cookies:		<none>
Multiparts:		<none>
Body:			<none>
HTTP/1.1 201 
Vary: Origin
Vary: Access-Control-Request-Method
Vary: Access-Control-Request-Headers
X-Content-Type-Options: nosniff
X-XSS-Protection: 0
Cache-Control: no-cache, no-store, max-age=0, must-revalidate
Pragma: no-cache
Expires: 0
X-Frame-Options: DENY
Content-Type: application/json
Transfer-Encoding: chunked
Date: Thu, 13 Aug 2026 12:08:22 GMT
Keep-Alive: timeout=60
Connection: keep-alive

{
    "id": 3138,
    "accountNumber": "ACC90F6712D",
    "balance": 0,
    "transactions": [
        
    ]
}
Request method:	POST
Request URI:	http://backend:4111/api/v1/accounts/deposit
Proxy:			<none>
Request params:	<none>
Query params:	<none>
Form params:	<none>
Path params:	<none>
Headers:		Accept=application/json, application/javascript, text/javascript, text/json
				Authorization=Basic VFdnUlBaNGgxMXA6RlJUbGFzdzA3MCQm
				Content-Type=application/json
Cookies:		<none>
Multiparts:		<none>
Body:
{
    "id": 3137,
    "balance": 5000.0
}
HTTP/1.1 200 
Vary: Origin
Vary: Access-Control-Request-Method
Vary: Access-Control-Request-Headers
X-Content-Type-Options: nosniff
X-XSS-Protection: 0
Cache-Control: no-cache, no-store, max-age=0, must-revalidate
Pragma: no-cache
Expires: 0
X-Frame-Options: DENY
Content-Type: application/json
Transfer-Encoding: chunked
Date: Thu, 13 Aug 2026 12:08:23 GMT
Keep-Alive: timeout=60
Connection: keep-alive

{
    "id": 3137,
    "accountNumber": "ACC55B29022",
    "balance": 5000.00,
    "transactions": [
        {
            "id": 2872,
            "amount": 5000.0,
            "type": "DEPOSIT",
            "timestamp": "2026-08-13T12:08:23.479257963",
            "timestampAsString": "2026-08-13T12:08:23.479257963",
            "relatedAccountId": 3137,
            "amountAsDouble": 5000.0
        }
    ]
}
======== THREAD <<ForkJoinPool-1-worker-13>> TEST FINISHED iteration_2.ui.userCannotTransferWithoutConfirmTest(), TEST DURATION: 998 MLS
Request method:	DELETE
Request URI:	http://backend:4111/api/v1/admin/users/3146
Proxy:			<none>
Request params:	<none>
Query params:	<none>
Form params:	<none>
Path params:	<none>
Headers:		Accept=application/json, application/javascript, text/javascript, text/json
				Authorization=Basic YWRtaW46YWRtaW4=
				Content-Type=application/json
Cookies:		<none>
Multiparts:		<none>
Body:			<none>
HTTP/1.1 200 
Vary: Origin
Vary: Access-Control-Request-Method
Vary: Access-Control-Request-Headers
X-Content-Type-Options: nosniff
X-XSS-Protection: 0
Cache-Control: no-cache, no-store, max-age=0, must-revalidate
Pragma: no-cache
Expires: 0
X-Frame-Options: DENY
Content-Type: application/json
Content-Length: 39
Date: Thu, 13 Aug 2026 12:08:23 GMT
Keep-Alive: timeout=60
Connection: keep-alive

User with ID 3146 deleted successfully.
>>> Running surefire-report:report
[INFO] Maven Build Time Profiler started. (Version 0.5.0)
[INFO] Scanning for projects...
[INFO] 
[INFO] ----------------------< org.example:nbank-tests >-----------------------
[INFO] Building nbank-tests 1.0-SNAPSHOT
[INFO]   from pom.xml
[INFO] --------------------------------[ jar ]---------------------------------
[INFO] 
[INFO] >>> surefire-report:3.2.5:report (default-cli) > [surefire]test @ nbank-tests >>>
[INFO] 
[INFO] --- resources:3.3.1:resources (default-resources) @ nbank-tests ---
[INFO] Copying 3 resources from src/main/resources to target/classes
[INFO] 
[INFO] --- compiler:3.11.0:compile (default-compile) @ nbank-tests ---
[INFO] Nothing to compile - all classes are up to date
[INFO] 
[INFO] --- resources:3.3.1:testResources (default-testResources) @ nbank-tests ---
[INFO] Copying 2 resources from src/test/resources to target/test-classes
[INFO] 
[INFO] --- compiler:3.11.0:testCompile (default-testCompile) @ nbank-tests ---
[INFO] Nothing to compile - all classes are up to date
[INFO] 
[INFO] --- surefire:3.2.5:test (default-test) @ nbank-tests ---
[INFO] Tests are skipped.
[INFO] 
[INFO] <<< surefire-report:3.2.5:report (default-cli) < [surefire]test @ nbank-tests <<<
[INFO] 
[INFO] 
[INFO] --- surefire-report:3.2.5:report (default-cli) @ nbank-tests ---
Downloading from central: https://repo.maven.apache.org/maven2/org/apache/maven/skins/maven-default-skin/1.3/maven-default-skin-1.3.jar
Progress (1): 0.9/14 kBProgress (1): 2.3/14 kBProgress (1): 3.6/14 kBProgress (1): 5.0/14 kBProgress (1): 6.4/14 kBProgress (1): 7.7/14 kBProgress (1): 9.1/14 kBProgress (1): 10/14 kB Progress (1): 12/14 kBProgress (1): 13/14 kBProgress (1): 14 kB                      Downloaded from central: https://repo.maven.apache.org/maven2/org/apache/maven/skins/maven-default-skin/1.3/maven-default-skin-1.3.jar (14 kB at 53 kB/s)
[INFO] Rendering content with org.apache.maven.skins:maven-default-skin:jar:1.3 skin.
[WARNING] Unable to locate Test Source XRef to link to - DISABLED
[INFO] MBTP: Session Ended
[INFO] ------------------------------------------------------------------------
[INFO] BUILD SUCCESS
[INFO] ------------------------------------------------------------------------
[INFO] Total time:  0.875 s
[INFO] Finished at: 2026-08-13T12:08:25Z
[INFO] ------------------------------------------------------------------------
[INFO] --             Maven Build Time Profiler Summary                      --
[INFO] ------------------------------------------------------------------------
[INFO] Project discovery time:       13 ms
[INFO] ------------------------------------------------------------------------
[INFO] Project Build Time (reactor order):
[INFO] 
[INFO] nbank-tests:
[INFO]           65 ms : process-resources
[INFO]           37 ms : compile
[INFO]            2 ms : process-test-resources
[INFO]            4 ms : test-compile
[INFO]           59 ms : test
[INFO] ------------------------------------------------------------------------
[INFO] Lifecycle Phase summary:
[INFO] 
[INFO]       65 ms : process-resources
[INFO]       37 ms : compile
[INFO]        2 ms : process-test-resources
[INFO]        4 ms : test-compile
[INFO]       59 ms : test
[INFO] ------------------------------------------------------------------------
[INFO] Plugins in lifecycle Phases:
[INFO] 
[INFO] process-resources:
[INFO]       65 ms: org.apache.maven.plugins:maven-resources-plugin:3.3.1:resources (default-resources)
[INFO] compile:
[INFO]       37 ms: org.apache.maven.plugins:maven-compiler-plugin:3.11.0:compile (default-compile)
[INFO] process-test-resources:
[INFO]        2 ms: org.apache.maven.plugins:maven-resources-plugin:3.3.1:testResources (default-testResources)
[INFO] test-compile:
[INFO]        4 ms: org.apache.maven.plugins:maven-compiler-plugin:3.11.0:testCompile (default-testCompile)
[INFO] test:
[INFO]       59 ms: org.apache.maven.plugins:maven-surefire-plugin:3.2.5:test (default-test)
[INFO] 
[INFO]      167 ms plugins execution summary.
[INFO] ------------------------------------------------------------------------
[INFO] Plugins directly called via goals:
[INFO] 
[INFO]      538 ms : org.apache.maven.plugins:maven-surefire-report-plugin:3.2.5:report (default-cli)
[INFO] ------------------------------------------------------------------------
[INFO] Artifact Download summary:
[INFO]      326 ms : org.apache.maven.skins:maven-default-skin:1.3:jar (13,779 bytes)
[INFO] 
[INFO] 326 ms  13,779 bytes. 0.04 MiB / s
[INFO] ForkTime: 281
[INFO] ProjectTimer: org.example:nbank-tests:jar:1.0-SNAPSHOT : 281
